Component: ARM Compiler 6.7 Tool: armlink [5c9ef700]

==============================================================================

Section Cross References

    gpio.o(.ARM.exidx.text.configureGPIOinput) refers to gpio.o(.text.configureGPIOinput) for [Anonymous Symbol]
    gpio.o(.ARM.exidx.text.configureGPIOoutput) refers to gpio.o(.text.configureGPIOoutput) for [Anonymous Symbol]
    gpio.o(.ARM.exidx.text.isPressed) refers to gpio.o(.text.isPressed) for [Anonymous Symbol]
    gpio.o(.ARM.exidx.text.audioToggle) refers to gpio.o(.text.audioToggle) for [Anonymous Symbol]
    main.o(.text.toneTask) refers to cmsis_os1.o(.text.osSignalWait) for osSignalWait
    main.o(.text.toneTask) refers to pit.o(.text.stopTimer) for stopTimer
    main.o(.text.toneTask) refers to pit.o(.text.setTimer) for setTimer
    main.o(.text.toneTask) refers to pit.o(.text.startTimer) for startTimer
    main.o(.text.toneTask) refers to cmsis_os1.o(.text.osSignalClear) for osSignalClear
    main.o(.text.toneTask) refers to main.o(.bss.t_tone) for t_tone
    main.o(.ARM.exidx.text.toneTask) refers to main.o(.text.toneTask) for [Anonymous Symbol]
    main.o(.text.buttonTask) refers to rtx_delay.o(.text.osDelay) for osDelay
    main.o(.text.buttonTask) refers to gpio.o(.text.isPressed) for isPressed
    main.o(.text.buttonTask) refers to cmsis_os1.o(.text.osSignalSet) for osSignalSet
    main.o(.text.buttonTask) refers to main.o(.bss.t_tone) for t_tone
    main.o(.ARM.exidx.text.buttonTask) refers to main.o(.text.buttonTask) for [Anonymous Symbol]
    main.o(.text.main) refers to gpio.o(.text.configureGPIOinput) for configureGPIOinput
    main.o(.text.main) refers to gpio.o(.text.configureGPIOoutput) for configureGPIOoutput
    main.o(.text.main) refers to pit.o(.text.configurePIT) for configurePIT
    main.o(.text.main) refers to pit.o(.text.setTimer) for setTimer
    main.o(.text.main) refers to tpm_pwm.o(.text.configureTPM0forPWM) for configureTPM0forPWM
    main.o(.text.main) refers to tpm_pwm.o(.text.setPWMDuty) for setPWMDuty
    main.o(.text.main) refers to system_mkl25z4.o(.text.SystemCoreClockUpdate) for SystemCoreClockUpdate
    main.o(.text.main) refers to rtx_kernel.o(.text.osKernelInitialize) for osKernelInitialize
    main.o(.text.main) refers to cmsis_os1.o(.text.osThreadCreate) for osThreadCreate
    main.o(.text.main) refers to rtx_kernel.o(.text.osKernelStart) for osKernelStart
    main.o(.text.main) refers to main.o(.rodata.os_thread_def_toneTask) for os_thread_def_toneTask
    main.o(.text.main) refers to main.o(.bss.t_tone) for t_tone
    main.o(.text.main) refers to main.o(.rodata.os_thread_def_buttonTask) for os_thread_def_buttonTask
    main.o(.text.main) refers to main.o(.bss.t_button) for t_button
    main.o(.ARM.exidx.text.main) refers to main.o(.text.main) for [Anonymous Symbol]
    main.o(.rodata.os_thread_def_buttonTask) refers to main.o(.text.buttonTask) for buttonTask
    main.o(.rodata.os_thread_def_buttonTask) refers to main.o(.bss.os.thread.cb) for [Anonymous Symbol]
    main.o(.rodata.os_thread_def_toneTask) refers to main.o(.text.toneTask) for toneTask
    main.o(.rodata.os_thread_def_toneTask) refers to main.o(.bss.os.thread.cb) for [Anonymous Symbol]
    pit.o(.ARM.exidx.text.configurePIT) refers to pit.o(.text.configurePIT) for [Anonymous Symbol]
    pit.o(.ARM.exidx.text.startTimer) refers to pit.o(.text.startTimer) for [Anonymous Symbol]
    pit.o(.ARM.exidx.text.stopTimer) refers to pit.o(.text.stopTimer) for [Anonymous Symbol]
    pit.o(.ARM.exidx.text.setTimer) refers to pit.o(.text.setTimer) for [Anonymous Symbol]
    pit.o(.text.PIT_IRQHandler) refers to gpio.o(.text.audioToggle) for audioToggle
    pit.o(.ARM.exidx.text.PIT_IRQHandler) refers to pit.o(.text.PIT_IRQHandler) for [Anonymous Symbol]
    tpm_pwm.o(.ARM.exidx.text.configureTPM0forPWM) refers to tpm_pwm.o(.text.configureTPM0forPWM) for [Anonymous Symbol]
    tpm_pwm.o(.ARM.exidx.text.setPWMDuty) refers to tpm_pwm.o(.text.setPWMDuty) for [Anonymous Symbol]
    cmsis_os1.o(.text.osThreadCreate) refers to rtx_thread.o(.text.osThreadNew) for osThreadNew
    cmsis_os1.o(.ARM.exidx.text.osThreadCreate) refers to cmsis_os1.o(.text.osThreadCreate) for [Anonymous Symbol]
    cmsis_os1.o(.text.osSignalSet) refers to rtx_thread.o(.text.osThreadFlagsSet) for osThreadFlagsSet
    cmsis_os1.o(.ARM.exidx.text.osSignalSet) refers to cmsis_os1.o(.text.osSignalSet) for [Anonymous Symbol]
    cmsis_os1.o(.text.osSignalClear) refers to rtx_thread.o(.text.osThreadGetId) for osThreadGetId
    cmsis_os1.o(.text.osSignalClear) refers to rtx_thread.o(.text.osThreadFlagsClear) for osThreadFlagsClear
    cmsis_os1.o(.ARM.exidx.text.osSignalClear) refers to cmsis_os1.o(.text.osSignalClear) for [Anonymous Symbol]
    cmsis_os1.o(.text.osSignalWait) refers to rtx_thread.o(.text.osThreadFlagsWait) for osThreadFlagsWait
[...]
    Removing rtx_msgqueue.o(.ARM.exidx.text.osMessageQueueNew), (8 bytes).
    Removing rtx_msgqueue.o(.text.osMessageQueueGetName), (36 bytes).
    Removing rtx_msgqueue.o(.ARM.exidx.text.osMessageQueueGetName), (8 bytes).
    Removing rtx_msgqueue.o(.ARM.exidx.text.osMessageQueuePut), (8 bytes).
    Removing rtx_msgqueue.o(.ARM.exidx.text.osMessageQueueGet), (8 bytes).
    Removing rtx_msgqueue.o(.text.osMessageQueueGetCapacity), (36 bytes).
    Removing rtx_msgqueue.o(.ARM.exidx.text.osMessageQueueGetCapacity), (8 bytes).
    Removing rtx_msgqueue.o(.text.osMessageQueueGetMsgSize), (36 bytes).
    Removing rtx_msgqueue.o(.ARM.exidx.text.osMessageQueueGetMsgSize), (8 bytes).
    Removing rtx_msgqueue.o(.text.osMessageQueueGetCount), (36 bytes).
    Removing rtx_msgqueue.o(.ARM.exidx.text.osMessageQueueGetCount), (8 bytes).
    Removing rtx_msgqueue.o(.text.osMessageQueueGetSpace), (36 bytes).
    Removing rtx_msgqueue.o(.ARM.exidx.text.osMessageQueueGetSpace), (8 bytes).
    Removing rtx_msgqueue.o(.text.osMessageQueueReset), (40 bytes).
    Removing rtx_msgqueue.o(.ARM.exidx.text.osMessageQueueReset), (8 bytes).
    Removing rtx_msgqueue.o(.text.osMessageQueueDelete), (40 bytes).
    Removing rtx_msgqueue.o(.ARM.exidx.text.osMessageQueueDelete), (8 bytes).
    Removing irq_cm0.o(.constdata), (1 bytes).
    Removing rtx_memory.o(.text), (0 bytes).
    Removing rtx_memory.o(.ARM.exidx.text.osRtxMemoryInit), (8 bytes).
    Removing rtx_memory.o(.ARM.exidx.text.osRtxMemoryAlloc), (8 bytes).
    Removing rtx_memory.o(.ARM.exidx.text.osRtxMemoryFree), (8 bytes).
    Removing rtx_system.o(.text), (0 bytes).
    Removing rtx_system.o(.ARM.exidx.text.osRtxTick_Handler), (8 bytes).
    Removing rtx_system.o(.ARM.exidx.text.osRtxPendSV_Handler), (8 bytes).
    Removing rtx_system.o(.ARM.exidx.text.osRtxPostProcess), (8 bytes).
    Removing os_systick.o(.text), (0 bytes).
    Removing os_systick.o(.ARM.exidx.text.OS_Tick_Setup), (8 bytes).
    Removing os_systick.o(.ARM.exidx.text.OS_Tick_Enable), (8 bytes).
    Removing os_systick.o(.text.OS_Tick_Disable), (44 bytes).
    Removing os_systick.o(.ARM.exidx.text.OS_Tick_Disable), (8 bytes).
    Removing os_systick.o(.ARM.exidx.text.OS_Tick_AcknowledgeIRQ), (8 bytes).
    Removing os_systick.o(.ARM.exidx.text.OS_Tick_GetIRQn), (8 bytes).
    Removing os_systick.o(.text.OS_Tick_GetClock), (12 bytes).
    Removing os_systick.o(.ARM.exidx.text.OS_Tick_GetClock), (8 bytes).
    Removing os_systick.o(.text.OS_Tick_GetInterval), (12 bytes).
    Removing os_systick.o(.ARM.exidx.text.OS_Tick_GetInterval), (8 bytes).
    Removing os_systick.o(.text.OS_Tick_GetCount), (16 bytes).
    Removing os_systick.o(.ARM.exidx.text.OS_Tick_GetCount), (8 bytes).
    Removing os_systick.o(.text.OS_Tick_GetOverflow), (16 bytes).
    Removing os_systick.o(.ARM.exidx.text.OS_Tick_GetOverflow), (8 bytes).

423 unused section(s) (total 10038 bytes) removed from the image.

==============================================================================

Image Symbol Table

    Local Symbols

    Symbol Name                              Value     Ov Type        Size  Object(Section)

    RESET                                    0x00000000   Section      192  startup_mkl25z4.o(RESET)
    ../../../../Source/os_systick.c          0x00000000   Number         0  os_systick.o ABSOLUTE
    ../../../Source/rtx_delay.c              0x00000000   Number         0  rtx_delay.o ABSOLUTE
    ../../../Source/rtx_kernel.c             0x00000000   Number         0  rtx_kernel.o ABSOLUTE
    ../../../Source/rtx_memory.c             0x00000000   Number         0  rtx_memory.o ABSOLUTE
    ../../../Source/rtx_mempool.c            0x00000000   Number         0  rtx_mempool.o ABSOLUTE
    ../../../Source/rtx_msgqueue.c           0x00000000   Number         0  rtx_msgqueue.o ABSOLUTE
    ../../../Source/rtx_mutex.c              0x00000000   Number         0  rtx_mutex.o ABSOLUTE
    ../../../Source/rtx_semaphore.c          0x00000000   Number         0  rtx_semaphore.o ABSOLUTE
    ../../../Source/rtx_system.c             0x00000000   Number         0  rtx_system.o ABSOLUTE
    ../../../Source/rtx_thread.c             0x00000000   Number         0  rtx_thread.o ABSOLUTE
    ../../../Source/rtx_timer.c              0x00000000   Number         0  rtx_timer.o ABSOLUTE
    ../clib/angel/boardlib.s                 0x00000000   Number         0  boardinit3.o ABSOLUTE
    ../clib/angel/boardlib.s                 0x00000000   Number         0  boardinit1.o ABSOLUTE
    ../clib/angel/boardlib.s                 0x00000000   Number         0  boardshut.o ABSOLUTE
    ../clib/angel/handlers.s                 0x00000000   Number         0  __scatter_zi.o ABSOLUTE
    ../clib/angel/handlers.s                 0x00000000   Number         0  __scatter_copy.o ABSOLUTE
    ../clib/angel/kernel.s                   0x00000000   Number         0  __rtentry.o ABSOLUTE
    ../clib/angel/kernel.s                   0x00000000   Number         0  rtexit.o ABSOLUTE
    ../clib/angel/kernel.s                   0x00000000   Number         0  __rtentry2.o ABSOLUTE
    ../clib/angel/kernel.s                   0x00000000   Number         0  __rtentry4.o ABSOLUTE
    ../clib/angel/kernel.s                   0x00000000   Number         0  rtexit2.o ABSOLUTE
    ../clib/angel/rt.s                       0x00000000   Number         0  rt_raise.o ABSOLUTE
    ../clib/angel/rt.s                       0x00000000   Number         0  rt_div0.o ABSOLUTE
    ../clib/angel/rt.s                       0x00000000   Number         0  aeabi_idiv0.o ABSOLUTE
    ../clib/angel/rt.s                       0x00000000   Number         0  aeabi_idiv0_sigfpe.o ABSOLUTE
    ../clib/angel/scatterp.s                 0x00000000   Number         0  __scatter.o ABSOLUTE
    ../clib/angel/startup.s                  0x00000000   Number         0  __main.o ABSOLUTE
    ../clib/angel/sys.s                      0x00000000   Number         0  tempstk.o ABSOLUTE
    ../clib/angel/sys.s                      0x00000000   Number         0  libspace.o ABSOLUTE
    ../clib/angel/sys.s                      0x00000000   Number         0  sys_stackheap_outer.o ABSOLUTE
    ../clib/angel/sys.s                      0x00000000   Number         0  use_no_semi.o ABSOLUTE
    ../clib/angel/sys.s                      0x00000000   Number         0  indicate_semi.o ABSOLUTE
    ../clib/angel/sysapp.c                   0x00000000   Number         0  sys_exit_hlt.o ABSOLUTE
    ../clib/angel/sysapp.c                   0x00000000   Number         0  sys_command_hlt.o ABSOLUTE
    ../clib/angel/sysapp.c                   0x00000000   Number         0  sys_command.o ABSOLUTE
    ../clib/angel/sysapp.c                   0x00000000   Number         0  sys_wrch_hlt.o ABSOLUTE
    ../clib/angel/sysapp.c                   0x00000000   Number         0  sys_exit.o ABSOLUTE
    ../clib/angel/sysapp.c                   0x00000000   Number         0  sys_wrch.o ABSOLUTE
    ../clib/armsys.c                         0x00000000   Number         0  argv_veneer.o ABSOLUTE
    ../clib/armsys.c                         0x00000000   Number         0  no_argv.o ABSOLUTE
    ../clib/armsys.c                         0x00000000   Number         0  _get_argv_nomalloc.o ABSOLUTE
    ../clib/division.s                       0x00000000   Number         0  aeabi_sdiv_div0.o ABSOLUTE
    ../clib/division.s                       0x00000000   Number         0  aeabi_sdiv.o ABSOLUTE
    ../clib/heapalloc.c                      0x00000000   Number         0  hrguard.o ABSOLUTE
    ../clib/heapaux.c                        0x00000000   Number         0  heapauxi.o ABSOLUTE
    ../clib/libinit.s                        0x00000000   Number         0  libinit2.o ABSOLUTE
    ../clib/libinit.s                        0x00000000   Number         0  libshutdown2.o ABSOLUTE
    ../clib/libinit.s                        0x00000000   Number         0  libshutdown.o ABSOLUTE
    ../clib/libinit.s                        0x00000000   Number         0  libinit.o ABSOLUTE
    ../clib/memcpset.c                       0x00000000   Number         0  rt_memclr.o ABSOLUTE
    ../clib/memcpset.c                       0x00000000   Number         0  rt_memcpy.o ABSOLUTE
    ../clib/memcpset.c                       0x00000000   Number         0  rt_memcpy.o ABSOLUTE
    ../clib/signal.c                         0x00000000   Number         0  defsig_stak_inner.o ABSOLUTE
    ../clib/signal.c                         0x00000000   Number         0  defsig_rtmem_formal.o ABSOLUTE
    ../clib/signal.c                         0x00000000   Number         0  defsig_fpe_formal.o ABSOLUTE
    ../clib/signal.c                         0x00000000   Number         0  defsig_fpe_outer.o ABSOLUTE
    ../clib/signal.c                         0x00000000   Number         0  defsig_rtmem_outer.o ABSOLUTE
    ../clib/signal.c                         0x00000000   Number         0  defsig_rtmem_inner.o ABSOLUTE
    ../clib/signal.c                         0x00000000   Number         0  defsig_rtred_inner.o ABSOLUTE
    ../clib/signal.c                         0x00000000   Number         0  defsig_abrt_inner.o ABSOLUTE
    ../clib/signal.c                         0x00000000   Number         0  defsig_general.o ABSOLUTE
    ../clib/signal.c                         0x00000000   Number         0  __raise.o ABSOLUTE
    ../clib/signal.c                         0x00000000   Number         0  defsig_fpe_inner.o ABSOLUTE
    ../clib/signal.c                         0x00000000   Number         0  defsig_exit.o ABSOLUTE
    ../clib/signal.c                         0x00000000   Number         0  defsig_other.o ABSOLUTE
    ../clib/signal.c                         0x00000000   Number         0  defsig_segv_inner.o ABSOLUTE
    ../clib/signal.c                         0x00000000   Number         0  defsig_cppl_inner.o ABSOLUTE
    ../clib/signal.c                         0x00000000   Number         0  defsig_pvfn_inner.o ABSOLUTE
    ../clib/signal.s                         0x00000000   Number         0  defsig.o ABSOLUTE
    ../clib/stdlib.c                         0x00000000   Number         0  exit.o ABSOLUTE
    ../fplib/cfplib/fpinit.c                 0x00000000   Number         0  fpinit.o ABSOLUTE
    ..\..\..\Source\ARM\irq_cm0.s            0x00000000   Number         0  irq_cm0.o ABSOLUTE
    C:/Keil_v5/ARM/PACK/ARM/CMSIS/5.1.0/CMSIS/RTOS2/RTX/Library/cmsis_os1.c 0x00000000   Number         0  cmsis_os1.o ABSOLUTE
    C:/Keil_v5/ARM/PACK/ARM/CMSIS/5.1.0/CMSIS/RTOS2/RTX/Source/rtx_lib.c 0x00000000   Number         0  rtx_lib.o ABSOLUTE
    RTE/CMSIS/RTX_Config.c                   0x00000000   Number         0  rtx_config.o ABSOLUTE
    RTE/Device/MKL25Z128xxx4/system_MKL25Z4.c 0x00000000   Number         0  system_mkl25z4.o ABSOLUTE
    RTE\Device\MKL25Z128xxx4\startup_MKL25Z4.s 0x00000000   Number         0  startup_mkl25z4.o ABSOLUTE
    dc.s                                     0x00000000   Number         0  dc.o ABSOLUTE
    src/GPIO.c                               0x00000000   Number         0  gpio.o ABSOLUTE
    src/PIT.c                                0x00000000   Number         0  pit.o ABSOLUTE
    src/TPM_PWM.c                            0x00000000   Number         0  tpm_pwm.o ABSOLUTE
    src/main.c                               0x00000000   Number         0  main.o ABSOLUTE
    !!!main                                  0x000000c0   Section        8  __main.o(!!!main)
    !!!scatter                               0x000000c8   Section       60  __scatter.o(!!!scatter)
    !!handler_copy                           0x00000104   Section       26  __scatter_copy.o(!!handler_copy)
    !!handler_zi                             0x00000120   Section       28  __scatter_zi.o(!!handler_zi)
    .ARM.Collect$$libinit$$00000000          0x0000013c   Section        2  libinit.o(.ARM.Collect$$libinit$$00000000)
    .ARM.Collect$$libinit$$00000002          0x0000013e   Section        0  libinit2.o(.ARM.Collect$$libinit$$00000002)
    .ARM.Collect$$libinit$$00000004          0x0000013e   Section        0  libinit2.o(.ARM.Collect$$libinit$$00000004)
    .ARM.Collect$$libinit$$0000000A          0x0000013e   Section        0  libinit2.o(.ARM.Collect$$libinit$$0000000A)
    .ARM.Collect$$libinit$$0000000C          0x0000013e   Section        0  libinit2.o(.ARM.Collect$$libinit$$0000000C)
    .ARM.Collect$$libinit$$0000000E          0x0000013e   Section        0  libinit2.o(.ARM.Collect$$libinit$$0000000E)
    .ARM.Collect$$libinit$$00000011          0x0000013e   Section        0  libinit2.o(.ARM.Collect$$libinit$$00000011)
    .ARM.Collect$$libinit$$00000013          0x0000013e   Section        0  libinit2.o(.ARM.Collect$$libinit$$00000013)
    .ARM.Collect$$libinit$$00000015          0x0000013e   Section        0  libinit2.o(.ARM.Collect$$libinit$$00000015)
    .ARM.Collect$$libinit$$00000017          0x0000013e   Section        0  libinit2.o(.ARM.Collect$$libinit$$00000017)
    .ARM.Collect$$libinit$$00000019          0x0000013e   Section        0  libinit2.o(.ARM.Collect$$libinit$$00000019)
    .ARM.Collect$$libinit$$0000001B          0x0000013e   Section        0  libinit2.o(.ARM.Collect$$libinit$$0000001B)
    .ARM.Collect$$libinit$$0000001D          0x0000013e   Section        0  libinit2.o(.ARM.Collect$$libinit$$0000001D)
    .ARM.Collect$$libinit$$0000001F          0x0000013e   Section        0  libinit2.o(.ARM.Collect$$libinit$$0000001F)
    .ARM.Collect$$libinit$$00000021          0x0000013e   Section        0  libinit2.o(.ARM.Collect$$libinit$$00000021)
    .ARM.Collect$$libinit$$00000023          0x0000013e   Section        0  libinit2.o(.ARM.Collect$$libinit$$00000023)
    .ARM.Collect$$libinit$$00000025          0x0000013e   Section        0  libinit2.o(.ARM.Collect$$libinit$$00000025)
    .ARM.Collect$$libinit$$0000002C          0x0000013e   Section        0  libinit2.o(.ARM.Collect$$libinit$$0000002C)
    .ARM.Collect$$libinit$$0000002E          0x0000013e   Section        0  libinit2.o(.ARM.Collect$$libinit$$0000002E)
    .ARM.Collect$$libinit$$00000030          0x0000013e   Section        0  libinit2.o(.ARM.Collect$$libinit$$00000030)
    .ARM.Collect$$libinit$$00000032          0x0000013e   Section        0  libinit2.o(.ARM.Collect$$libinit$$00000032)
    .ARM.Collect$$libinit$$00000033          0x0000013e   Section        2  libinit2.o(.ARM.Collect$$libinit$$00000033)
    .ARM.Collect$$libshutdown$$00000000      0x00000140   Section        2  libshutdown.o(.ARM.Collect$$libshutdown$$00000000)
    .ARM.Collect$$libshutdown$$00000002      0x00000142   Section        0  libshutdown2.o(.ARM.Collect$$libshutdown$$00000002)
    .ARM.Collect$$libshutdown$$00000004      0x00000142   Section        0  libshutdown2.o(.ARM.Collect$$libshutdown$$00000004)
    .ARM.Collect$$libshutdown$$00000007      0x00000142   Section        0  libshutdown2.o(.ARM.Collect$$libshutdown$$00000007)
    .ARM.Collect$$libshutdown$$0000000A      0x00000142   Section        0  libshutdown2.o(.ARM.Collect$$libshutdown$$0000000A)
    .ARM.Collect$$libshutdown$$0000000C      0x00000142   Section        0  libshutdown2.o(.ARM.Collect$$libshutdown$$0000000C)
    .ARM.Collect$$libshutdown$$0000000F      0x00000142   Section        0  libshutdown2.o(.ARM.Collect$$libshutdown$$0000000F)
    .ARM.Collect$$libshutdown$$00000010      0x00000142   Section        2  libshutdown2.o(.ARM.Collect$$libshutdown$$00000010)
    .ARM.Collect$$rtentry$$00000000          0x00000144   Section        0  __rtentry.o(.ARM.Collect$$rtentry$$00000000)
    .ARM.Collect$$rtentry$$00000002          0x00000144   Section        0  __rtentry2.o(.ARM.Collect$$rtentry$$00000002)
    .ARM.Collect$$rtentry$$00000004          0x00000144   Section        6  __rtentry4.o(.ARM.Collect$$rtentry$$00000004)
    .ARM.Collect$$rtentry$$00000008          0x0000014a   Section        8  __rtentry2.o(.ARM.Collect$$rtentry$$00000008)
    .ARM.Collect$$rtentry$$0000000A          0x00000152   Section        4  __rtentry2.o(.ARM.Collect$$rtentry$$0000000A)
    .ARM.Collect$$rtentry$$0000000C          0x00000156   Section        0  __rtentry2.o(.ARM.Collect$$rtentry$$0000000C)
    .ARM.Collect$$rtentry$$0000000D          0x00000156   Section        8  __rtentry2.o(.ARM.Collect$$rtentry$$0000000D)
    .ARM.Collect$$rtexit$$00000000           0x0000015e   Section        2  rtexit.o(.ARM.Collect$$rtexit$$00000000)
    .ARM.Collect$$rtexit$$00000002           0x00000160   Section        0  rtexit2.o(.ARM.Collect$$rtexit$$00000002)
    .ARM.Collect$$rtexit$$00000003           0x00000160   Section        4  rtexit2.o(.ARM.Collect$$rtexit$$00000003)
    .ARM.Collect$$rtexit$$00000004           0x00000164   Section        6  rtexit2.o(.ARM.Collect$$rtexit$$00000004)
    .emb_text                                0x0000016c   Section       56  rt_memcpy.o(.emb_text)
    .text                                    0x000001a4   Section       64  startup_mkl25z4.o(.text)
    .text                                    0x000001e4   Section      152  irq_cm0.o(.text)
    .text                                    0x0000027c   Section        0  rt_memcpy.o(.text)
    .text                                    0x000002fe   Section        0  rt_memclr.o(.text)
    .text                                    0x0000033e   Section        0  heapauxi.o(.text)
    .text                                    0x00000344   Section       62  sys_stackheap_outer.o(.text)
    .text                                    0x00000382   Section        0  exit.o(.text)
    .text                                    0x00000394   Section        8  libspace.o(.text)
    .text                                    0x0000039c   Section        0  sys_exit.o(.text)
    .text                                    0x000003a8   Section        2  use_no_semi.o(.text)
    [Anonymous Symbol]                       0x000003aa   Section        0  rtx_msgqueue.o(.text.MessageQueueGet)
    .text                                    0x000003aa   Section        0  indicate_semi.o(.text)
    MessageQueueGet                          0x000003ab   Thumb Code    76  rtx_msgqueue.o(.text.MessageQueueGet)
    [Anonymous Symbol]                       0x000003f6   Section        0  os_systick.o(.text.OS_Tick_GetIRQn)
    [Anonymous Symbol]                       0x000003fc   Section        0  rtx_config.o(.text.osRtxErrorNotify)
    [Anonymous Symbol]                       0x000003fe   Section        0  rtx_config.o(.text.osRtxIdleThread)
    .ARM.__at_0x400                          0x00000400   Section       16  startup_mkl25z4.o(.ARM.__at_0x400)
    .text                                    0x00000410   Section      346  aeabi_sdiv.o(.text)
    [Anonymous Symbol]                       0x0000056a   Section        0  rtx_msgqueue.o(.text.MessageQueuePut)
    MessageQueuePut                          0x0000056b   Thumb Code    96  rtx_msgqueue.o(.text.MessageQueuePut)
    [Anonymous Symbol]                       0x000005ca   Section        0  rtx_msgqueue.o(.text.MessageQueueRemove)
    MessageQueueRemove                       0x000005cb   Thumb Code    40  rtx_msgqueue.o(.text.MessageQueueRemove)
    [Anonymous Symbol]                       0x000005f4   Section        0  os_systick.o(.text.OS_Tick_AcknowledgeIRQ)
    [Anonymous Symbol]                       0x000005fc   Section        0  os_systick.o(.text.OS_Tick_Enable)
    __arm_cp.1_1                             0x00000620   Number         4  os_systick.o(.text.OS_Tick_Enable)
    [Anonymous Symbol]                       0x00000624   Section        0  os_systick.o(.text.OS_Tick_Setup)
    __arm_cp.0_1                             0x00000664   Number         4  os_systick.o(.text.OS_Tick_Setup)
    __arm_cp.0_2                             0x00000668   Number         4  os_systick.o(.text.OS_Tick_Setup)
    __arm_cp.0_3                             0x0000066c   Number         4  os_systick.o(.text.OS_Tick_Setup)
    __arm_cp.0_4                             0x00000670   Number         4  os_systick.o(.text.OS_Tick_Setup)
    [Anonymous Symbol]                       0x00000674   Section        0  pit.o(.text.PIT_IRQHandler)
    __arm_cp.4_1                             0x00000698   Number         4  pit.o(.text.PIT_IRQHandler)
    [Anonymous Symbol]                       0x0000069c   Section        0  system_mkl25z4.o(.text.SystemCoreClockUpdate)
    __arm_cp.1_0                             0x00000794   Number         4  system_mkl25z4.o(.text.SystemCoreClockUpdate)
    __arm_cp.1_1                             0x00000798   Number         4  system_mkl25z4.o(.text.SystemCoreClockUpdate)
    __arm_cp.1_2                             0x0000079c   Number         4  system_mkl25z4.o(.text.SystemCoreClockUpdate)
    __arm_cp.1_3                             0x000007a0   Number         4  system_mkl25z4.o(.text.SystemCoreClockUpdate)
    __arm_cp.1_4                             0x000007a4   Number         4  system_mkl25z4.o(.text.SystemCoreClockUpdate)
    __arm_cp.1_5                             0x000007a8   Number         4  system_mkl25z4.o(.text.SystemCoreClockUpdate)
    __arm_cp.1_6                             0x000007ac   Number         4  system_mkl25z4.o(.text.SystemCoreClockUpdate)
    [Anonymous Symbol]                       0x000007b0   Section        0  system_mkl25z4.o(.text.SystemInit)
    __arm_cp.0_0                             0x000007b8   Number         4  system_mkl25z4.o(.text.SystemInit)
    [Anonymous Symbol]                       0x000007bc   Section        0  rtx_thread.o(.text.ThreadFlagsCheck)
    ThreadFlagsCheck                         0x000007bd   Thumb Code    98  rtx_thread.o(.text.ThreadFlagsCheck)
    [Anonymous Symbol]                       0x00000820   Section        0  rtx_timer.o(.text.TimerInsert)
    TimerInsert                              0x00000821   Thumb Code    76  rtx_timer.o(.text.TimerInsert)
    __arm_cp.1_0                             0x00000868   Number         4  rtx_timer.o(.text.TimerInsert)
    [Anonymous Symbol]                       0x0000086c   Section        0  rtx_lib.o(.text._platform_post_stackheap_init)
    [Anonymous Symbol]                       0x00000874   Section        0  gpio.o(.text.audioToggle)
    __arm_cp.3_0                             0x0000087c   Number         4  gpio.o(.text.audioToggle)
    [Anonymous Symbol]                       0x00000880   Section        0  main.o(.text.buttonTask)
    [Anonymous Symbol]                       0x000008f4   Section        0  gpio.o(.text.configureGPIOinput)
    __arm_cp.0_1                             0x00000918   Number         4  gpio.o(.text.configureGPIOinput)
    __arm_cp.0_2                             0x0000091c   Number         4  gpio.o(.text.configureGPIOinput)
    [Anonymous Symbol]                       0x00000920   Section        0  gpio.o(.text.configureGPIOoutput)
    __arm_cp.1_0                             0x00000950   Number         4  gpio.o(.text.configureGPIOoutput)
    __arm_cp.1_1                             0x00000954   Number         4  gpio.o(.text.configureGPIOoutput)
    __arm_cp.1_2                             0x00000958   Number         4  gpio.o(.text.configureGPIOoutput)
    [Anonymous Symbol]                       0x0000095c   Section        0  pit.o(.text.configurePIT)
    __arm_cp.0_0                             0x0000099c   Number         4  pit.o(.text.configurePIT)
    __arm_cp.0_1                             0x000009a0   Number         4  pit.o(.text.configurePIT)
    __arm_cp.0_2                             0x000009a4   Number         4  pit.o(.text.configurePIT)
    __arm_cp.0_3                             0x000009a8   Number         4  pit.o(.text.configurePIT)
    __arm_cp.0_4                             0x000009ac   Number         4  pit.o(.text.configurePIT)
    __arm_cp.0_5                             0x000009b0   Number         4  pit.o(.text.configurePIT)
    [Anonymous Symbol]                       0x000009b4   Section        0  tpm_pwm.o(.text.configureTPM0forPWM)
    __arm_cp.0_0                             0x00000a18   Number         4  tpm_pwm.o(.text.configureTPM0forPWM)
    __arm_cp.0_1                             0x00000a1c   Number         4  tpm_pwm.o(.text.configureTPM0forPWM)
    __arm_cp.0_2                             0x00000a20   Number         4  tpm_pwm.o(.text.configureTPM0forPWM)
    [Anonymous Symbol]                       0x00000a24   Section        0  gpio.o(.text.isPressed)
    __arm_cp.2_0                             0x00000a34   Number         4  gpio.o(.text.isPressed)
    [Anonymous Symbol]                       0x00000a38   Section        0  main.o(.text.main)
    __arm_cp.2_0                             0x00000a84   Number         4  main.o(.text.main)
    __arm_cp.2_1                             0x00000a88   Number         4  main.o(.text.main)
    __arm_cp.2_2                             0x00000a8c   Number         4  main.o(.text.main)
    __arm_cp.2_3                             0x00000a90   Number         4  main.o(.text.main)
    __arm_cp.2_4                             0x00000a94   Number         4  main.o(.text.main)
    [Anonymous Symbol]                       0x00000a98   Section        0  rtx_delay.o(.text.osDelay)
    __arm_cp.2_0                             0x00000abc   Number         4  rtx_delay.o(.text.osDelay)
    [Anonymous Symbol]                       0x00000ac0   Section        0  rtx_kernel.o(.text.osKernelInitialize)
    __arm_cp.13_0                            0x00000af4   Number         4  rtx_kernel.o(.text.osKernelInitialize)
    [Anonymous Symbol]                       0x00000af8   Section        0  rtx_kernel.o(.text.osKernelStart)
    __arm_cp.16_0                            0x00000b2c   Number         4  rtx_kernel.o(.text.osKernelStart)
    [Anonymous Symbol]                       0x00000b30   Section        0  rtx_msgqueue.o(.text.osMessageQueueGet)
    __arm_cp.17_0                            0x00000ba4   Number         4  rtx_msgqueue.o(.text.osMessageQueueGet)
    [Anonymous Symbol]                       0x00000ba8   Section        0  rtx_msgqueue.o(.text.osMessageQueueNew)
    __arm_cp.14_0                            0x00000be0   Number         4  rtx_msgqueue.o(.text.osMessageQueueNew)
    [Anonymous Symbol]                       0x00000be4   Section        0  rtx_msgqueue.o(.text.osMessageQueuePut)
    __arm_cp.16_0                            0x00000c60   Number         4  rtx_msgqueue.o(.text.osMessageQueuePut)
    [Anonymous Symbol]                       0x00000c64   Section        0  rtx_memory.o(.text.osRtxMemoryAlloc)
    [Anonymous Symbol]                       0x00000cc8   Section        0  rtx_memory.o(.text.osRtxMemoryFree)
    [Anonymous Symbol]                       0x00000d0e   Section        0  rtx_memory.o(.text.osRtxMemoryInit)
    [Anonymous Symbol]                       0x00000d44   Section        0  rtx_mempool.o(.text.osRtxMemoryPoolAlloc)
    [Anonymous Symbol]                       0x00000d7c   Section        0  rtx_mempool.o(.text.osRtxMemoryPoolFree)
    [Anonymous Symbol]                       0x00000dbc   Section        0  rtx_mempool.o(.text.osRtxMemoryPoolInit)
    [Anonymous Symbol]                       0x00000e00   Section        0  rtx_msgqueue.o(.text.osRtxMessageQueuePostProcess)
    [Anonymous Symbol]                       0x00000ee0   Section        0  rtx_mutex.o(.text.osRtxMutexOwnerRelease)
    [Anonymous Symbol]                       0x00000f20   Section        0  rtx_system.o(.text.osRtxPendSV_Handler)
    [Anonymous Symbol]                       0x00000fa4   Section        0  rtx_system.o(.text.osRtxPostProcess)
    __arm_cp.2_1                             0x00001008   Number         4  rtx_system.o(.text.osRtxPostProcess)
    [Anonymous Symbol]                       0x0000100c   Section        0  rtx_thread.o(.text.osRtxThreadBlock)
    [Anonymous Symbol]                       0x0000104c   Section        0  rtx_thread.o(.text.osRtxThreadDelayInsert)
    [Anonymous Symbol]                       0x000010d4   Section        0  rtx_thread.o(.text.osRtxThreadDelayRemove)
    [Anonymous Symbol]                       0x0000112c   Section        0  rtx_thread.o(.text.osRtxThreadDelayTick)
    [Anonymous Symbol]                       0x00001164   Section        0  rtx_thread.o(.text.osRtxThreadDispatch)
    [Anonymous Symbol]                       0x000011d0   Section        0  rtx_thread.o(.text.osRtxThreadFree)
    osRtxThreadFree                          0x000011d1   Thumb Code    84  rtx_thread.o(.text.osRtxThreadFree)
    [Anonymous Symbol]                       0x00001220   Section        0  rtx_thread.o(.text.osRtxThreadListGet)
    [Anonymous Symbol]                       0x00001238   Section        0  rtx_thread.o(.text.osRtxThreadListPut)
    [Anonymous Symbol]                       0x0000126e   Section        0  rtx_thread.o(.text.osRtxThreadListRemove)
    [Anonymous Symbol]                       0x00001286   Section        0  rtx_thread.o(.text.osRtxThreadPostProcess)
    [Anonymous Symbol]                       0x000012ac   Section        0  rtx_thread.o(.text.osRtxThreadReadyPut)
    [Anonymous Symbol]                       0x000012c0   Section        0  rtx_thread.o(.text.osRtxThreadRegPtr)
    [Anonymous Symbol]                       0x000012c8   Section        0  rtx_thread.o(.text.osRtxThreadStackCheck)
    __arm_cp.13_0                            0x000012ec   Number         4  rtx_thread.o(.text.osRtxThreadStackCheck)
    __arm_cp.13_1                            0x000012f0   Number         4  rtx_thread.o(.text.osRtxThreadStackCheck)
    [Anonymous Symbol]                       0x000012f4   Section        0  rtx_thread.o(.text.osRtxThreadSwitch)
    [Anonymous Symbol]                       0x00001304   Section        0  rtx_thread.o(.text.osRtxThreadWaitEnter)
    __arm_cp.16_0                            0x00001344   Number         4  rtx_thread.o(.text.osRtxThreadWaitEnter)
    [Anonymous Symbol]                       0x00001348   Section        0  rtx_thread.o(.text.osRtxThreadWaitExit)
    [Anonymous Symbol]                       0x0000136c   Section        0  rtx_system.o(.text.osRtxTick_Handler)
    __arm_cp.0_0                             0x000013dc   Number         4  rtx_system.o(.text.osRtxTick_Handler)
    [Anonymous Symbol]                       0x000013e0   Section        0  rtx_timer.o(.text.osRtxTimerThread)
    __arm_cp.2_0                             0x00001414   Number         4  rtx_timer.o(.text.osRtxTimerThread)
    __arm_cp.2_1                             0x00001418   Number         4  rtx_timer.o(.text.osRtxTimerThread)
    __arm_cp.2_2                             0x0000141c   Number         4  rtx_timer.o(.text.osRtxTimerThread)
    [Anonymous Symbol]                       0x00001420   Section        0  rtx_timer.o(.text.osRtxTimerTick)
    __arm_cp.0_0                             0x0000147c   Number         4  rtx_timer.o(.text.osRtxTimerTick)
    [Anonymous Symbol]                       0x00001480   Section        0  cmsis_os1.o(.text.osSignalClear)
    [Anonymous Symbol]                       0x000014a2   Section        0  cmsis_os1.o(.text.osSignalSet)
    [Anonymous Symbol]                       0x000014bc   Section        0  cmsis_os1.o(.text.osSignalWait)
    __arm_cp.3_0                             0x000014e8   Number         4  cmsis_os1.o(.text.osSignalWait)
    [Anonymous Symbol]                       0x000014f8   Section        0  cmsis_os1.o(.text.osThreadCreate)
    [Anonymous Symbol]                       0x0000150c   Section        0  rtx_thread.o(.text.osThreadExit)
    __arm_cp.20_0                            0x00001514   Number         4  rtx_thread.o(.text.osThreadExit)
    [Anonymous Symbol]                       0x00001518   Section        0  rtx_thread.o(.text.osThreadFlagsClear)
    __arm_cp.59_0                            0x0000153c   Number         4  rtx_thread.o(.text.osThreadFlagsClear)
    [Anonymous Symbol]                       0x00001540   Section        0  rtx_thread.o(.text.osThreadFlagsSet)
    __arm_cp.58_0                            0x00001598   Number         4  rtx_thread.o(.text.osThreadFlagsSet)
    [Anonymous Symbol]                       0x0000159c   Section        0  rtx_thread.o(.text.osThreadFlagsWait)
    __arm_cp.61_0                            0x000015c0   Number         4  rtx_thread.o(.text.osThreadFlagsWait)
    [Anonymous Symbol]                       0x000015c4   Section        0  rtx_thread.o(.text.osThreadGetId)
    __arm_cp.44_0                            0x000015e0   Number         4  rtx_thread.o(.text.osThreadGetId)
    [Anonymous Symbol]                       0x000015e4   Section        0  rtx_thread.o(.text.osThreadNew)
    __arm_cp.42_0                            0x0000161c   Number         4  rtx_thread.o(.text.osThreadNew)
    [Anonymous Symbol]                       0x00001620   Section        0  tpm_pwm.o(.text.setPWMDuty)
    __arm_cp.1_0                             0x00001630   Number         4  tpm_pwm.o(.text.setPWMDuty)
    [Anonymous Symbol]                       0x00001634   Section        0  pit.o(.text.setTimer)
    __arm_cp.3_0                             0x0000163c   Number         4  pit.o(.text.setTimer)
    [Anonymous Symbol]                       0x00001640   Section        0  pit.o(.text.startTimer)
    [Anonymous Symbol]                       0x00001650   Section        0  pit.o(.text.stopTimer)
    __arm_cp.2_0                             0x00001660   Number         4  pit.o(.text.stopTimer)
    [Anonymous Symbol]                       0x00001664   Section        0  rtx_delay.o(.text.svcRtxDelay)
    [Anonymous Symbol]                       0x00001678   Section        0  rtx_kernel.o(.text.svcRtxKernelInitialize)
    __arm_cp.0_0                             0x00001810   Number         4  rtx_kernel.o(.text.svcRtxKernelInitialize)
    __arm_cp.0_2                             0x00001814   Number         4  rtx_kernel.o(.text.svcRtxKernelInitialize)
    __arm_cp.0_3                             0x00001818   Number         4  rtx_kernel.o(.text.svcRtxKernelInitialize)
    [Anonymous Symbol]                       0x0000181c   Section        0  rtx_kernel.o(.text.svcRtxKernelStart)
    __arm_cp.3_1                             0x000018ac   Number         4  rtx_kernel.o(.text.svcRtxKernelStart)
    __arm_cp.3_2                             0x000018b0   Number         4  rtx_kernel.o(.text.svcRtxKernelStart)
    __arm_cp.3_3                             0x000018b4   Number         4  rtx_kernel.o(.text.svcRtxKernelStart)
    __arm_cp.3_4                             0x000018b8   Number         4  rtx_kernel.o(.text.svcRtxKernelStart)
    [Anonymous Symbol]                       0x000018bc   Section        0  rtx_msgqueue.o(.text.svcRtxMessageQueueGet)
    __arm_cp.6_0                             0x000019ac   Number         4  rtx_msgqueue.o(.text.svcRtxMessageQueueGet)
    [Anonymous Symbol]                       0x000019b0   Section        0  rtx_msgqueue.o(.text.svcRtxMessageQueueNew)
    __arm_cp.3_0                             0x00001b5c   Number         4  rtx_msgqueue.o(.text.svcRtxMessageQueueNew)
    __arm_cp.3_1                             0x00001b60   Number         4  rtx_msgqueue.o(.text.svcRtxMessageQueueNew)
    __arm_cp.3_2                             0x00001b64   Number         4  rtx_msgqueue.o(.text.svcRtxMessageQueueNew)
    __arm_cp.3_3                             0x00001b68   Number         4  rtx_msgqueue.o(.text.svcRtxMessageQueueNew)
    __arm_cp.3_4                             0x00001b6c   Number         4  rtx_msgqueue.o(.text.svcRtxMessageQueueNew)
    __arm_cp.3_5                             0x00001b70   Number         4  rtx_msgqueue.o(.text.svcRtxMessageQueueNew)
    [Anonymous Symbol]                       0x00001b74   Section        0  rtx_msgqueue.o(.text.svcRtxMessageQueuePut)
    [Anonymous Symbol]                       0x00001c44   Section        0  rtx_thread.o(.text.svcRtxThreadExit)
    [Anonymous Symbol]                       0x00001cb4   Section        0  rtx_thread.o(.text.svcRtxThreadFlagsClear)
    __arm_cp.39_0                            0x00001cf8   Number         4  rtx_thread.o(.text.svcRtxThreadFlagsClear)
    [Anonymous Symbol]                       0x00001cfc   Section        0  rtx_thread.o(.text.svcRtxThreadFlagsSet)
    [Anonymous Symbol]                       0x00001d74   Section        0  rtx_thread.o(.text.svcRtxThreadFlagsWait)
    [Anonymous Symbol]                       0x00001dbc   Section        0  rtx_thread.o(.text.svcRtxThreadGetId)
    __arm_cp.22_0                            0x00001dc4   Number         4  rtx_thread.o(.text.svcRtxThreadGetId)
    [Anonymous Symbol]                       0x00001dc8   Section        0  rtx_thread.o(.text.svcRtxThreadNew)
    __arm_cp.19_0                            0x00001ff0   Number         4  rtx_thread.o(.text.svcRtxThreadNew)
    __arm_cp.19_1                            0x00001ff4   Number         4  rtx_thread.o(.text.svcRtxThreadNew)
    __arm_cp.19_2                            0x00001ff8   Number         4  rtx_thread.o(.text.svcRtxThreadNew)
    __arm_cp.19_3                            0x00001ffc   Number         4  rtx_thread.o(.text.svcRtxThreadNew)
    __arm_cp.19_4                            0x00002000   Number         4  rtx_thread.o(.text.svcRtxThreadNew)
    __arm_cp.19_5                            0x00002004   Number         4  rtx_thread.o(.text.svcRtxThreadNew)
    [Anonymous Symbol]                       0x00002008   Section        0  main.o(.text.toneTask)
    toneTask.scales                          0x00002060   Number         0  main.o(.text.toneTask)
    __arm_cp.0_1                             0x00002080   Number         4  main.o(.text.toneTask)
    [Anonymous Symbol]                       0x00002128   Section        0  rtx_lib.o(.rodata.os_idle_thread_attr)
    os_idle_thread_attr                      0x00002128   Data          36  rtx_lib.o(.rodata.os_idle_thread_attr)
    [Anonymous Symbol]                       0x0000219c   Section        0  rtx_lib.o(.rodata.os_timer_mq_attr)
    os_timer_mq_attr                         0x0000219c   Data          24  rtx_lib.o(.rodata.os_timer_mq_attr)
    [Anonymous Symbol]                       0x000021b4   Section        0  rtx_lib.o(.rodata.os_timer_thread_attr)
    os_timer_thread_attr                     0x000021b4   Data          36  rtx_lib.o(.rodata.os_timer_thread_attr)
    [Anonymous Symbol]                       0x000021d8   Section        0  rtx_kernel.o(.rodata.str1.4)
    .L.str                                   0x000021d8   Data          11  rtx_kernel.o(.rodata.str1.4)
    .bss                                     0x1ffff0a8   Section       96  libspace.o(.bss)
    [Anonymous Symbol]                       0x1ffff108   Section        0  os_systick.o(.bss.PendST)
    PendST                                   0x1ffff108   Data           1  os_systick.o(.bss.PendST)
    [Anonymous Symbol]                       0x1ffff110   Section        0  rtx_lib.o(.bss.os)
    os_isr_queue                             0x1ffff110   Data          64  rtx_lib.o(.bss.os)
    os_mem                                   0x1ffff150   Data        4096  rtx_lib.o(.bss.os)
    os_libspace                              0x20000150   Data         480  rtx_lib.o(.bss.os)
    os_libspace_id                           0x20000330   Data          16  rtx_lib.o(.bss.os)
    [Anonymous Symbol]                       0x20000340   Section        0  rtx_lib.o(.bss.os.msgqueue.cb)
    os_timer_mq_cb                           0x20000340   Data          52  rtx_lib.o(.bss.os.msgqueue.cb)
    [Anonymous Symbol]                       0x20000374   Section        0  rtx_lib.o(.bss.os.msgqueue.mem)
    os_timer_mq_data                         0x20000374   Data          80  rtx_lib.o(.bss.os.msgqueue.mem)
    [Anonymous Symbol]                       0x200003c4   Section        0  main.o(.bss.os.thread.cb)
    os_thread_cb_buttonTask                  0x200003c4   Data          68  main.o(.bss.os.thread.cb)
    os_thread_cb_toneTask                    0x20000408   Data          68  main.o(.bss.os.thread.cb)
    [Anonymous Symbol]                       0x2000044c   Section        0  rtx_lib.o(.bss.os.thread.cb)
    os_idle_thread_cb                        0x2000044c   Data          68  rtx_lib.o(.bss.os.thread.cb)
    os_timer_thread_cb                       0x20000490   Data          68  rtx_lib.o(.bss.os.thread.cb)
    [Anonymous Symbol]                       0x200004d8   Section        0  rtx_lib.o(.bss.os.thread.stack)
    os_idle_thread_stack                     0x200004d8   Data         200  rtx_lib.o(.bss.os.thread.stack)
    os_timer_thread_stack                    0x200005a0   Data         200  rtx_lib.o(.bss.os.thread.stack)
    HEAP                                     0x20000670   Section        0  startup_mkl25z4.o(HEAP)
    STACK                                    0x20000670   Section      256  startup_mkl25z4.o(STACK)
    Heap_Mem                                 0x20000670   Data           0  startup_mkl25z4.o(HEAP)
    Stack_Mem                                0x20000670   Data         256  startup_mkl25z4.o(STACK)
    __initial_sp                             0x20000770   Data           0  startup_mkl25z4.o(STACK)

    Global Symbols

    Symbol Name                              Value     Ov Type        Size  Object(Section)

    BuildAttributes$$THM_ISAv3M$S$PE$A:L22$X:L11$S22$IEEE1$IW$~IW$USESV6$~STKCKD$USESV7$~SHL$OSPACE$ROPI$EBA8$UX$STANDARDLIB$REQ8$PRES8$EABIv2 0x00000000   Number         0  anon$$obj.o ABSOLUTE
    __Vectors                                0x00000000   Data           4  startup_mkl25z4.o(RESET)
    .bss.os.evflags.cb$$Base                  - Undefined Weak Reference
    .bss.os.evflags.cb$$Limit                 - Undefined Weak Reference
    .bss.os.mempool.cb$$Base                  - Undefined Weak Reference
    .bss.os.mempool.cb$$Limit                 - Undefined Weak Reference
    .bss.os.mutex.cb$$Base                    - Undefined Weak Reference
    .bss.os.mutex.cb$$Limit                   - Undefined Weak Reference
    .bss.os.semaphore.cb$$Base                - Undefined Weak Reference
    .bss.os.semaphore.cb$$Limit               - Undefined Weak Reference
    .bss.os.timer.cb$$Base                    - Undefined Weak Reference
    .bss.os.timer.cb$$Limit                   - Undefined Weak Reference
    __ARM_exceptions_init                     - Undefined Weak Reference
    __alloca_initialize                       - Undefined Weak Reference
    __arm_preinit_                            - Undefined Weak Reference
    __cpp_initialize__aeabi_                  - Undefined Weak Reference
    __cxa_finalize                            - Undefined Weak Reference
    __rt_locale                               - Undefined Weak Reference
    __sigvec_lookup                           - Undefined Weak Reference
    _atexit_init                              - Undefined Weak Reference
    _call_atexit_fns                          - Undefined Weak Reference
    _clock_init                               - Undefined Weak Reference
    _fp_trap_init                             - Undefined Weak Reference
    _fp_trap_shutdown                         - Undefined Weak Reference
    _get_lc_collate                           - Undefined Weak Reference
    _get_lc_ctype                             - Undefined Weak Reference
    _get_lc_monetary                          - Undefined Weak Reference
    _get_lc_numeric                           - Undefined Weak Reference
    _get_lc_time                              - Undefined Weak Reference
    _getenv_init                              - Undefined Weak Reference
    _handle_redirection                       - Undefined Weak Reference
    _init_alloc                               - Undefined Weak Reference
    _init_user_alloc                          - Undefined Weak Reference
    _initio                                   - Undefined Weak Reference
    _rand_init                                - Undefined Weak Reference
    _signal_finish                            - Undefined Weak Reference
    _signal_init                              - Undefined Weak Reference
    _terminate_alloc                          - Undefined Weak Reference
    _terminate_user_alloc                     - Undefined Weak Reference
    _terminateio                              - Undefined Weak Reference
    __Vectors_End                            0x000000c0   Data           0  startup_mkl25z4.o(RESET)
    __Vectors_Size                           0x000000c0   Number         0  startup_mkl25z4.o ABSOLUTE
    __main                                   0x000000c1   Thumb Code     8  __main.o(!!!main)
    __scatterload                            0x000000c9   Thumb Code     0  __scatter.o(!!!scatter)
    __scatterload_rt2                        0x000000c9   Thumb Code    52  __scatter.o(!!!scatter)
    __scatterload_rt2_thumb_only             0x000000c9   Thumb Code     0  __scatter.o(!!!scatter)
    __scatterload_null                       0x000000d9   Thumb Code     0  __scatter.o(!!!scatter)
    __scatterload_copy                       0x00000105   Thumb Code    26  __scatter_copy.o(!!handler_copy)
    __scatterload_zeroinit                   0x00000121   Thumb Code    28  __scatter_zi.o(!!handler_zi)
    __rt_lib_init                            0x0000013d   Thumb Code     0  libinit.o(.ARM.Collect$$libinit$$00000000)
    __rt_lib_init_alloca_1                   0x0000013f   Thumb Code     0  libinit2.o(.ARM.Collect$$libinit$$0000002E)
    __rt_lib_init_argv_1                     0x0000013f   Thumb Code     0  libinit2.o(.ARM.Collect$$libinit$$0000002C)
    __rt_lib_init_atexit_1                   0x0000013f   Thumb Code     0  libinit2.o(.ARM.Collect$$libinit$$0000001B)
    __rt_lib_init_clock_1                    0x0000013f   Thumb Code     0  libinit2.o(.ARM.Collect$$libinit$$00000021)
    __rt_lib_init_cpp_1                      0x0000013f   Thumb Code     0  libinit2.o(.ARM.Collect$$libinit$$00000032)
    __rt_lib_init_exceptions_1               0x0000013f   Thumb Code     0  libinit2.o(.ARM.Collect$$libinit$$00000030)
    __rt_lib_init_fp_1                       0x0000013f   Thumb Code     0  libinit2.o(.ARM.Collect$$libinit$$00000002)
    __rt_lib_init_fp_trap_1                  0x0000013f   Thumb Code     0  libinit2.o(.ARM.Collect$$libinit$$0000001F)
    __rt_lib_init_getenv_1                   0x0000013f   Thumb Code     0  libinit2.o(.ARM.Collect$$libinit$$00000023)
    __rt_lib_init_heap_1                     0x0000013f   Thumb Code     0  libinit2.o(.ARM.Collect$$libinit$$0000000A)
    __rt_lib_init_lc_collate_1               0x0000013f   Thumb Code     0  libinit2.o(.ARM.Collect$$libinit$$00000011)
    __rt_lib_init_lc_ctype_1                 0x0000013f   Thumb Code     0  libinit2.o(.ARM.Collect$$libinit$$00000013)
    __rt_lib_init_lc_monetary_1              0x0000013f   Thumb Code     0  libinit2.o(.ARM.Collect$$libinit$$00000015)
    __rt_lib_init_lc_numeric_1               0x0000013f   Thumb Code     0  libinit2.o(.ARM.Collect$$libinit$$00000017)
    __rt_lib_init_lc_time_1                  0x0000013f   Thumb Code     0  libinit2.o(.ARM.Collect$$libinit$$00000019)
    __rt_lib_init_preinit_1                  0x0000013f   Thumb Code     0  libinit2.o(.ARM.Collect$$libinit$$00000004)
    __rt_lib_init_rand_1                     0x0000013f   Thumb Code     0  libinit2.o(.ARM.Collect$$libinit$$0000000E)
    __rt_lib_init_return                     0x0000013f   Thumb Code     0  libinit2.o(.ARM.Collect$$libinit$$00000033)
    __rt_lib_init_signal_1                   0x0000013f   Thumb Code     0  libinit2.o(.ARM.Collect$$libinit$$0000001D)
    __rt_lib_init_stdio_1                    0x0000013f   Thumb Code     0  libinit2.o(.ARM.Collect$$libinit$$00000025)
    __rt_lib_init_user_alloc_1               0x0000013f   Thumb Code     0  libinit2.o(.ARM.Collect$$libinit$$0000000C)
    __rt_lib_shutdown                        0x00000141   Thumb Code     0  libshutdown.o(.ARM.Collect$$libshutdown$$00000000)
    __rt_lib_shutdown_cpp_1                  0x00000143   Thumb Code     0  libshutdown2.o(.ARM.Collect$$libshutdown$$00000002)
    __rt_lib_shutdown_fp_trap_1              0x00000143   Thumb Code     0  libshutdown2.o(.ARM.Collect$$libshutdown$$00000007)
    __rt_lib_shutdown_heap_1                 0x00000143   Thumb Code     0  libshutdown2.o(.ARM.Collect$$libshutdown$$0000000F)
    __rt_lib_shutdown_return                 0x00000143   Thumb Code     0  libshutdown2.o(.ARM.Collect$$libshutdown$$00000010)
    __rt_lib_shutdown_signal_1               0x00000143   Thumb Code     0  libshutdown2.o(.ARM.Collect$$libshutdown$$0000000A)
    __rt_lib_shutdown_stdio_1                0x00000143   Thumb Code     0  libshutdown2.o(.ARM.Collect$$libshutdown$$00000004)
    __rt_lib_shutdown_user_alloc_1           0x00000143   Thumb Code     0  libshutdown2.o(.ARM.Collect$$libshutdown$$0000000C)
    __rt_entry                               0x00000145   Thumb Code     0  __rtentry.o(.ARM.Collect$$rtentry$$00000000)
    __rt_entry_presh_1                       0x00000145   Thumb Code     0  __rtentry2.o(.ARM.Collect$$rtentry$$00000002)
    __rt_entry_sh                            0x00000145   Thumb Code     0  __rtentry4.o(.ARM.Collect$$rtentry$$00000004)
    __rt_entry_postsh_1                      0x0000014b   Thumb Code     0  __rtentry2.o(.ARM.Collect$$rtentry$$00000008)
    __rt_entry_li                            0x00000153   Thumb Code     0  __rtentry2.o(.ARM.Collect$$rtentry$$0000000A)
    __rt_entry_main                          0x00000157   Thumb Code     0  __rtentry2.o(.ARM.Collect$$rtentry$$0000000D)
    __rt_entry_postli_1                      0x00000157   Thumb Code     0  __rtentry2.o(.ARM.Collect$$rtentry$$0000000C)
    __rt_exit                                0x0000015f   Thumb Code     0  rtexit.o(.ARM.Collect$$rtexit$$00000000)
    __rt_exit_ls                             0x00000161   Thumb Code     0  rtexit2.o(.ARM.Collect$$rtexit$$00000003)
    __rt_exit_prels_1                        0x00000161   Thumb Code     0  rtexit2.o(.ARM.Collect$$rtexit$$00000002)
    __rt_exit_exit                           0x00000165   Thumb Code     0  rtexit2.o(.ARM.Collect$$rtexit$$00000004)
    __aeabi_memcpy4                          0x0000016d   Thumb Code    56  rt_memcpy.o(.emb_text)
    __aeabi_memcpy8                          0x0000016d   Thumb Code     0  rt_memcpy.o(.emb_text)
    Reset_Handler                            0x000001a5   Thumb Code    12  startup_mkl25z4.o(.text)
    NMI_Handler                              0x000001b1   Thumb Code     2  startup_mkl25z4.o(.text)
    HardFault_Handler                        0x000001b3   Thumb Code     2  startup_mkl25z4.o(.text)
    ADC0_IRQHandler                          0x000001bb   Thumb Code     0  startup_mkl25z4.o(.text)
    CMP0_IRQHandler                          0x000001bb   Thumb Code     0  startup_mkl25z4.o(.text)
    DAC0_IRQHandler                          0x000001bb   Thumb Code     0  startup_mkl25z4.o(.text)
    DMA0_IRQHandler                          0x000001bb   Thumb Code     0  startup_mkl25z4.o(.text)
    DMA1_IRQHandler                          0x000001bb   Thumb Code     0  startup_mkl25z4.o(.text)
    DMA2_IRQHandler                          0x000001bb   Thumb Code     0  startup_mkl25z4.o(.text)
    DMA3_IRQHandler                          0x000001bb   Thumb Code     0  startup_mkl25z4.o(.text)
    DefaultISR                               0x000001bb   Thumb Code     0  startup_mkl25z4.o(.text)
    FTFA_IRQHandler                          0x000001bb   Thumb Code     0  startup_mkl25z4.o(.text)
    I2C0_IRQHandler                          0x000001bb   Thumb Code     0  startup_mkl25z4.o(.text)
    I2C1_IRQHandler                          0x000001bb   Thumb Code     0  startup_mkl25z4.o(.text)
    LLWU_IRQHandler                          0x000001bb   Thumb Code     0  startup_mkl25z4.o(.text)
    LPTMR0_IRQHandler                        0x000001bb   Thumb Code     0  startup_mkl25z4.o(.text)
    LVD_LVW_IRQHandler                       0x000001bb   Thumb Code     0  startup_mkl25z4.o(.text)
    MCG_IRQHandler                           0x000001bb   Thumb Code     0  startup_mkl25z4.o(.text)
    PORTA_IRQHandler                         0x000001bb   Thumb Code     0  startup_mkl25z4.o(.text)
    PORTD_IRQHandler                         0x000001bb   Thumb Code     0  startup_mkl25z4.o(.text)
    RTC_IRQHandler                           0x000001bb   Thumb Code     0  startup_mkl25z4.o(.text)
    RTC_Seconds_IRQHandler                   0x000001bb   Thumb Code     0  startup_mkl25z4.o(.text)
    Reserved20_IRQHandler                    0x000001bb   Thumb Code     0  startup_mkl25z4.o(.text)
    Reserved39_IRQHandler                    0x000001bb   Thumb Code     0  startup_mkl25z4.o(.text)
    Reserved45_IRQHandler                    0x000001bb   Thumb Code     0  startup_mkl25z4.o(.text)
    SPI0_IRQHandler                          0x000001bb   Thumb Code     0  startup_mkl25z4.o(.text)
    SPI1_IRQHandler                          0x000001bb   Thumb Code     0  startup_mkl25z4.o(.text)
    TPM0_IRQHandler                          0x000001bb   Thumb Code     0  startup_mkl25z4.o(.text)
    TPM1_IRQHandler                          0x000001bb   Thumb Code     0  startup_mkl25z4.o(.text)
    TPM2_IRQHandler                          0x000001bb   Thumb Code     0  startup_mkl25z4.o(.text)
    TSI0_IRQHandler                          0x000001bb   Thumb Code     0  startup_mkl25z4.o(.text)
    UART0_IRQHandler                         0x000001bb   Thumb Code     0  startup_mkl25z4.o(.text)
    UART1_IRQHandler                         0x000001bb   Thumb Code     0  startup_mkl25z4.o(.text)
    UART2_IRQHandler                         0x000001bb   Thumb Code     0  startup_mkl25z4.o(.text)
    USB0_IRQHandler                          0x000001bb   Thumb Code     0  startup_mkl25z4.o(.text)
    __user_initial_stackheap                 0x000001c1   Thumb Code     0  startup_mkl25z4.o(.text)
    SVC_Handler                              0x000001e5   Thumb Code   120  irq_cm0.o(.text)
    PendSV_Handler                           0x0000025d   Thumb Code    12  irq_cm0.o(.text)
    SysTick_Handler                          0x00000269   Thumb Code    12  irq_cm0.o(.text)
    __aeabi_memcpy                           0x0000027d   Thumb Code   130  rt_memcpy.o(.text)
    __rt_memcpy                              0x0000027d   Thumb Code     0  rt_memcpy.o(.text)
    _memset_w                                0x000002ff   Thumb Code    26  rt_memclr.o(.text)
    _memset                                  0x00000319   Thumb Code    30  rt_memclr.o(.text)
    __aeabi_memclr                           0x00000337   Thumb Code     4  rt_memclr.o(.text)
    __rt_memclr                              0x00000337   Thumb Code     0  rt_memclr.o(.text)
    __aeabi_memclr4                          0x0000033b   Thumb Code     0  rt_memclr.o(.text)
    __aeabi_memclr8                          0x0000033b   Thumb Code     0  rt_memclr.o(.text)
    __rt_memclr_w                            0x0000033b   Thumb Code     4  rt_memclr.o(.text)
    __use_two_region_memory                  0x0000033f   Thumb Code     2  heapauxi.o(.text)
    __rt_heap_escrow$2region                 0x00000341   Thumb Code     2  heapauxi.o(.text)
    __rt_heap_expand$2region                 0x00000343   Thumb Code     2  heapauxi.o(.text)
    __user_setup_stackheap                   0x00000345   Thumb Code    62  sys_stackheap_outer.o(.text)
    exit                                     0x00000383   Thumb Code    16  exit.o(.text)
    __user_libspace                          0x00000395   Thumb Code     8  libspace.o(.text)
    __user_perproc_libspace                  0x00000395   Thumb Code     0  libspace.o(.text)
    _sys_exit                                0x0000039d   Thumb Code     8  sys_exit.o(.text)
    __I$use$semihosting                      0x000003a9   Thumb Code     0  use_no_semi.o(.text)
    __use_no_semihosting_swi                 0x000003a9   Thumb Code     2  use_no_semi.o(.text)
    __semihosting_library_function           0x000003ab   Thumb Code     0  indicate_semi.o(.text)
    OS_Tick_GetIRQn                          0x000003f7   Thumb Code     6  os_systick.o(.text.OS_Tick_GetIRQn)
    osRtxErrorNotify                         0x000003fd   Thumb Code     2  rtx_config.o(.text.osRtxErrorNotify)
    osRtxIdleThread                          0x000003ff   Thumb Code     2  rtx_config.o(.text.osRtxIdleThread)
    __aeabi_uidiv                            0x00000411   Thumb Code     0  aeabi_sdiv.o(.text)
    __aeabi_uidivmod                         0x00000411   Thumb Code    20  aeabi_sdiv.o(.text)
    __aeabi_idiv                             0x00000425   Thumb Code     0  aeabi_sdiv.o(.text)
    __aeabi_idivmod                          0x00000425   Thumb Code   326  aeabi_sdiv.o(.text)
    OS_Tick_AcknowledgeIRQ                   0x000005f5   Thumb Code    12  os_systick.o(.text.OS_Tick_AcknowledgeIRQ)
    OS_Tick_Enable                           0x000005fd   Thumb Code    48  os_systick.o(.text.OS_Tick_Enable)
    OS_Tick_Setup                            0x00000625   Thumb Code    84  os_systick.o(.text.OS_Tick_Setup)
    PIT_IRQHandler                           0x00000675   Thumb Code    44  pit.o(.text.PIT_IRQHandler)
    SystemCoreClockUpdate                    0x0000069d   Thumb Code   276  system_mkl25z4.o(.text.SystemCoreClockUpdate)
    SystemInit                               0x000007b1   Thumb Code    12  system_mkl25z4.o(.text.SystemInit)
    _platform_post_stackheap_init            0x0000086d   Thumb Code     8  rtx_lib.o(.text._platform_post_stackheap_init)
    audioToggle                              0x00000875   Thumb Code    12  gpio.o(.text.audioToggle)
    buttonTask                               0x00000881   Thumb Code   120  main.o(.text.buttonTask)
    configureGPIOinput                       0x000008f5   Thumb Code    48  gpio.o(.text.configureGPIOinput)
    configureGPIOoutput                      0x00000921   Thumb Code    60  gpio.o(.text.configureGPIOoutput)
    configurePIT                             0x0000095d   Thumb Code    88  pit.o(.text.configurePIT)
    configureTPM0forPWM                      0x000009b5   Thumb Code   112  tpm_pwm.o(.text.configureTPM0forPWM)
    isPressed                                0x00000a25   Thumb Code    20  gpio.o(.text.isPressed)
    main                                     0x00000a39   Thumb Code    96  main.o(.text.main)
    osDelay                                  0x00000a99   Thumb Code    40  rtx_delay.o(.text.osDelay)
    osKernelInitialize                       0x00000ac1   Thumb Code    56  rtx_kernel.o(.text.osKernelInitialize)
    osKernelStart                            0x00000af9   Thumb Code    56  rtx_kernel.o(.text.osKernelStart)
    osMessageQueueGet                        0x00000b31   Thumb Code   120  rtx_msgqueue.o(.text.osMessageQueueGet)
    osMessageQueueNew                        0x00000ba9   Thumb Code    60  rtx_msgqueue.o(.text.osMessageQueueNew)
    osMessageQueuePut                        0x00000be5   Thumb Code   128  rtx_msgqueue.o(.text.osMessageQueuePut)
    osRtxMemoryAlloc                         0x00000c65   Thumb Code   100  rtx_memory.o(.text.osRtxMemoryAlloc)
    osRtxMemoryFree                          0x00000cc9   Thumb Code    70  rtx_memory.o(.text.osRtxMemoryFree)
    osRtxMemoryInit                          0x00000d0f   Thumb Code    54  rtx_memory.o(.text.osRtxMemoryInit)
    osRtxMemoryPoolAlloc                     0x00000d45   Thumb Code    56  rtx_mempool.o(.text.osRtxMemoryPoolAlloc)
    osRtxMemoryPoolFree                      0x00000d7d   Thumb Code    64  rtx_mempool.o(.text.osRtxMemoryPoolFree)
    osRtxMemoryPoolInit                      0x00000dbd   Thumb Code    68  rtx_mempool.o(.text.osRtxMemoryPoolInit)
    osRtxMessageQueuePostProcess             0x00000e01   Thumb Code   224  rtx_msgqueue.o(.text.osRtxMessageQueuePostProcess)
    osRtxMutexOwnerRelease                   0x00000ee1   Thumb Code    62  rtx_mutex.o(.text.osRtxMutexOwnerRelease)
    osRtxPendSV_Handler                      0x00000f21   Thumb Code   136  rtx_system.o(.text.osRtxPendSV_Handler)
    osRtxPostProcess                         0x00000fa5   Thumb Code   108  rtx_system.o(.text.osRtxPostProcess)
    osRtxThreadBlock                         0x0000100d   Thumb Code    68  rtx_thread.o(.text.osRtxThreadBlock)
    osRtxThreadDelayInsert                   0x0000104d   Thumb Code   140  rtx_thread.o(.text.osRtxThreadDelayInsert)
    osRtxThreadDelayRemove                   0x000010d5   Thumb Code    92  rtx_thread.o(.text.osRtxThreadDelayRemove)
    osRtxThreadDelayTick                     0x0000112d   Thumb Code    60  rtx_thread.o(.text.osRtxThreadDelayTick)
    osRtxThreadDispatch                      0x00001165   Thumb Code   112  rtx_thread.o(.text.osRtxThreadDispatch)
    osRtxThreadListGet                       0x00001221   Thumb Code    24  rtx_thread.o(.text.osRtxThreadListGet)
    osRtxThreadListPut                       0x00001239   Thumb Code    54  rtx_thread.o(.text.osRtxThreadListPut)
    osRtxThreadListRemove                    0x0000126f   Thumb Code    24  rtx_thread.o(.text.osRtxThreadListRemove)
    osRtxThreadPostProcess                   0x00001287   Thumb Code    38  rtx_thread.o(.text.osRtxThreadPostProcess)
    osRtxThreadReadyPut                      0x000012ad   Thumb Code    24  rtx_thread.o(.text.osRtxThreadReadyPut)
    osRtxThreadRegPtr                        0x000012c1   Thumb Code     6  rtx_thread.o(.text.osRtxThreadRegPtr)
    osRtxThreadStackCheck                    0x000012c9   Thumb Code    44  rtx_thread.o(.text.osRtxThreadStackCheck)
    osRtxThreadSwitch                        0x000012f5   Thumb Code    20  rtx_thread.o(.text.osRtxThreadSwitch)
    osRtxThreadWaitEnter                     0x00001305   Thumb Code    68  rtx_thread.o(.text.osRtxThreadWaitEnter)
    osRtxThreadWaitExit                      0x00001349   Thumb Code    34  rtx_thread.o(.text.osRtxThreadWaitExit)
    osRtxTick_Handler                        0x0000136d   Thumb Code   116  rtx_system.o(.text.osRtxTick_Handler)
    osRtxTimerThread                         0x000013e1   Thumb Code    64  rtx_timer.o(.text.osRtxTimerThread)
    osRtxTimerTick                           0x00001421   Thumb Code    96  rtx_timer.o(.text.osRtxTimerTick)
    osSignalClear                            0x00001481   Thumb Code    34  cmsis_os1.o(.text.osSignalClear)
    osSignalSet                              0x000014a3   Thumb Code    26  cmsis_os1.o(.text.osSignalSet)
    osSignalWait                             0x000014bd   Thumb Code    60  cmsis_os1.o(.text.osSignalWait)
    osThreadCreate                           0x000014f9   Thumb Code    18  cmsis_os1.o(.text.osThreadCreate)
    osThreadExit                             0x0000150d   Thumb Code    12  rtx_thread.o(.text.osThreadExit)
    osThreadFlagsClear                       0x00001519   Thumb Code    40  rtx_thread.o(.text.osThreadFlagsClear)
    osThreadFlagsSet                         0x00001541   Thumb Code    92  rtx_thread.o(.text.osThreadFlagsSet)
    osThreadFlagsWait                        0x0000159d   Thumb Code    40  rtx_thread.o(.text.osThreadFlagsWait)
    osThreadGetId                            0x000015c5   Thumb Code    32  rtx_thread.o(.text.osThreadGetId)
    osThreadNew                              0x000015e5   Thumb Code    60  rtx_thread.o(.text.osThreadNew)
    setPWMDuty                               0x00001621   Thumb Code    20  tpm_pwm.o(.text.setPWMDuty)
    setTimer                                 0x00001635   Thumb Code    12  pit.o(.text.setTimer)
    startTimer                               0x00001641   Thumb Code    20  pit.o(.text.startTimer)
    stopTimer                                0x00001651   Thumb Code    20  pit.o(.text.stopTimer)
    svcRtxDelay                              0x00001665   Thumb Code    18  rtx_delay.o(.text.svcRtxDelay)
    svcRtxKernelInitialize                   0x00001679   Thumb Code   424  rtx_kernel.o(.text.svcRtxKernelInitialize)
    svcRtxKernelStart                        0x0000181d   Thumb Code   164  rtx_kernel.o(.text.svcRtxKernelStart)
    svcRtxMessageQueueGet                    0x000018bd   Thumb Code   244  rtx_msgqueue.o(.text.svcRtxMessageQueueGet)
    svcRtxMessageQueueNew                    0x000019b1   Thumb Code   452  rtx_msgqueue.o(.text.svcRtxMessageQueueNew)
    svcRtxMessageQueuePut                    0x00001b75   Thumb Code   212  rtx_msgqueue.o(.text.svcRtxMessageQueuePut)
    svcRtxThreadExit                         0x00001c45   Thumb Code   116  rtx_thread.o(.text.svcRtxThreadExit)
    svcRtxThreadFlagsClear                   0x00001cb5   Thumb Code    72  rtx_thread.o(.text.svcRtxThreadFlagsClear)
    svcRtxThreadFlagsSet                     0x00001cfd   Thumb Code   118  rtx_thread.o(.text.svcRtxThreadFlagsSet)
    svcRtxThreadFlagsWait                    0x00001d75   Thumb Code    76  rtx_thread.o(.text.svcRtxThreadFlagsWait)
    svcRtxThreadGetId                        0x00001dbd   Thumb Code    12  rtx_thread.o(.text.svcRtxThreadGetId)
    svcRtxThreadNew                          0x00001dc9   Thumb Code   576  rtx_thread.o(.text.svcRtxThreadNew)
    toneTask                                 0x00002009   Thumb Code   124  main.o(.text.toneTask)
    osRtxConfig                              0x00002084   Data         104  rtx_lib.o(.rodata)
    os_cb_sections                           0x000020ec   Data          56  rtx_lib.o(.rodata)
    osRtxUserSVC                             0x00002124   Data           4  rtx_lib.o(.rodata.osRtxUserSVC)
    os_thread_def_buttonTask                 0x0000214c   Data          40  main.o(.rodata.os_thread_def_buttonTask)
    os_thread_def_toneTask                   0x00002174   Data          40  main.o(.rodata.os_thread_def_toneTask)
    Region$$Table$$Base                      0x000021e4   Number         0  anon$$obj.o(Region$$Table)
    Region$$Table$$Limit                     0x00002204   Number         0  anon$$obj.o(Region$$Table)
    SystemCoreClock                          0x1ffff000   Data           4  system_mkl25z4.o(.data.SystemCoreClock)
    osRtxInfo                                0x1ffff004   Data         164  rtx_kernel.o(.data.os)
    __libspace_start                         0x1ffff0a8   Data          96  libspace.o(.bss)
    __temporary_stack_top$libspace           0x1ffff108   Data           0  libspace.o(.bss)
    .bss.os.msgqueue.cb$$Base                0x20000340   Number         0  rtx_lib.o(.bss.os.msgqueue.cb)
    .bss.os.msgqueue.cb$$Limit               0x20000374   Number         0  rtx_lib.o(.bss.os.msgqueue.cb)
    .bss.os.thread.cb$$Base                  0x200003c4   Number         0  main.o(.bss.os.thread.cb)
    .bss.os.thread.cb$$Limit                 0x200004d4   Number         0  rtx_lib.o(.bss.os.thread.cb)
    t_button                                 0x20000668   Data           4  main.o(.bss.t_button)
    t_tone                                   0x2000066c   Data           4  main.o(.bss.t_tone)



==============================================================================

Memory Map of the image

  Image Entry point : 0x000001a5

  Load Region LR_1 (Base: 0x00000000, Size: 0x000022ac, Max: 0xffffffff, ABSOLUTE)

    Execution Region ER_RO (Exec base: 0x00000000, Load base: 0x00000000, Size: 0x00002204, Max: 0xffffffff, ABSOLUTE)

    Exec Addr    Load Addr    Size         Type   Attr      Idx    E Section Name        Object

    0x00000000   0x00000000   0x000000c0   Data   RO          185    RESET               startup_mkl25z4.o
    0x000000c0   0x000000c0   0x00000008   Code   RO          748  * !!!main             c_p.l(__main.o)
    0x000000c8   0x000000c8   0x0000003c   Code   RO          921    !!!scatter          c_p.l(__scatter.o)
    0x00000104   0x00000104   0x0000001a   Code   RO          923    !!handler_copy      c_p.l(__scatter_copy.o)
    0x0000011e   0x0000011e   0x00000002   PAD
    0x00000120   0x00000120   0x0000001c   Code   RO          925    !!handler_zi        c_p.l(__scatter_zi.o)
    0x0000013c   0x0000013c   0x00000002   Code   RO          784    .ARM.Collect$$libinit$$00000000  c_p.l(libinit.o)
    0x0000013e   0x0000013e   0x00000000   Code   RO          798    .ARM.Collect$$libinit$$00000002  c_p.l(libinit2.o)
    0x0000013e   0x0000013e   0x00000000   Code   RO          800    .ARM.Collect$$libinit$$00000004  c_p.l(libinit2.o)
    0x0000013e   0x0000013e   0x00000000   Code   RO          803    .ARM.Collect$$libinit$$0000000A  c_p.l(libinit2.o)
    0x0000013e   0x0000013e   0x00000000   Code   RO          805    .ARM.Collect$$libinit$$0000000C  c_p.l(libinit2.o)
    0x0000013e   0x0000013e   0x00000000   Code   RO          807    .ARM.Collect$$libinit$$0000000E  c_p.l(libinit2.o)
    0x0000013e   0x0000013e   0x00000000   Code   RO          810    .ARM.Collect$$libinit$$00000011  c_p.l(libinit2.o)
    0x0000013e   0x0000013e   0x00000000   Code   RO          812    .ARM.Collect$$libinit$$00000013  c_p.l(libinit2.o)
    0x0000013e   0x0000013e   0x00000000   Code   RO          814    .ARM.Collect$$libinit$$00000015  c_p.l(libinit2.o)
    0x0000013e   0x0000013e   0x00000000   Code   RO          816    .ARM.Collect$$libinit$$00000017  c_p.l(libinit2.o)
    0x0000013e   0x0000013e   0x00000000   Code   RO          818    .ARM.Collect$$libinit$$00000019  c_p.l(libinit2.o)
    0x0000013e   0x0000013e   0x00000000   Code   RO          820    .ARM.Collect$$libinit$$0000001B  c_p.l(libinit2.o)
    0x0000013e   0x0000013e   0x00000000   Code   RO          822    .ARM.Collect$$libinit$$0000001D  c_p.l(libinit2.o)
    0x0000013e   0x0000013e   0x00000000   Code   RO          824    .ARM.Collect$$libinit$$0000001F  c_p.l(libinit2.o)
    0x0000013e   0x0000013e   0x00000000   Code   RO          826    .ARM.Collect$$libinit$$00000021  c_p.l(libinit2.o)
    0x0000013e   0x0000013e   0x00000000   Code   RO          828    .ARM.Collect$$libinit$$00000023  c_p.l(libinit2.o)
    0x0000013e   0x0000013e   0x00000000   Code   RO          830    .ARM.Collect$$libinit$$00000025  c_p.l(libinit2.o)
    0x0000013e   0x0000013e   0x00000000   Code   RO          834    .ARM.Collect$$libinit$$0000002C  c_p.l(libinit2.o)
    0x0000013e   0x0000013e   0x00000000   Code   RO          836    .ARM.Collect$$libinit$$0000002E  c_p.l(libinit2.o)
    0x0000013e   0x0000013e   0x00000000   Code   RO          838    .ARM.Collect$$libinit$$00000030  c_p.l(libinit2.o)
    0x0000013e   0x0000013e   0x00000000   Code   RO          840    .ARM.Collect$$libinit$$00000032  c_p.l(libinit2.o)
    0x0000013e   0x0000013e   0x00000002   Code   RO          841    .ARM.Collect$$libinit$$00000033  c_p.l(libinit2.o)
    0x00000140   0x00000140   0x00000002   Code   RO          876    .ARM.Collect$$libshutdown$$00000000  c_p.l(libshutdown.o)
    0x00000142   0x00000142   0x00000000   Code   RO          904    .ARM.Collect$$libshutdown$$00000002  c_p.l(libshutdown2.o)
    0x00000142   0x00000142   0x00000000   Code   RO          906    .ARM.Collect$$libshutdown$$00000004  c_p.l(libshutdown2.o)
    0x00000142   0x00000142   0x00000000   Code   RO          909    .ARM.Collect$$libshutdown$$00000007  c_p.l(libshutdown2.o)
    0x00000142   0x00000142   0x00000000   Code   RO          912    .ARM.Collect$$libshutdown$$0000000A  c_p.l(libshutdown2.o)
    0x00000142   0x00000142   0x00000000   Code   RO          914    .ARM.Collect$$libshutdown$$0000000C  c_p.l(libshutdown2.o)
    0x00000142   0x00000142   0x00000000   Code   RO          917    .ARM.Collect$$libshutdown$$0000000F  c_p.l(libshutdown2.o)
    0x00000142   0x00000142   0x00000002   Code   RO          918    .ARM.Collect$$libshutdown$$00000010  c_p.l(libshutdown2.o)
    0x00000144   0x00000144   0x00000000   Code   RO          750    .ARM.Collect$$rtentry$$00000000  c_p.l(__rtentry.o)
    0x00000144   0x00000144   0x00000000   Code   RO          756    .ARM.Collect$$rtentry$$00000002  c_p.l(__rtentry2.o)
    0x00000144   0x00000144   0x00000006   Code   RO          768    .ARM.Collect$$rtentry$$00000004  c_p.l(__rtentry4.o)
    0x0000014a   0x0000014a   0x00000008   Code   RO          757    .ARM.Collect$$rtentry$$00000008  c_p.l(__rtentry2.o)
    0x00000152   0x00000152   0x00000004   Code   RO          759    .ARM.Collect$$rtentry$$0000000A  c_p.l(__rtentry2.o)
    0x00000156   0x00000156   0x00000000   Code   RO          761    .ARM.Collect$$rtentry$$0000000C  c_p.l(__rtentry2.o)
    0x00000156   0x00000156   0x00000008   Code   RO          762    .ARM.Collect$$rtentry$$0000000D  c_p.l(__rtentry2.o)
    0x0000015e   0x0000015e   0x00000002   Code   RO          789    .ARM.Collect$$rtexit$$00000000  c_p.l(rtexit.o)
    0x00000160   0x00000160   0x00000000   Code   RO          847    .ARM.Collect$$rtexit$$00000002  c_p.l(rtexit2.o)
    0x00000160   0x00000160   0x00000004   Code   RO          848    .ARM.Collect$$rtexit$$00000003  c_p.l(rtexit2.o)
    0x00000164   0x00000164   0x00000006   Code   RO          849    .ARM.Collect$$rtexit$$00000004  c_p.l(rtexit2.o)
    0x0000016a   0x0000016a   0x00000002   PAD
    0x0000016c   0x0000016c   0x00000038   Code   RO          736    .emb_text           c_p.l(rt_memcpy.o)
    0x000001a4   0x000001a4   0x00000040   Code   RO          187  * .text               startup_mkl25z4.o
    0x000001e4   0x000001e4   0x00000098   Code   RO          666    .text               RTX_CM0.lib(irq_cm0.o)
    0x0000027c   0x0000027c   0x00000082   Code   RO          737    .text               c_p.l(rt_memcpy.o)
    0x000002fe   0x000002fe   0x00000040   Code   RO          740    .text               c_p.l(rt_memclr.o)
    0x0000033e   0x0000033e   0x00000006   Code   RO          746    .text               c_p.l(heapauxi.o)
    0x00000344   0x00000344   0x0000003e   Code   RO          772    .text               c_p.l(sys_stackheap_outer.o)
    0x00000382   0x00000382   0x00000010   Code   RO          775    .text               c_p.l(exit.o)
    0x00000392   0x00000392   0x00000002   PAD
    0x00000394   0x00000394   0x00000008   Code   RO          785    .text               c_p.l(libspace.o)
    0x0000039c   0x0000039c   0x0000000c   Code   RO          842    .text               c_p.l(sys_exit.o)
    0x000003a8   0x000003a8   0x00000002   Code   RO          865    .text               c_p.l(use_no_semi.o)
    0x000003aa   0x000003aa   0x00000000   Code   RO          867    .text               c_p.l(indicate_semi.o)
    0x000003aa   0x000003aa   0x0000004c   Code   RO          621    .text.MessageQueueGet  RTX_CM0.lib(rtx_msgqueue.o)
    0x000003f6   0x000003f6   0x00000006   Code   RO          713    .text.OS_Tick_GetIRQn  RTX_CM0.lib(os_systick.o)
    0x000003fc   0x000003fc   0x00000002   Code   RO          171    .text.osRtxErrorNotify  rtx_config.o
    0x000003fe   0x000003fe   0x00000002   Code   RO          169    .text.osRtxIdleThread  rtx_config.o
    0x00000400   0x00000400   0x00000010   Code   RO          186    .ARM.__at_0x400     startup_mkl25z4.o
    0x00000410   0x00000410   0x0000015a   Code   RO          742    .text               c_p.l(aeabi_sdiv.o)
    0x0000056a   0x0000056a   0x00000060   Code   RO          611    .text.MessageQueuePut  RTX_CM0.lib(rtx_msgqueue.o)
    0x000005ca   0x000005ca   0x00000028   Code   RO          609    .text.MessageQueueRemove  RTX_CM0.lib(rtx_msgqueue.o)
    0x000005f2   0x000005f2   0x00000002   PAD
    0x000005f4   0x000005f4   0x00000008   Code   RO          711    .text.OS_Tick_AcknowledgeIRQ  RTX_CM0.lib(os_systick.o)
    0x000005fc   0x000005fc   0x00000028   Code   RO          707    .text.OS_Tick_Enable  RTX_CM0.lib(os_systick.o)
    0x00000624   0x00000624   0x00000050   Code   RO          705    .text.OS_Tick_Setup  RTX_CM0.lib(os_systick.o)
    0x00000674   0x00000674   0x00000028   Code   RO           53    .text.PIT_IRQHandler  pit.o
    0x0000069c   0x0000069c   0x00000114   Code   RO          198    .text.SystemCoreClockUpdate  system_mkl25z4.o
    0x000007b0   0x000007b0   0x0000000c   Code   RO          196    .text.SystemInit    system_mkl25z4.o
    0x000007bc   0x000007bc   0x00000062   Code   RO          313    .text.ThreadFlagsCheck  RTX_CM0.lib(rtx_thread.o)
    0x0000081e   0x0000081e   0x00000002   PAD
    0x00000820   0x00000820   0x0000004c   Code   RO          433    .text.TimerInsert   RTX_CM0.lib(rtx_timer.o)
    0x0000086c   0x0000086c   0x00000008   Code   RO          134    .text._platform_post_stackheap_init  rtx_lib.o
    0x00000874   0x00000874   0x0000000c   Code   RO            8    .text.audioToggle   gpio.o
    0x00000880   0x00000880   0x00000074   Code   RO           23    .text.buttonTask    main.o
    0x000008f4   0x000008f4   0x0000002c   Code   RO            2    .text.configureGPIOinput  gpio.o
    0x00000920   0x00000920   0x0000003c   Code   RO            4    .text.configureGPIOoutput  gpio.o
    0x0000095c   0x0000095c   0x00000058   Code   RO           45    .text.configurePIT  pit.o
    0x000009b4   0x000009b4   0x00000070   Code   RO           66    .text.configureTPM0forPWM  tpm_pwm.o
    0x00000a24   0x00000a24   0x00000014   Code   RO            6    .text.isPressed     gpio.o
    0x00000a38   0x00000a38   0x00000060   Code   RO           25    .text.main          main.o
    0x00000a98   0x00000a98   0x00000028   Code   RO          416    .text.osDelay       RTX_CM0.lib(rtx_delay.o)
    0x00000ac0   0x00000ac0   0x00000038   Code   RO          238    .text.osKernelInitialize  RTX_CM0.lib(rtx_kernel.o)
    0x00000af8   0x00000af8   0x00000038   Code   RO          244    .text.osKernelStart  RTX_CM0.lib(rtx_kernel.o)
    0x00000b30   0x00000b30   0x00000078   Code   RO          641    .text.osMessageQueueGet  RTX_CM0.lib(rtx_msgqueue.o)
    0x00000ba8   0x00000ba8   0x0000003c   Code   RO          635    .text.osMessageQueueNew  RTX_CM0.lib(rtx_msgqueue.o)
    0x00000be4   0x00000be4   0x00000080   Code   RO          639    .text.osMessageQueuePut  RTX_CM0.lib(rtx_msgqueue.o)
    0x00000c64   0x00000c64   0x00000064   Code   RO          673    .text.osRtxMemoryAlloc  RTX_CM0.lib(rtx_memory.o)
    0x00000cc8   0x00000cc8   0x00000046   Code   RO          675    .text.osRtxMemoryFree  RTX_CM0.lib(rtx_memory.o)
    0x00000d0e   0x00000d0e   0x00000036   Code   RO          671    .text.osRtxMemoryInit  RTX_CM0.lib(rtx_memory.o)
    0x00000d44   0x00000d44   0x00000038   Code   RO          554    .text.osRtxMemoryPoolAlloc  RTX_CM0.lib(rtx_mempool.o)
    0x00000d7c   0x00000d7c   0x00000040   Code   RO          556    .text.osRtxMemoryPoolFree  RTX_CM0.lib(rtx_mempool.o)
    0x00000dbc   0x00000dbc   0x00000044   Code   RO          552    .text.osRtxMemoryPoolInit  RTX_CM0.lib(rtx_mempool.o)
    0x00000e00   0x00000e00   0x000000e0   Code   RO          607    .text.osRtxMessageQueuePostProcess  RTX_CM0.lib(rtx_msgqueue.o)
    0x00000ee0   0x00000ee0   0x0000003e   Code   RO          474    .text.osRtxMutexOwnerRelease  RTX_CM0.lib(rtx_mutex.o)
    0x00000f1e   0x00000f1e   0x00000002   PAD
    0x00000f20   0x00000f20   0x00000084   Code   RO          690    .text.osRtxPendSV_Handler  RTX_CM0.lib(rtx_system.o)
    0x00000fa4   0x00000fa4   0x00000068   Code   RO          692    .text.osRtxPostProcess  RTX_CM0.lib(rtx_system.o)
    0x0000100c   0x0000100c   0x00000040   Code   RO          299    .text.osRtxThreadBlock  RTX_CM0.lib(rtx_thread.o)
    0x0000104c   0x0000104c   0x00000088   Code   RO          291    .text.osRtxThreadDelayInsert  RTX_CM0.lib(rtx_thread.o)
    0x000010d4   0x000010d4   0x00000058   Code   RO          293    .text.osRtxThreadDelayRemove  RTX_CM0.lib(rtx_thread.o)
    0x0000112c   0x0000112c   0x00000038   Code   RO          295    .text.osRtxThreadDelayTick  RTX_CM0.lib(rtx_thread.o)
    0x00001164   0x00001164   0x0000006c   Code   RO          305    .text.osRtxThreadDispatch  RTX_CM0.lib(rtx_thread.o)
    0x000011d0   0x000011d0   0x00000050   Code   RO          341    .text.osRtxThreadFree  RTX_CM0.lib(rtx_thread.o)
    0x00001220   0x00001220   0x00000018   Code   RO          279    .text.osRtxThreadListGet  RTX_CM0.lib(rtx_thread.o)
    0x00001238   0x00001238   0x00000036   Code   RO          277    .text.osRtxThreadListPut  RTX_CM0.lib(rtx_thread.o)
    0x0000126e   0x0000126e   0x00000018   Code   RO          285    .text.osRtxThreadListRemove  RTX_CM0.lib(rtx_thread.o)
    0x00001286   0x00001286   0x00000026   Code   RO          311    .text.osRtxThreadPostProcess  RTX_CM0.lib(rtx_thread.o)
    0x000012ac   0x000012ac   0x00000014   Code   RO          289    .text.osRtxThreadReadyPut  RTX_CM0.lib(rtx_thread.o)
    0x000012c0   0x000012c0   0x00000006   Code   RO          297    .text.osRtxThreadRegPtr  RTX_CM0.lib(rtx_thread.o)
    0x000012c6   0x000012c6   0x00000002   PAD
    0x000012c8   0x000012c8   0x0000002c   Code   RO          303    .text.osRtxThreadStackCheck  RTX_CM0.lib(rtx_thread.o)
    0x000012f4   0x000012f4   0x00000010   Code   RO          301    .text.osRtxThreadSwitch  RTX_CM0.lib(rtx_thread.o)
    0x00001304   0x00001304   0x00000044   Code   RO          309    .text.osRtxThreadWaitEnter  RTX_CM0.lib(rtx_thread.o)
    0x00001348   0x00001348   0x00000022   Code   RO          307    .text.osRtxThreadWaitExit  RTX_CM0.lib(rtx_thread.o)
    0x0000136a   0x0000136a   0x00000002   PAD
    0x0000136c   0x0000136c   0x00000074   Code   RO          688    .text.osRtxTick_Handler  RTX_CM0.lib(rtx_system.o)
    0x000013e0   0x000013e0   0x00000040   Code   RO          435    .text.osRtxTimerThread  RTX_CM0.lib(rtx_timer.o)
    0x00001420   0x00001420   0x00000060   Code   RO          431    .text.osRtxTimerTick  RTX_CM0.lib(rtx_timer.o)
    0x00001480   0x00001480   0x00000022   Code   RO           85    .text.osSignalClear  cmsis_os1.o
    0x000014a2   0x000014a2   0x0000001a   Code   RO           83    .text.osSignalSet   cmsis_os1.o
    0x000014bc   0x000014bc   0x0000003c   Code   RO           87    .text.osSignalWait  cmsis_os1.o
    0x000014f8   0x000014f8   0x00000012   Code   RO           81    .text.osThreadCreate  cmsis_os1.o
    0x0000150a   0x0000150a   0x00000002   PAD
    0x0000150c   0x0000150c   0x0000000c   Code   RO          317    .text.osThreadExit  RTX_CM0.lib(rtx_thread.o)
    0x00001518   0x00001518   0x00000028   Code   RO          395    .text.osThreadFlagsClear  RTX_CM0.lib(rtx_thread.o)
    0x00001540   0x00001540   0x0000005c   Code   RO          393    .text.osThreadFlagsSet  RTX_CM0.lib(rtx_thread.o)
    0x0000159c   0x0000159c   0x00000028   Code   RO          399    .text.osThreadFlagsWait  RTX_CM0.lib(rtx_thread.o)
    0x000015c4   0x000015c4   0x00000020   Code   RO          365    .text.osThreadGetId  RTX_CM0.lib(rtx_thread.o)
    0x000015e4   0x000015e4   0x0000003c   Code   RO          361    .text.osThreadNew   RTX_CM0.lib(rtx_thread.o)
    0x00001620   0x00001620   0x00000014   Code   RO           68    .text.setPWMDuty    tpm_pwm.o
    0x00001634   0x00001634   0x0000000c   Code   RO           51    .text.setTimer      pit.o
    0x00001640   0x00001640   0x00000010   Code   RO           47    .text.startTimer    pit.o
    0x00001650   0x00001650   0x00000014   Code   RO           49    .text.stopTimer     pit.o
    0x00001664   0x00001664   0x00000012   Code   RO          412    .text.svcRtxDelay   RTX_CM0.lib(rtx_delay.o)
    0x00001676   0x00001676   0x00000002   PAD
    0x00001678   0x00001678   0x000001a4   Code   RO          212    .text.svcRtxKernelInitialize  RTX_CM0.lib(rtx_kernel.o)
    0x0000181c   0x0000181c   0x000000a0   Code   RO          218    .text.svcRtxKernelStart  RTX_CM0.lib(rtx_kernel.o)
    0x000018bc   0x000018bc   0x000000f4   Code   RO          619    .text.svcRtxMessageQueueGet  RTX_CM0.lib(rtx_msgqueue.o)
    0x000019b0   0x000019b0   0x000001c4   Code   RO          613    .text.svcRtxMessageQueueNew  RTX_CM0.lib(rtx_msgqueue.o)
    0x00001b74   0x00001b74   0x000000d0   Code   RO          617    .text.svcRtxMessageQueuePut  RTX_CM0.lib(rtx_msgqueue.o)
    0x00001c44   0x00001c44   0x00000070   Code   RO          345    .text.svcRtxThreadExit  RTX_CM0.lib(rtx_thread.o)
    0x00001cb4   0x00001cb4   0x00000048   Code   RO          355    .text.svcRtxThreadFlagsClear  RTX_CM0.lib(rtx_thread.o)
    0x00001cfc   0x00001cfc   0x00000076   Code   RO          353    .text.svcRtxThreadFlagsSet  RTX_CM0.lib(rtx_thread.o)
    0x00001d72   0x00001d72   0x00000002   PAD
    0x00001d74   0x00001d74   0x00000048   Code   RO          359    .text.svcRtxThreadFlagsWait  RTX_CM0.lib(rtx_thread.o)
    0x00001dbc   0x00001dbc   0x0000000c   Code   RO          321    .text.svcRtxThreadGetId  RTX_CM0.lib(rtx_thread.o)
    0x00001dc8   0x00001dc8   0x00000240   Code   RO          315    .text.svcRtxThreadNew  RTX_CM0.lib(rtx_thread.o)
    0x00002008   0x00002008   0x0000007c   Code   RO           21    .text.toneTask      main.o
    0x00002084   0x00002084   0x000000a0   Data   RO          150    .rodata             rtx_lib.o
    0x00002124   0x00002124   0x00000004   Data   RO          152    .rodata.osRtxUserSVC  rtx_lib.o
    0x00002128   0x00002128   0x00000024   Data   RO          147    .rodata.os_idle_thread_attr  rtx_lib.o
    0x0000214c   0x0000214c   0x00000028   Data   RO           29    .rodata.os_thread_def_buttonTask  main.o
    0x00002174   0x00002174   0x00000028   Data   RO           30    .rodata.os_thread_def_toneTask  main.o
    0x0000219c   0x0000219c   0x00000018   Data   RO          149    .rodata.os_timer_mq_attr  rtx_lib.o
    0x000021b4   0x000021b4   0x00000024   Data   RO          148    .rodata.os_timer_thread_attr  rtx_lib.o
    0x000021d8   0x000021d8   0x0000000b   Data   RO          264    .rodata.str1.4      RTX_CM0.lib(rtx_kernel.o)
    0x000021e3   0x000021e3   0x00000001   PAD
    0x000021e4   0x000021e4   0x00000020   Data   RO          919    Region$$Table       anon$$obj.o


    Execution Region ER_RW (Exec base: 0x1ffff000, Load base: 0x00002204, Size: 0x000000a8, Max: 0xffffffff, ABSOLUTE)

    Exec Addr    Load Addr    Size         Type   Attr      Idx    E Section Name        Object

    0x1ffff000   0x00002204   0x00000004   Data   RW          200    .data.SystemCoreClock  system_mkl25z4.o
    0x1ffff004   0x00002208   0x000000a4   Data   RW          265    .data.os            RTX_CM0.lib(rtx_kernel.o)


    Execution Region ER_ZI (Exec base: 0x1ffff0a8, Load base: 0x000022ac, Size: 0x000016c8, Max: 0xffffffff, ABSOLUTE)

    Exec Addr    Load Addr    Size         Type   Attr      Idx    E Section Name        Object

    0x1ffff0a8        -       0x00000060   Zero   RW          786    .bss                c_p.l(libspace.o)
    0x1ffff108        -       0x00000001   Zero   RW          723    .bss.PendST         RTX_CM0.lib(os_systick.o)
    0x1ffff109   0x000022ac   0x00000007   PAD
    0x1ffff110        -       0x00001230   Zero   RW          146    .bss.os             rtx_lib.o
    0x20000340        -       0x00000034   Zero   RW          155    .bss.os.msgqueue.cb  rtx_lib.o
    0x20000374        -       0x00000050   Zero   RW          156    .bss.os.msgqueue.mem  rtx_lib.o
    0x200003c4        -       0x00000088   Zero   RW           28    .bss.os.thread.cb   main.o
    0x2000044c        -       0x00000088   Zero   RW          153    .bss.os.thread.cb   rtx_lib.o
    0x200004d4   0x000022ac   0x00000004   PAD
    0x200004d8        -       0x00000190   Zero   RW          154    .bss.os.thread.stack  rtx_lib.o
    0x20000668        -       0x00000004   Zero   RW           31    .bss.t_button       main.o
    0x2000066c        -       0x00000004   Zero   RW           27    .bss.t_tone         main.o
    0x20000670        -       0x00000000   Zero   RW          184    HEAP                startup_mkl25z4.o
    0x20000670        -       0x00000100   Zero   RW          183    STACK               startup_mkl25z4.o


==============================================================================

Image component sizes


      Code (inc. data)   RO Data    RW Data    ZI Data      Debug   Object Name

       138         16          0          0          0      10506   cmsis_os1.o
       136         28          0          0          0       2259   gpio.o
       336         56         80          0        144       5152   main.o
       176         36          0          0          0       4350   pit.o
         4          0          0          0          0        814   rtx_config.o
         8          0        260          0       5324       8095   rtx_lib.o
        80         44        192          0        256        928   startup_mkl25z4.o
       288         40          0          4          0       2679   system_mkl25z4.o
       132         16          0          0          0       2226   tpm_pwm.o

    ----------------------------------------------------------------------
      1300        236        564          4       5728      37009   Object Totals
         0          0         32          0          0          0   (incl. Generated)
         2          0          0          0          4          0   (incl. Padding)

    ----------------------------------------------------------------------

      Code (inc. data)   RO Data    RW Data    ZI Data      Debug   Library Member Name

       152         10          0          0          0        508   irq_cm0.o
       134         20          0          0          1       3781   os_systick.o
        58          4          0          0          0       2533   rtx_delay.o
       692         36         11        164          0      16065   rtx_kernel.o
       224          0          0          0          0       2098   rtx_memory.o
       188          0          0          0          0      13479   rtx_mempool.o
      1648         40          0          0          0      16888   rtx_msgqueue.o
        62          0          0          0          0       8843   rtx_mutex.o
       352         16          0          0          0       5065   rtx_system.o
      2196         68          0          0          0      30012   rtx_thread.o
       236         20          0          0          0       8158   rtx_timer.o
         8          0          0          0          0         68   __main.o
         0          0          0          0          0          0   __rtentry.o
        20          0          0          0          0          0   __rtentry2.o
         6          0          0          0          0          0   __rtentry4.o
        60          8          0          0          0          0   __scatter.o
        26          0          0          0          0          0   __scatter_copy.o
        28          0          0          0          0          0   __scatter_zi.o
       346          0          0          0          0         92   aeabi_sdiv.o
        16          0          0          0          0         68   exit.o
         6          0          0          0          0        136   heapauxi.o
         0          0          0          0          0          0   indicate_semi.o
         2          0          0          0          0          0   libinit.o
         2          0          0          0          0          0   libinit2.o
         2          0          0          0          0          0   libshutdown.o
         2          0          0          0          0          0   libshutdown2.o
         8          4          0          0         96         68   libspace.o
        64          0          0          0          0        108   rt_memclr.o
       186          0          0          0          0        144   rt_memcpy.o
         2          0          0          0          0          0   rtexit.o
        10          0          0          0          0          0   rtexit2.o
        12          4          0          0          0         60   sys_exit.o
        62          0          0          0          0         80   sys_stackheap_outer.o
         2          0          0          0          0         68   use_no_semi.o

    ----------------------------------------------------------------------
      6832        230         12        164        104     108322   Library Totals
        20          0          1          0          7          0   (incl. Padding)

    ----------------------------------------------------------------------

      Code (inc. data)   RO Data    RW Data    ZI Data      Debug   Library Name

      5942        214         11        164          1     107430   RTX_CM0.lib
       870         16          0          0         96        892   c_p.l

    ----------------------------------------------------------------------
      6832        230         12        164        104     108322   Library Totals

    ----------------------------------------------------------------------

==============================================================================


      Code (inc. data)   RO Data    RW Data    ZI Data      Debug   

      8132        466        576        168       5832     144723   Grand Totals
      8132        466        576        168       5832     144723   ELF Image Totals
      8132        466        576        168          0          0   ROM Totals

==============================================================================

    Total RO  Size (Code + RO Data)                 8708 (   8.50kB)
    Total RW  Size (RW Data + ZI Data)              6000 (   5.86kB)
    Total ROM Size (Code + RO Data + RW Data)       8876 (   8.67kB)

==============================================================================

