Component: ARM Compiler 6.7 Tool: armlink [5c9ef700]

==============================================================================

Section Cross References

    main.o(.ARM.exidx.text.LED_Init) refers to main.o(.text.LED_Init) for [Anonymous Symbol]
    main.o(.ARM.exidx.text.configureGPIOinput) refers to main.o(.text.configureGPIOinput) for [Anonymous Symbol]
    main.o(.text.PORTD_IRQHandler) refers to cmsis_os1.o(.text.osSignalSet) for osSignalSet
    main.o(.text.PORTD_IRQHandler) refers to main.o(.bss.t_led) for t_led
    main.o(.ARM.exidx.text.PORTD_IRQHandler) refers to main.o(.text.PORTD_IRQHandler) for [Anonymous Symbol]
    main.o(.ARM.exidx.text.redLEDOnOff) refers to main.o(.text.redLEDOnOff) for [Anonymous Symbol]
    main.o(.ARM.exidx.text.greenLEDOnOff) refers to main.o(.text.greenLEDOnOff) for [Anonymous Symbol]
    main.o(.ARM.exidx.text.blueLEDOnOff) refers to main.o(.text.blueLEDOnOff) for [Anonymous Symbol]
    main.o(.text.ledTask) refers to cmsis_os1.o(.text.osSignalWait) for osSignalWait
    main.o(.text.ledTask) refers to rtx_delay.o(.text.osDelay) for osDelay
    main.o(.text.ledTask) refers to cmsis_os1.o(.text.osSignalClear) for osSignalClear
    main.o(.text.ledTask) refers to main.o(.bss.t_button) for t_button
    main.o(.ARM.exidx.text.ledTask) refers to main.o(.text.ledTask) for [Anonymous Symbol]
    main.o(.text.buttonTask) refers to cmsis_os1.o(.text.osSignalWait) for osSignalWait
    main.o(.text.buttonTask) refers to rtx_delay.o(.text.osDelay) for osDelay
    main.o(.text.buttonTask) refers to cmsis_os1.o(.text.osSignalClear) for osSignalClear
    main.o(.text.buttonTask) refers to main.o(.bss.t_button) for t_button
    main.o(.ARM.exidx.text.buttonTask) refers to main.o(.text.buttonTask) for [Anonymous Symbol]
    main.o(.text.main) refers to main.o(.text.LED_Init) for LED_Init
    main.o(.text.main) refers to system_mkl25z4.o(.text.SystemCoreClockUpdate) for SystemCoreClockUpdate
    main.o(.text.main) refers to rtx_kernel.o(.text.osKernelInitialize) for osKernelInitialize
    main.o(.text.main) refers to cmsis_os1.o(.text.osThreadCreate) for osThreadCreate
    main.o(.text.main) refers to rtx_kernel.o(.text.osKernelStart) for osKernelStart
    main.o(.text.main) refers to main.o(.rodata.os_thread_def_ledTask) for os_thread_def_ledTask
    main.o(.text.main) refers to main.o(.bss.t_led) for t_led
    main.o(.ARM.exidx.text.main) refers to main.o(.text.main) for [Anonymous Symbol]
    main.o(.rodata.os_thread_def_buttonTask) refers to main.o(.text.buttonTask) for buttonTask
    main.o(.rodata.os_thread_def_buttonTask) refers to main.o(.bss.os.thread.cb) for [Anonymous Symbol]
    main.o(.rodata.os_thread_def_ledTask) refers to main.o(.text.ledTask) for ledTask
    main.o(.rodata.os_thread_def_ledTask) refers to main.o(.bss.os.thread.cb) for [Anonymous Symbol]
    cmsis_os1.o(.text.osThreadCreate) refers to rtx_thread.o(.text.osThreadNew) for osThreadNew
    cmsis_os1.o(.ARM.exidx.text.osThreadCreate) refers to cmsis_os1.o(.text.osThreadCreate) for [Anonymous Symbol]
    cmsis_os1.o(.text.osSignalSet) refers to rtx_thread.o(.text.osThreadFlagsSet) for osThreadFlagsSet
    cmsis_os1.o(.ARM.exidx.text.osSignalSet) refers to cmsis_os1.o(.text.osSignalSet) for [Anonymous Symbol]
    cmsis_os1.o(.text.osSignalClear) refers to rtx_thread.o(.text.osThreadGetId) for osThreadGetId
    cmsis_os1.o(.text.osSignalClear) refers to rtx_thread.o(.text.osThreadFlagsClear) for osThreadFlagsClear
    cmsis_os1.o(.ARM.exidx.text.osSignalClear) refers to cmsis_os1.o(.text.osSignalClear) for [Anonymous Symbol]
    cmsis_os1.o(.text.osSignalWait) refers to rtx_thread.o(.text.osThreadFlagsWait) for osThreadFlagsWait
    cmsis_os1.o(.ARM.exidx.text.osSignalWait) refers to cmsis_os1.o(.text.osSignalWait) for [Anonymous Symbol]
    cmsis_os1.o(.text.osTimerCreate) refers to rtx_timer.o(.text.osTimerNew) for osTimerNew
    cmsis_os1.o(.ARM.exidx.text.osTimerCreate) refers to cmsis_os1.o(.text.osTimerCreate) for [Anonymous Symbol]
    cmsis_os1.o(.text.osMutexCreate) refers to rtx_mutex.o(.text.osMutexNew) for osMutexNew
    cmsis_os1.o(.ARM.exidx.text.osMutexCreate) refers to cmsis_os1.o(.text.osMutexCreate) for [Anonymous Symbol]
    cmsis_os1.o(.text.osSemaphoreCreate) refers to rtx_semaphore.o(.text.osSemaphoreNew) for osSemaphoreNew
    cmsis_os1.o(.ARM.exidx.text.osSemaphoreCreate) refers to cmsis_os1.o(.text.osSemaphoreCreate) for [Anonymous Symbol]
    cmsis_os1.o(.text.osSemaphoreWait) refers to rtx_semaphore.o(.text.osSemaphoreAcquire) for osSemaphoreAcquire
    cmsis_os1.o(.text.osSemaphoreWait) refers to rtx_semaphore.o(.text.osSemaphoreGetCount) for osSemaphoreGetCount
    cmsis_os1.o(.ARM.exidx.text.osSemaphoreWait) refers to cmsis_os1.o(.text.osSemaphoreWait) for [Anonymous Symbol]
    cmsis_os1.o(.text.osPoolCreate) refers to rtx_mempool.o(.text.osMemoryPoolNew) for osMemoryPoolNew
[...]
    .ARM.Collect$$libinit$$00000013          0x0000013e   Section        0  libinit2.o(.ARM.Collect$$libinit$$00000013)
    .ARM.Collect$$libinit$$00000015          0x0000013e   Section        0  libinit2.o(.ARM.Collect$$libinit$$00000015)
    .ARM.Collect$$libinit$$00000017          0x0000013e   Section        0  libinit2.o(.ARM.Collect$$libinit$$00000017)
    .ARM.Collect$$libinit$$00000019          0x0000013e   Section        0  libinit2.o(.ARM.Collect$$libinit$$00000019)
    .ARM.Collect$$libinit$$0000001B          0x0000013e   Section        0  libinit2.o(.ARM.Collect$$libinit$$0000001B)
    .ARM.Collect$$libinit$$0000001D          0x0000013e   Section        0  libinit2.o(.ARM.Collect$$libinit$$0000001D)
    .ARM.Collect$$libinit$$0000001F          0x0000013e   Section        0  libinit2.o(.ARM.Collect$$libinit$$0000001F)
    .ARM.Collect$$libinit$$00000021          0x0000013e   Section        0  libinit2.o(.ARM.Collect$$libinit$$00000021)
    .ARM.Collect$$libinit$$00000023          0x0000013e   Section        0  libinit2.o(.ARM.Collect$$libinit$$00000023)
    .ARM.Collect$$libinit$$00000025          0x0000013e   Section        0  libinit2.o(.ARM.Collect$$libinit$$00000025)
    .ARM.Collect$$libinit$$0000002C          0x0000013e   Section        0  libinit2.o(.ARM.Collect$$libinit$$0000002C)
    .ARM.Collect$$libinit$$0000002E          0x0000013e   Section        0  libinit2.o(.ARM.Collect$$libinit$$0000002E)
    .ARM.Collect$$libinit$$00000030          0x0000013e   Section        0  libinit2.o(.ARM.Collect$$libinit$$00000030)
    .ARM.Collect$$libinit$$00000032          0x0000013e   Section        0  libinit2.o(.ARM.Collect$$libinit$$00000032)
    .ARM.Collect$$libinit$$00000033          0x0000013e   Section        2  libinit2.o(.ARM.Collect$$libinit$$00000033)
    .ARM.Collect$$libshutdown$$00000000      0x00000140   Section        2  libshutdown.o(.ARM.Collect$$libshutdown$$00000000)
    .ARM.Collect$$libshutdown$$00000002      0x00000142   Section        0  libshutdown2.o(.ARM.Collect$$libshutdown$$00000002)
    .ARM.Collect$$libshutdown$$00000004      0x00000142   Section        0  libshutdown2.o(.ARM.Collect$$libshutdown$$00000004)
    .ARM.Collect$$libshutdown$$00000007      0x00000142   Section        0  libshutdown2.o(.ARM.Collect$$libshutdown$$00000007)
    .ARM.Collect$$libshutdown$$0000000A      0x00000142   Section        0  libshutdown2.o(.ARM.Collect$$libshutdown$$0000000A)
    .ARM.Collect$$libshutdown$$0000000C      0x00000142   Section        0  libshutdown2.o(.ARM.Collect$$libshutdown$$0000000C)
    .ARM.Collect$$libshutdown$$0000000F      0x00000142   Section        0  libshutdown2.o(.ARM.Collect$$libshutdown$$0000000F)
    .ARM.Collect$$libshutdown$$00000010      0x00000142   Section        2  libshutdown2.o(.ARM.Collect$$libshutdown$$00000010)
    .ARM.Collect$$rtentry$$00000000          0x00000144   Section        0  __rtentry.o(.ARM.Collect$$rtentry$$00000000)
    .ARM.Collect$$rtentry$$00000002          0x00000144   Section        0  __rtentry2.o(.ARM.Collect$$rtentry$$00000002)
    .ARM.Collect$$rtentry$$00000004          0x00000144   Section        6  __rtentry4.o(.ARM.Collect$$rtentry$$00000004)
    .ARM.Collect$$rtentry$$00000008          0x0000014a   Section        8  __rtentry2.o(.ARM.Collect$$rtentry$$00000008)
    .ARM.Collect$$rtentry$$0000000A          0x00000152   Section        4  __rtentry2.o(.ARM.Collect$$rtentry$$0000000A)
    .ARM.Collect$$rtentry$$0000000C          0x00000156   Section        0  __rtentry2.o(.ARM.Collect$$rtentry$$0000000C)
    .ARM.Collect$$rtentry$$0000000D          0x00000156   Section        8  __rtentry2.o(.ARM.Collect$$rtentry$$0000000D)
    .ARM.Collect$$rtexit$$00000000           0x0000015e   Section        2  rtexit.o(.ARM.Collect$$rtexit$$00000000)
    .ARM.Collect$$rtexit$$00000002           0x00000160   Section        0  rtexit2.o(.ARM.Collect$$rtexit$$00000002)
    .ARM.Collect$$rtexit$$00000003           0x00000160   Section        4  rtexit2.o(.ARM.Collect$$rtexit$$00000003)
    .ARM.Collect$$rtexit$$00000004           0x00000164   Section        6  rtexit2.o(.ARM.Collect$$rtexit$$00000004)
    .emb_text                                0x0000016c   Section       56  rt_memcpy.o(.emb_text)
    .text                                    0x000001a4   Section      152  irq_cm0.o(.text)
    .text                                    0x0000023c   Section       64  startup_mkl25z4.o(.text)
    .text                                    0x0000027c   Section        0  rt_memcpy.o(.text)
    .text                                    0x000002fe   Section        0  aeabi_memset4.o(.text)
    .text                                    0x00000310   Section        0  rt_memclr.o(.text)
    .text                                    0x00000350   Section        0  heapauxi.o(.text)
    .text                                    0x00000356   Section       62  sys_stackheap_outer.o(.text)
    .text                                    0x00000394   Section        0  exit.o(.text)
    .text                                    0x000003a4   Section        8  libspace.o(.text)
    .text                                    0x000003ac   Section        0  sys_exit.o(.text)
    .text                                    0x000003b8   Section        2  use_no_semi.o(.text)
    [Anonymous Symbol]                       0x000003ba   Section        0  rtx_evr.o(.text.EvrRtxEventFlagsWaitTimeout)
    .text                                    0x000003ba   Section        0  indicate_semi.o(.text)
    [Anonymous Symbol]                       0x000003bc   Section        0  rtx_evr.o(.text.EvrRtxKernelError)
    [Anonymous Symbol]                       0x000003be   Section        0  rtx_evr.o(.text.EvrRtxKernelInitialize)
    [Anonymous Symbol]                       0x000003c0   Section        0  rtx_evr.o(.text.EvrRtxKernelInitializeCompleted)
    [Anonymous Symbol]                       0x000003c2   Section        0  rtx_evr.o(.text.EvrRtxKernelStart)
    [Anonymous Symbol]                       0x000003c4   Section        0  rtx_evr.o(.text.EvrRtxKernelStarted)
    [Anonymous Symbol]                       0x000003c6   Section        0  rtx_evr.o(.text.EvrRtxMemoryAlloc)
    [Anonymous Symbol]                       0x000003c8   Section        0  rtx_evr.o(.text.EvrRtxMemoryBlockAlloc)
    [Anonymous Symbol]                       0x000003ca   Section        0  rtx_evr.o(.text.EvrRtxMemoryBlockFree)
    [Anonymous Symbol]                       0x000003cc   Section        0  rtx_evr.o(.text.EvrRtxMemoryBlockInit)
    [Anonymous Symbol]                       0x000003ce   Section        0  rtx_evr.o(.text.EvrRtxMemoryFree)
    [Anonymous Symbol]                       0x000003d0   Section        0  rtx_evr.o(.text.EvrRtxMemoryInit)
    [Anonymous Symbol]                       0x000003d2   Section        0  rtx_evr.o(.text.EvrRtxMemoryPoolAllocTimeout)
    [Anonymous Symbol]                       0x000003d4   Section        0  rtx_evr.o(.text.EvrRtxMessageQueueCreated)
    [Anonymous Symbol]                       0x000003d6   Section        0  rtx_evr.o(.text.EvrRtxMessageQueueError)
    [Anonymous Symbol]                       0x000003d8   Section        0  rtx_evr.o(.text.EvrRtxMessageQueueGet)
    [Anonymous Symbol]                       0x000003da   Section        0  rtx_evr.o(.text.EvrRtxMessageQueueGetPending)
    [Anonymous Symbol]                       0x000003dc   Section        0  rtx_evr.o(.text.EvrRtxMessageQueueGetTimeout)
    [Anonymous Symbol]                       0x000003de   Section        0  rtx_evr.o(.text.EvrRtxMessageQueueInsertPending)
    [Anonymous Symbol]                       0x000003e0   Section        0  rtx_evr.o(.text.EvrRtxMessageQueueInserted)
    [Anonymous Symbol]                       0x000003e2   Section        0  rtx_evr.o(.text.EvrRtxMessageQueueNew)
    [Anonymous Symbol]                       0x000003e4   Section        0  rtx_evr.o(.text.EvrRtxMessageQueueNotInserted)
    [Anonymous Symbol]                       0x000003e6   Section        0  rtx_evr.o(.text.EvrRtxMessageQueueNotRetrieved)
    [Anonymous Symbol]                       0x000003e8   Section        0  rtx_evr.o(.text.EvrRtxMessageQueuePut)
    [Anonymous Symbol]                       0x000003ea   Section        0  rtx_evr.o(.text.EvrRtxMessageQueuePutPending)
    [Anonymous Symbol]                       0x000003ec   Section        0  rtx_evr.o(.text.EvrRtxMessageQueuePutTimeout)
    [Anonymous Symbol]                       0x000003ee   Section        0  rtx_evr.o(.text.EvrRtxMessageQueueRetrieved)
    [Anonymous Symbol]                       0x000003f0   Section        0  rtx_evr.o(.text.EvrRtxMutexAcquireTimeout)
    [Anonymous Symbol]                       0x000003f2   Section        0  rtx_evr.o(.text.EvrRtxMutexAcquired)
    [Anonymous Symbol]                       0x000003f4   Section        0  rtx_evr.o(.text.EvrRtxMutexReleased)
    [Anonymous Symbol]                       0x000003f6   Section        0  rtx_evr.o(.text.EvrRtxSemaphoreAcquireTimeout)
    [Anonymous Symbol]                       0x000003f8   Section        0  rtx_evr.o(.text.EvrRtxThreadBlocked)
    [Anonymous Symbol]                       0x000003fa   Section        0  rtx_evr.o(.text.EvrRtxThreadCreated)
    [Anonymous Symbol]                       0x000003fc   Section        0  rtx_evr.o(.text.EvrRtxThreadDelay)
    [Anonymous Symbol]                       0x000003fe   Section        0  rtx_evr.o(.text.EvrRtxThreadDelayCompleted)
    .ARM.__at_0x400                          0x00000400   Section       16  startup_mkl25z4.o(.ARM.__at_0x400)
    .text                                    0x00000410   Section      346  aeabi_sdiv.o(.text)
    [Anonymous Symbol]                       0x0000056a   Section        0  rtx_evr.o(.text.EvrRtxThreadDestroyed)
    [Anonymous Symbol]                       0x0000056c   Section        0  rtx_evr.o(.text.EvrRtxThreadError)
    [Anonymous Symbol]                       0x0000056e   Section        0  rtx_evr.o(.text.EvrRtxThreadExit)
    [Anonymous Symbol]                       0x00000570   Section        0  rtx_evr.o(.text.EvrRtxThreadFlagsClear)
    [Anonymous Symbol]                       0x00000572   Section        0  rtx_evr.o(.text.EvrRtxThreadFlagsClearDone)
    [Anonymous Symbol]                       0x00000574   Section        0  rtx_evr.o(.text.EvrRtxThreadFlagsSet)
    [Anonymous Symbol]                       0x00000576   Section        0  rtx_evr.o(.text.EvrRtxThreadFlagsSetDone)
    [Anonymous Symbol]                       0x00000578   Section        0  rtx_evr.o(.text.EvrRtxThreadFlagsWait)
    [Anonymous Symbol]                       0x0000057a   Section        0  rtx_evr.o(.text.EvrRtxThreadFlagsWaitCompleted)
    [Anonymous Symbol]                       0x0000057c   Section        0  rtx_evr.o(.text.EvrRtxThreadFlagsWaitNotCompleted)
    [Anonymous Symbol]                       0x0000057e   Section        0  rtx_evr.o(.text.EvrRtxThreadFlagsWaitPending)
    [Anonymous Symbol]                       0x00000580   Section        0  rtx_evr.o(.text.EvrRtxThreadFlagsWaitTimeout)
    [Anonymous Symbol]                       0x00000582   Section        0  rtx_evr.o(.text.EvrRtxThreadGetId)
    [Anonymous Symbol]                       0x00000584   Section        0  rtx_evr.o(.text.EvrRtxThreadJoined)
    [Anonymous Symbol]                       0x00000586   Section        0  rtx_evr.o(.text.EvrRtxThreadNew)
    [Anonymous Symbol]                       0x00000588   Section        0  rtx_evr.o(.text.EvrRtxThreadSwitch)
    [Anonymous Symbol]                       0x0000058a   Section        0  rtx_evr.o(.text.EvrRtxThreadUnblocked)
    [Anonymous Symbol]                       0x0000058c   Section        0  rtx_evr.o(.text.EvrRtxTimerCallback)
    [Anonymous Symbol]                       0x00000590   Section        0  main.o(.text.LED_Init)
    __arm_cp.0_0                             0x000005ec   Number         4  main.o(.text.LED_Init)
    __arm_cp.0_1                             0x000005f0   Number         4  main.o(.text.LED_Init)
    __arm_cp.0_2                             0x000005f4   Number         4  main.o(.text.LED_Init)
    __arm_cp.0_3                             0x000005f8   Number         4  main.o(.text.LED_Init)
    [Anonymous Symbol]                       0x000005fc   Section        0  rtx_msgqueue.o(.text.MessageQueueGet)
    MessageQueueGet                          0x000005fd   Thumb Code    74  rtx_msgqueue.o(.text.MessageQueueGet)
    [Anonymous Symbol]                       0x00000646   Section        0  rtx_msgqueue.o(.text.MessageQueuePut)
    MessageQueuePut                          0x00000647   Thumb Code   102  rtx_msgqueue.o(.text.MessageQueuePut)
    [Anonymous Symbol]                       0x000006ac   Section        0  os_systick.o(.text.OS_Tick_AcknowledgeIRQ)
    [Anonymous Symbol]                       0x000006b4   Section        0  os_systick.o(.text.OS_Tick_Enable)
    __arm_cp.1_1                             0x000006d8   Number         4  os_systick.o(.text.OS_Tick_Enable)
    [Anonymous Symbol]                       0x000006dc   Section        0  os_systick.o(.text.OS_Tick_GetIRQn)
    [Anonymous Symbol]                       0x000006e4   Section        0  os_systick.o(.text.OS_Tick_Setup)
    __arm_cp.0_1                             0x00000724   Number         4  os_systick.o(.text.OS_Tick_Setup)
    __arm_cp.0_2                             0x00000728   Number         4  os_systick.o(.text.OS_Tick_Setup)
    __arm_cp.0_3                             0x0000072c   Number         4  os_systick.o(.text.OS_Tick_Setup)
    __arm_cp.0_4                             0x00000730   Number         4  os_systick.o(.text.OS_Tick_Setup)
    [Anonymous Symbol]                       0x00000734   Section        0  main.o(.text.PORTD_IRQHandler)
    __arm_cp.2_1                             0x0000075c   Number         4  main.o(.text.PORTD_IRQHandler)
    [Anonymous Symbol]                       0x00000760   Section        0  system_mkl25z4.o(.text.SystemCoreClockUpdate)
    __arm_cp.1_0                             0x00000858   Number         4  system_mkl25z4.o(.text.SystemCoreClockUpdate)
    __arm_cp.1_1                             0x0000085c   Number         4  system_mkl25z4.o(.text.SystemCoreClockUpdate)
    __arm_cp.1_2                             0x00000860   Number         4  system_mkl25z4.o(.text.SystemCoreClockUpdate)
    __arm_cp.1_3                             0x00000864   Number         4  system_mkl25z4.o(.text.SystemCoreClockUpdate)
    __arm_cp.1_4                             0x00000868   Number         4  system_mkl25z4.o(.text.SystemCoreClockUpdate)
    __arm_cp.1_5                             0x0000086c   Number         4  system_mkl25z4.o(.text.SystemCoreClockUpdate)
    __arm_cp.1_6                             0x00000870   Number         4  system_mkl25z4.o(.text.SystemCoreClockUpdate)
    [Anonymous Symbol]                       0x00000874   Section        0  system_mkl25z4.o(.text.SystemInit)
    __arm_cp.0_0                             0x0000087c   Number         4  system_mkl25z4.o(.text.SystemInit)
    [Anonymous Symbol]                       0x00000880   Section        0  rtx_thread.o(.text.ThreadFlagsCheck)
    ThreadFlagsCheck                         0x00000881   Thumb Code    98  rtx_thread.o(.text.ThreadFlagsCheck)
    [Anonymous Symbol]                       0x000008e4   Section        0  rtx_timer.o(.text.TimerInsert)
    TimerInsert                              0x000008e5   Thumb Code    80  rtx_timer.o(.text.TimerInsert)
    __arm_cp.1_0                             0x00000930   Number         4  rtx_timer.o(.text.TimerInsert)
    [Anonymous Symbol]                       0x00000934   Section        0  rtx_lib.o(.text._platform_post_stackheap_init)
    [Anonymous Symbol]                       0x0000093c   Section        0  main.o(.text.ledTask)
    __arm_cp.6_0                             0x0000098c   Number         4  main.o(.text.ledTask)
    __arm_cp.6_1                             0x00000990   Number         4  main.o(.text.ledTask)
    [Anonymous Symbol]                       0x00000994   Section        0  main.o(.text.main)
    __arm_cp.8_0                             0x000009ec   Number         4  main.o(.text.main)
    __arm_cp.8_1                             0x000009f0   Number         4  main.o(.text.main)
    __arm_cp.8_2                             0x000009f4   Number         4  main.o(.text.main)
    __arm_cp.8_3                             0x000009f8   Number         4  main.o(.text.main)
    __arm_cp.8_4                             0x000009fc   Number         4  main.o(.text.main)
    __arm_cp.8_5                             0x00000a00   Number         4  main.o(.text.main)
    __arm_cp.8_6                             0x00000a04   Number         4  main.o(.text.main)
    __arm_cp.8_7                             0x00000a08   Number         4  main.o(.text.main)
    __arm_cp.8_8                             0x00000a0c   Number         4  main.o(.text.main)
    [Anonymous Symbol]                       0x00000a10   Section        0  rtx_delay.o(.text.osDelay)
    __arm_cp.2_0                             0x00000a44   Number         4  rtx_delay.o(.text.osDelay)
    [Anonymous Symbol]                       0x00000a48   Section        0  rtx_kernel.o(.text.osKernelInitialize)
    __arm_cp.13_0                            0x00000a8c   Number         4  rtx_kernel.o(.text.osKernelInitialize)
    [Anonymous Symbol]                       0x00000a90   Section        0  rtx_kernel.o(.text.osKernelStart)
    __arm_cp.16_0                            0x00000ad4   Number         4  rtx_kernel.o(.text.osKernelStart)
    [Anonymous Symbol]                       0x00000ad8   Section        0  rtx_msgqueue.o(.text.osMessageQueueGet)
    __arm_cp.16_0                            0x00000b78   Number         4  rtx_msgqueue.o(.text.osMessageQueueGet)
    [Anonymous Symbol]                       0x00000b7c   Section        0  rtx_msgqueue.o(.text.osMessageQueueNew)
    __arm_cp.13_0                            0x00000bd0   Number         4  rtx_msgqueue.o(.text.osMessageQueueNew)
    [Anonymous Symbol]                       0x00000bd4   Section        0  rtx_msgqueue.o(.text.osMessageQueuePut)
    __arm_cp.15_0                            0x00000c7c   Number         4  rtx_msgqueue.o(.text.osMessageQueuePut)
    [Anonymous Symbol]                       0x00000c80   Section        0  rtx_config.o(.text.osRtxErrorNotify)
    [Anonymous Symbol]                       0x00000c82   Section        0  rtx_config.o(.text.osRtxIdleThread)
    [Anonymous Symbol]                       0x00000c84   Section        0  rtx_memory.o(.text.osRtxMemoryAlloc)
    [Anonymous Symbol]                       0x00000cf8   Section        0  rtx_memory.o(.text.osRtxMemoryFree)
    [Anonymous Symbol]                       0x00000d44   Section        0  rtx_memory.o(.text.osRtxMemoryInit)
    [Anonymous Symbol]                       0x00000d82   Section        0  rtx_mempool.o(.text.osRtxMemoryPoolAlloc)
    [Anonymous Symbol]                       0x00000dc2   Section        0  rtx_mempool.o(.text.osRtxMemoryPoolFree)
    [Anonymous Symbol]                       0x00000e06   Section        0  rtx_mempool.o(.text.osRtxMemoryPoolInit)
    [Anonymous Symbol]                       0x00000e62   Section        0  rtx_msgqueue.o(.text.osRtxMessageQueuePostProcess)
    [Anonymous Symbol]                       0x00000f8e   Section        0  rtx_mutex.o(.text.osRtxMutexOwnerRelease)
    [Anonymous Symbol]                       0x00000fe0   Section        0  rtx_system.o(.text.osRtxPendSV_Handler)
    [Anonymous Symbol]                       0x00001064   Section        0  rtx_system.o(.text.osRtxPostProcess)
    __arm_cp.2_1                             0x000010cc   Number         4  rtx_system.o(.text.osRtxPostProcess)
    [Anonymous Symbol]                       0x000010d0   Section        0  rtx_thread.o(.text.osRtxThreadBlock)
    [Anonymous Symbol]                       0x00001110   Section        0  rtx_thread.o(.text.osRtxThreadDelayInsert)
    [Anonymous Symbol]                       0x00001198   Section        0  rtx_thread.o(.text.osRtxThreadDelayRemove)
    [Anonymous Symbol]                       0x000011f0   Section        0  rtx_thread.o(.text.osRtxThreadDelayTick)
    [Anonymous Symbol]                       0x00001310   Section        0  rtx_thread.o(.text.osRtxThreadDispatch)
    __arm_cp.14_0                            0x00001394   Number         4  rtx_thread.o(.text.osRtxThreadDispatch)
    [Anonymous Symbol]                       0x00001398   Section        0  rtx_thread.o(.text.osRtxThreadFree)
    osRtxThreadFree                          0x00001399   Thumb Code    84  rtx_thread.o(.text.osRtxThreadFree)
    __arm_cp.32_0                            0x000013e8   Number         4  rtx_thread.o(.text.osRtxThreadFree)
    [Anonymous Symbol]                       0x000013ec   Section        0  rtx_thread.o(.text.osRtxThreadListGet)
    [Anonymous Symbol]                       0x00001404   Section        0  rtx_thread.o(.text.osRtxThreadListPut)
    [Anonymous Symbol]                       0x0000143c   Section        0  rtx_thread.o(.text.osRtxThreadListRemove)
    [Anonymous Symbol]                       0x00001454   Section        0  rtx_thread.o(.text.osRtxThreadPostProcess)
    [Anonymous Symbol]                       0x0000148c   Section        0  rtx_thread.o(.text.osRtxThreadReadyPut)
    __arm_cp.6_0                             0x000014a0   Number         4  rtx_thread.o(.text.osRtxThreadReadyPut)
    [Anonymous Symbol]                       0x000014a4   Section        0  rtx_thread.o(.text.osRtxThreadRegPtr)
    [Anonymous Symbol]                       0x000014ac   Section        0  rtx_thread.o(.text.osRtxThreadStackCheck)
    __arm_cp.13_1                            0x000014d0   Number         4  rtx_thread.o(.text.osRtxThreadStackCheck)
    [Anonymous Symbol]                       0x000014d4   Section        0  rtx_thread.o(.text.osRtxThreadSwitch)
    __arm_cp.12_0                            0x000014ec   Number         4  rtx_thread.o(.text.osRtxThreadSwitch)
    [Anonymous Symbol]                       0x000014f0   Section        0  rtx_thread.o(.text.osRtxThreadWaitEnter)
    __arm_cp.16_0                            0x00001568   Number         4  rtx_thread.o(.text.osRtxThreadWaitEnter)
    [Anonymous Symbol]                       0x0000156c   Section        0  rtx_thread.o(.text.osRtxThreadWaitExit)
    __arm_cp.15_0                            0x000015a0   Number         4  rtx_thread.o(.text.osRtxThreadWaitExit)
    [Anonymous Symbol]                       0x000015a4   Section        0  rtx_system.o(.text.osRtxTick_Handler)
    [Anonymous Symbol]                       0x00001614   Section        0  rtx_timer.o(.text.osRtxTimerThread)
    __arm_cp.2_0                             0x00001654   Number         4  rtx_timer.o(.text.osRtxTimerThread)
    __arm_cp.2_2                             0x00001658   Number         4  rtx_timer.o(.text.osRtxTimerThread)
    [Anonymous Symbol]                       0x0000165c   Section        0  rtx_timer.o(.text.osRtxTimerTick)
    __arm_cp.0_0                             0x000016b8   Number         4  rtx_timer.o(.text.osRtxTimerTick)
    [Anonymous Symbol]                       0x000016bc   Section        0  cmsis_os1.o(.text.osSignalClear)
    [Anonymous Symbol]                       0x000016de   Section        0  cmsis_os1.o(.text.osSignalSet)
    [Anonymous Symbol]                       0x000016f8   Section        0  cmsis_os1.o(.text.osSignalWait)
    __arm_cp.3_0                             0x00001724   Number         4  cmsis_os1.o(.text.osSignalWait)
    [Anonymous Symbol]                       0x00001734   Section        0  cmsis_os1.o(.text.osThreadCreate)
    [Anonymous Symbol]                       0x00001748   Section        0  rtx_thread.o(.text.osThreadExit)
    __arm_cp.20_0                            0x0000175c   Number         4  rtx_thread.o(.text.osThreadExit)
    [Anonymous Symbol]                       0x00001760   Section        0  rtx_thread.o(.text.osThreadFlagsClear)
    __arm_cp.59_0                            0x00001794   Number         4  rtx_thread.o(.text.osThreadFlagsClear)
    [Anonymous Symbol]                       0x00001798   Section        0  rtx_thread.o(.text.osThreadFlagsSet)
    __arm_cp.58_0                            0x00001814   Number         4  rtx_thread.o(.text.osThreadFlagsSet)
    [Anonymous Symbol]                       0x00001818   Section        0  rtx_thread.o(.text.osThreadFlagsWait)
    __arm_cp.61_0                            0x00001858   Number         4  rtx_thread.o(.text.osThreadFlagsWait)
    [Anonymous Symbol]                       0x0000185c   Section        0  rtx_thread.o(.text.osThreadGetId)
    __arm_cp.44_0                            0x00001884   Number         4  rtx_thread.o(.text.osThreadGetId)
    [Anonymous Symbol]                       0x00001888   Section        0  rtx_thread.o(.text.osThreadNew)
    __arm_cp.42_0                            0x000018dc   Number         4  rtx_thread.o(.text.osThreadNew)
    [Anonymous Symbol]                       0x000018e0   Section        0  rtx_delay.o(.text.svcRtxDelay)
    [Anonymous Symbol]                       0x000018f4   Section        0  rtx_kernel.o(.text.svcRtxKernelInitialize)
    __arm_cp.0_2                             0x00001a90   Number         4  rtx_kernel.o(.text.svcRtxKernelInitialize)
    [Anonymous Symbol]                       0x00001a94   Section        0  rtx_kernel.o(.text.svcRtxKernelStart)
    __arm_cp.3_1                             0x00001b34   Number         4  rtx_kernel.o(.text.svcRtxKernelStart)
    __arm_cp.3_2                             0x00001b38   Number         4  rtx_kernel.o(.text.svcRtxKernelStart)
    __arm_cp.3_3                             0x00001b3c   Number         4  rtx_kernel.o(.text.svcRtxKernelStart)
    __arm_cp.3_4                             0x00001b40   Number         4  rtx_kernel.o(.text.svcRtxKernelStart)
    [Anonymous Symbol]                       0x00001b44   Section        0  rtx_msgqueue.o(.text.svcRtxMessageQueueGet)
    __arm_cp.5_0                             0x00001c7c   Number         4  rtx_msgqueue.o(.text.svcRtxMessageQueueGet)
    [Anonymous Symbol]                       0x00001c80   Section        0  rtx_msgqueue.o(.text.svcRtxMessageQueueNew)
    __arm_cp.2_0                             0x00001e4c   Number         4  rtx_msgqueue.o(.text.svcRtxMessageQueueNew)
    __arm_cp.2_1                             0x00001e50   Number         4  rtx_msgqueue.o(.text.svcRtxMessageQueueNew)
    __arm_cp.2_2                             0x00001e54   Number         4  rtx_msgqueue.o(.text.svcRtxMessageQueueNew)
    __arm_cp.2_3                             0x00001e58   Number         4  rtx_msgqueue.o(.text.svcRtxMessageQueueNew)
    __arm_cp.2_4                             0x00001e5c   Number         4  rtx_msgqueue.o(.text.svcRtxMessageQueueNew)
    __arm_cp.2_5                             0x00001e60   Number         4  rtx_msgqueue.o(.text.svcRtxMessageQueueNew)
    [Anonymous Symbol]                       0x00001e64   Section        0  rtx_msgqueue.o(.text.svcRtxMessageQueuePut)
    [Anonymous Symbol]                       0x00001f64   Section        0  rtx_thread.o(.text.svcRtxThreadExit)
    __arm_cp.34_0                            0x00001ff4   Number         4  rtx_thread.o(.text.svcRtxThreadExit)
    [Anonymous Symbol]                       0x00001ff8   Section        0  rtx_thread.o(.text.svcRtxThreadFlagsClear)
    __arm_cp.39_0                            0x00002054   Number         4  rtx_thread.o(.text.svcRtxThreadFlagsClear)
    [Anonymous Symbol]                       0x00002058   Section        0  rtx_thread.o(.text.svcRtxThreadFlagsSet)
    [Anonymous Symbol]                       0x000020f0   Section        0  rtx_thread.o(.text.svcRtxThreadFlagsWait)
    [Anonymous Symbol]                       0x00002178   Section        0  rtx_thread.o(.text.svcRtxThreadGetId)
    __arm_cp.22_0                            0x00002188   Number         4  rtx_thread.o(.text.svcRtxThreadGetId)
    [Anonymous Symbol]                       0x0000218c   Section        0  rtx_thread.o(.text.svcRtxThreadNew)
    __arm_cp.19_0                            0x000023bc   Number         4  rtx_thread.o(.text.svcRtxThreadNew)
    __arm_cp.19_1                            0x000023c0   Number         4  rtx_thread.o(.text.svcRtxThreadNew)
    __arm_cp.19_2                            0x000023c4   Number         4  rtx_thread.o(.text.svcRtxThreadNew)
    __arm_cp.19_3                            0x000023c8   Number         4  rtx_thread.o(.text.svcRtxThreadNew)
    __arm_cp.19_4                            0x000023cc   Number         4  rtx_thread.o(.text.svcRtxThreadNew)
    [Anonymous Symbol]                       0x00002474   Section        0  rtx_lib.o(.rodata.os_idle_thread_attr)
    os_idle_thread_attr                      0x00002474   Data          36  rtx_lib.o(.rodata.os_idle_thread_attr)
    [Anonymous Symbol]                       0x000024c0   Section        0  rtx_lib.o(.rodata.os_timer_mq_attr)
    os_timer_mq_attr                         0x000024c0   Data          24  rtx_lib.o(.rodata.os_timer_mq_attr)
    [Anonymous Symbol]                       0x000024d8   Section        0  rtx_lib.o(.rodata.os_timer_thread_attr)
    os_timer_thread_attr                     0x000024d8   Data          36  rtx_lib.o(.rodata.os_timer_thread_attr)
    [Anonymous Symbol]                       0x000024fc   Section        0  rtx_kernel.o(.rodata.str1.4)
    .L.str                                   0x000024fc   Data          11  rtx_kernel.o(.rodata.str1.4)
    .bss                                     0x1ffff0a8   Section       96  libspace.o(.bss)
    [Anonymous Symbol]                       0x1ffff108   Section        0  os_systick.o(.bss.PendST)
    PendST                                   0x1ffff108   Data           1  os_systick.o(.bss.PendST)
    [Anonymous Symbol]                       0x1ffff110   Section        0  rtx_lib.o(.bss.os)
    os_isr_queue                             0x1ffff110   Data          64  rtx_lib.o(.bss.os)
    os_mem                                   0x1ffff150   Data        4096  rtx_lib.o(.bss.os)
    os_libspace                              0x20000150   Data         480  rtx_lib.o(.bss.os)
    os_libspace_id                           0x20000330   Data          16  rtx_lib.o(.bss.os)
    [Anonymous Symbol]                       0x20000340   Section        0  rtx_lib.o(.bss.os.msgqueue.cb)
    os_timer_mq_cb                           0x20000340   Data          52  rtx_lib.o(.bss.os.msgqueue.cb)
    [Anonymous Symbol]                       0x20000374   Section        0  rtx_lib.o(.bss.os.msgqueue.mem)
    os_timer_mq_data                         0x20000374   Data          80  rtx_lib.o(.bss.os.msgqueue.mem)
    [Anonymous Symbol]                       0x200003c4   Section        0  main.o(.bss.os.thread.cb)
    os_thread_cb_buttonTask                  0x200003c4   Data          68  main.o(.bss.os.thread.cb)
    os_thread_cb_ledTask                     0x20000408   Data          68  main.o(.bss.os.thread.cb)
    [Anonymous Symbol]                       0x2000044c   Section        0  rtx_lib.o(.bss.os.thread.cb)
    os_idle_thread_cb                        0x2000044c   Data          68  rtx_lib.o(.bss.os.thread.cb)
    os_timer_thread_cb                       0x20000490   Data          68  rtx_lib.o(.bss.os.thread.cb)
    [Anonymous Symbol]                       0x200004d8   Section        0  rtx_lib.o(.bss.os.thread.stack)
    os_idle_thread_stack                     0x200004d8   Data         200  rtx_lib.o(.bss.os.thread.stack)
    os_timer_thread_stack                    0x200005a0   Data         200  rtx_lib.o(.bss.os.thread.stack)
    HEAP                                     0x20000670   Section        0  startup_mkl25z4.o(HEAP)
    STACK                                    0x20000670   Section      256  startup_mkl25z4.o(STACK)
    Heap_Mem                                 0x20000670   Data           0  startup_mkl25z4.o(HEAP)
    Stack_Mem                                0x20000670   Data         256  startup_mkl25z4.o(STACK)
    __initial_sp                             0x20000770   Data           0  startup_mkl25z4.o(STACK)

    Global Symbols

    Symbol Name                              Value     Ov Type        Size  Object(Section)

    BuildAttributes$$THM_ISAv3M$S$PE$A:L22$X:L11$S22$IEEE1$IW$~IW$USESV6$~STKCKD$USESV7$~SHL$OSPACE$ROPI$EBA8$UX$STANDARDLIB$REQ8$PRES8$EABIv2 0x00000000   Number         0  anon$$obj.o ABSOLUTE
    __Vectors                                0x00000000   Data           4  startup_mkl25z4.o(RESET)
    .bss.os.evflags.cb$$Base                  - Undefined Weak Reference
    .bss.os.evflags.cb$$Limit                 - Undefined Weak Reference
    .bss.os.mempool.cb$$Base                  - Undefined Weak Reference
    .bss.os.mempool.cb$$Limit                 - Undefined Weak Reference
    .bss.os.mutex.cb$$Base                    - Undefined Weak Reference
    .bss.os.mutex.cb$$Limit                   - Undefined Weak Reference
    .bss.os.semaphore.cb$$Base                - Undefined Weak Reference
    .bss.os.semaphore.cb$$Limit               - Undefined Weak Reference
    .bss.os.timer.cb$$Base                    - Undefined Weak Reference
    .bss.os.timer.cb$$Limit                   - Undefined Weak Reference
    __ARM_exceptions_init                     - Undefined Weak Reference
    __alloca_initialize                       - Undefined Weak Reference
    __arm_preinit_                            - Undefined Weak Reference
    __cpp_initialize__aeabi_                  - Undefined Weak Reference
    __cxa_finalize                            - Undefined Weak Reference
    __rt_locale                               - Undefined Weak Reference
    __sigvec_lookup                           - Undefined Weak Reference
    _atexit_init                              - Undefined Weak Reference
    _call_atexit_fns                          - Undefined Weak Reference
    _clock_init                               - Undefined Weak Reference
    _fp_trap_init                             - Undefined Weak Reference
    _fp_trap_shutdown                         - Undefined Weak Reference
    _get_lc_collate                           - Undefined Weak Reference
    _get_lc_ctype                             - Undefined Weak Reference
    _get_lc_monetary                          - Undefined Weak Reference
    _get_lc_numeric                           - Undefined Weak Reference
    _get_lc_time                              - Undefined Weak Reference
    _getenv_init                              - Undefined Weak Reference
    _handle_redirection                       - Undefined Weak Reference
    _init_alloc                               - Undefined Weak Reference
    _init_user_alloc                          - Undefined Weak Reference
    _initio                                   - Undefined Weak Reference
    _rand_init                                - Undefined Weak Reference
    _signal_finish                            - Undefined Weak Reference
    _signal_init                              - Undefined Weak Reference
    _terminate_alloc                          - Undefined Weak Reference
    _terminate_user_alloc                     - Undefined Weak Reference
    _terminateio                              - Undefined Weak Reference
    __Vectors_End                            0x000000c0   Data           0  startup_mkl25z4.o(RESET)
    __Vectors_Size                           0x000000c0   Number         0  startup_mkl25z4.o ABSOLUTE
    __main                                   0x000000c1   Thumb Code     8  __main.o(!!!main)
    __scatterload                            0x000000c9   Thumb Code     0  __scatter.o(!!!scatter)
    __scatterload_rt2                        0x000000c9   Thumb Code    52  __scatter.o(!!!scatter)
    __scatterload_rt2_thumb_only             0x000000c9   Thumb Code     0  __scatter.o(!!!scatter)
    __scatterload_null                       0x000000d9   Thumb Code     0  __scatter.o(!!!scatter)
    __scatterload_copy                       0x00000105   Thumb Code    26  __scatter_copy.o(!!handler_copy)
    __scatterload_zeroinit                   0x00000121   Thumb Code    28  __scatter_zi.o(!!handler_zi)
    __rt_lib_init                            0x0000013d   Thumb Code     0  libinit.o(.ARM.Collect$$libinit$$00000000)
    __rt_lib_init_alloca_1                   0x0000013f   Thumb Code     0  libinit2.o(.ARM.Collect$$libinit$$0000002E)
    __rt_lib_init_argv_1                     0x0000013f   Thumb Code     0  libinit2.o(.ARM.Collect$$libinit$$0000002C)
    __rt_lib_init_atexit_1                   0x0000013f   Thumb Code     0  libinit2.o(.ARM.Collect$$libinit$$0000001B)
    __rt_lib_init_clock_1                    0x0000013f   Thumb Code     0  libinit2.o(.ARM.Collect$$libinit$$00000021)
    __rt_lib_init_cpp_1                      0x0000013f   Thumb Code     0  libinit2.o(.ARM.Collect$$libinit$$00000032)
    __rt_lib_init_exceptions_1               0x0000013f   Thumb Code     0  libinit2.o(.ARM.Collect$$libinit$$00000030)
    __rt_lib_init_fp_1                       0x0000013f   Thumb Code     0  libinit2.o(.ARM.Collect$$libinit$$00000002)
    __rt_lib_init_fp_trap_1                  0x0000013f   Thumb Code     0  libinit2.o(.ARM.Collect$$libinit$$0000001F)
    __rt_lib_init_getenv_1                   0x0000013f   Thumb Code     0  libinit2.o(.ARM.Collect$$libinit$$00000023)
    __rt_lib_init_heap_1                     0x0000013f   Thumb Code     0  libinit2.o(.ARM.Collect$$libinit$$0000000A)
    __rt_lib_init_lc_collate_1               0x0000013f   Thumb Code     0  libinit2.o(.ARM.Collect$$libinit$$00000011)
    __rt_lib_init_lc_ctype_1                 0x0000013f   Thumb Code     0  libinit2.o(.ARM.Collect$$libinit$$00000013)
    __rt_lib_init_lc_monetary_1              0x0000013f   Thumb Code     0  libinit2.o(.ARM.Collect$$libinit$$00000015)
    __rt_lib_init_lc_numeric_1               0x0000013f   Thumb Code     0  libinit2.o(.ARM.Collect$$libinit$$00000017)
    __rt_lib_init_lc_time_1                  0x0000013f   Thumb Code     0  libinit2.o(.ARM.Collect$$libinit$$00000019)
    __rt_lib_init_preinit_1                  0x0000013f   Thumb Code     0  libinit2.o(.ARM.Collect$$libinit$$00000004)
    __rt_lib_init_rand_1                     0x0000013f   Thumb Code     0  libinit2.o(.ARM.Collect$$libinit$$0000000E)
    __rt_lib_init_return                     0x0000013f   Thumb Code     0  libinit2.o(.ARM.Collect$$libinit$$00000033)
    __rt_lib_init_signal_1                   0x0000013f   Thumb Code     0  libinit2.o(.ARM.Collect$$libinit$$0000001D)
    __rt_lib_init_stdio_1                    0x0000013f   Thumb Code     0  libinit2.o(.ARM.Collect$$libinit$$00000025)
    __rt_lib_init_user_alloc_1               0x0000013f   Thumb Code     0  libinit2.o(.ARM.Collect$$libinit$$0000000C)
    __rt_lib_shutdown                        0x00000141   Thumb Code     0  libshutdown.o(.ARM.Collect$$libshutdown$$00000000)
    __rt_lib_shutdown_cpp_1                  0x00000143   Thumb Code     0  libshutdown2.o(.ARM.Collect$$libshutdown$$00000002)
    __rt_lib_shutdown_fp_trap_1              0x00000143   Thumb Code     0  libshutdown2.o(.ARM.Collect$$libshutdown$$00000007)
    __rt_lib_shutdown_heap_1                 0x00000143   Thumb Code     0  libshutdown2.o(.ARM.Collect$$libshutdown$$0000000F)
    __rt_lib_shutdown_return                 0x00000143   Thumb Code     0  libshutdown2.o(.ARM.Collect$$libshutdown$$00000010)
    __rt_lib_shutdown_signal_1               0x00000143   Thumb Code     0  libshutdown2.o(.ARM.Collect$$libshutdown$$0000000A)
    __rt_lib_shutdown_stdio_1                0x00000143   Thumb Code     0  libshutdown2.o(.ARM.Collect$$libshutdown$$00000004)
    __rt_lib_shutdown_user_alloc_1           0x00000143   Thumb Code     0  libshutdown2.o(.ARM.Collect$$libshutdown$$0000000C)
    __rt_entry                               0x00000145   Thumb Code     0  __rtentry.o(.ARM.Collect$$rtentry$$00000000)
    __rt_entry_presh_1                       0x00000145   Thumb Code     0  __rtentry2.o(.ARM.Collect$$rtentry$$00000002)
    __rt_entry_sh                            0x00000145   Thumb Code     0  __rtentry4.o(.ARM.Collect$$rtentry$$00000004)
    __rt_entry_postsh_1                      0x0000014b   Thumb Code     0  __rtentry2.o(.ARM.Collect$$rtentry$$00000008)
    __rt_entry_li                            0x00000153   Thumb Code     0  __rtentry2.o(.ARM.Collect$$rtentry$$0000000A)
    __rt_entry_main                          0x00000157   Thumb Code     0  __rtentry2.o(.ARM.Collect$$rtentry$$0000000D)
    __rt_entry_postli_1                      0x00000157   Thumb Code     0  __rtentry2.o(.ARM.Collect$$rtentry$$0000000C)
    __rt_exit                                0x0000015f   Thumb Code     0  rtexit.o(.ARM.Collect$$rtexit$$00000000)
    __rt_exit_ls                             0x00000161   Thumb Code     0  rtexit2.o(.ARM.Collect$$rtexit$$00000003)
    __rt_exit_prels_1                        0x00000161   Thumb Code     0  rtexit2.o(.ARM.Collect$$rtexit$$00000002)
    __rt_exit_exit                           0x00000165   Thumb Code     0  rtexit2.o(.ARM.Collect$$rtexit$$00000004)
    __aeabi_memcpy4                          0x0000016d   Thumb Code    56  rt_memcpy.o(.emb_text)
    __aeabi_memcpy8                          0x0000016d   Thumb Code     0  rt_memcpy.o(.emb_text)
    SVC_Handler                              0x000001a5   Thumb Code   120  irq_cm0.o(.text)
    PendSV_Handler                           0x0000021d   Thumb Code    12  irq_cm0.o(.text)
    SysTick_Handler                          0x00000229   Thumb Code    12  irq_cm0.o(.text)
    Reset_Handler                            0x0000023d   Thumb Code    12  startup_mkl25z4.o(.text)
    NMI_Handler                              0x00000249   Thumb Code     2  startup_mkl25z4.o(.text)
    HardFault_Handler                        0x0000024b   Thumb Code     2  startup_mkl25z4.o(.text)
    ADC0_IRQHandler                          0x00000253   Thumb Code     0  startup_mkl25z4.o(.text)
    CMP0_IRQHandler                          0x00000253   Thumb Code     0  startup_mkl25z4.o(.text)
    DAC0_IRQHandler                          0x00000253   Thumb Code     0  startup_mkl25z4.o(.text)
    DMA0_IRQHandler                          0x00000253   Thumb Code     0  startup_mkl25z4.o(.text)
    DMA1_IRQHandler                          0x00000253   Thumb Code     0  startup_mkl25z4.o(.text)
    DMA2_IRQHandler                          0x00000253   Thumb Code     0  startup_mkl25z4.o(.text)
    DMA3_IRQHandler                          0x00000253   Thumb Code     0  startup_mkl25z4.o(.text)
    DefaultISR                               0x00000253   Thumb Code     0  startup_mkl25z4.o(.text)
    FTFA_IRQHandler                          0x00000253   Thumb Code     0  startup_mkl25z4.o(.text)
    I2C0_IRQHandler                          0x00000253   Thumb Code     0  startup_mkl25z4.o(.text)
    I2C1_IRQHandler                          0x00000253   Thumb Code     0  startup_mkl25z4.o(.text)
    LLWU_IRQHandler                          0x00000253   Thumb Code     0  startup_mkl25z4.o(.text)
    LPTMR0_IRQHandler                        0x00000253   Thumb Code     0  startup_mkl25z4.o(.text)
    LVD_LVW_IRQHandler                       0x00000253   Thumb Code     0  startup_mkl25z4.o(.text)
    MCG_IRQHandler                           0x00000253   Thumb Code     0  startup_mkl25z4.o(.text)
    PIT_IRQHandler                           0x00000253   Thumb Code     0  startup_mkl25z4.o(.text)
    PORTA_IRQHandler                         0x00000253   Thumb Code     0  startup_mkl25z4.o(.text)
    RTC_IRQHandler                           0x00000253   Thumb Code     0  startup_mkl25z4.o(.text)
    RTC_Seconds_IRQHandler                   0x00000253   Thumb Code     0  startup_mkl25z4.o(.text)
    Reserved20_IRQHandler                    0x00000253   Thumb Code     0  startup_mkl25z4.o(.text)
    Reserved39_IRQHandler                    0x00000253   Thumb Code     0  startup_mkl25z4.o(.text)
    Reserved45_IRQHandler                    0x00000253   Thumb Code     0  startup_mkl25z4.o(.text)
    SPI0_IRQHandler                          0x00000253   Thumb Code     0  startup_mkl25z4.o(.text)
    SPI1_IRQHandler                          0x00000253   Thumb Code     0  startup_mkl25z4.o(.text)
    TPM0_IRQHandler                          0x00000253   Thumb Code     0  startup_mkl25z4.o(.text)
    TPM1_IRQHandler                          0x00000253   Thumb Code     0  startup_mkl25z4.o(.text)
    TPM2_IRQHandler                          0x00000253   Thumb Code     0  startup_mkl25z4.o(.text)
    TSI0_IRQHandler                          0x00000253   Thumb Code     0  startup_mkl25z4.o(.text)
    UART0_IRQHandler                         0x00000253   Thumb Code     0  startup_mkl25z4.o(.text)
    UART1_IRQHandler                         0x00000253   Thumb Code     0  startup_mkl25z4.o(.text)
    UART2_IRQHandler                         0x00000253   Thumb Code     0  startup_mkl25z4.o(.text)
    USB0_IRQHandler                          0x00000253   Thumb Code     0  startup_mkl25z4.o(.text)
    __user_initial_stackheap                 0x00000259   Thumb Code     0  startup_mkl25z4.o(.text)
    __aeabi_memcpy                           0x0000027d   Thumb Code   130  rt_memcpy.o(.text)
    __rt_memcpy                              0x0000027d   Thumb Code     0  rt_memcpy.o(.text)
    __aeabi_memset4                          0x000002ff   Thumb Code    18  aeabi_memset4.o(.text)
    __aeabi_memset8                          0x000002ff   Thumb Code     0  aeabi_memset4.o(.text)
    _memset_w                                0x00000311   Thumb Code    26  rt_memclr.o(.text)
    _memset                                  0x0000032b   Thumb Code    30  rt_memclr.o(.text)
    __aeabi_memclr                           0x00000349   Thumb Code     4  rt_memclr.o(.text)
    __rt_memclr                              0x00000349   Thumb Code     0  rt_memclr.o(.text)
    __aeabi_memclr4                          0x0000034d   Thumb Code     0  rt_memclr.o(.text)
    __aeabi_memclr8                          0x0000034d   Thumb Code     0  rt_memclr.o(.text)
    __rt_memclr_w                            0x0000034d   Thumb Code     4  rt_memclr.o(.text)
    __use_two_region_memory                  0x00000351   Thumb Code     2  heapauxi.o(.text)
    __rt_heap_escrow$2region                 0x00000353   Thumb Code     2  heapauxi.o(.text)
    __rt_heap_expand$2region                 0x00000355   Thumb Code     2  heapauxi.o(.text)
    __user_setup_stackheap                   0x00000357   Thumb Code    62  sys_stackheap_outer.o(.text)
    exit                                     0x00000395   Thumb Code    16  exit.o(.text)
    __user_libspace                          0x000003a5   Thumb Code     8  libspace.o(.text)
    __user_perproc_libspace                  0x000003a5   Thumb Code     0  libspace.o(.text)
    _sys_exit                                0x000003ad   Thumb Code     8  sys_exit.o(.text)
    __I$use$semihosting                      0x000003b9   Thumb Code     0  use_no_semi.o(.text)
    __use_no_semihosting_swi                 0x000003b9   Thumb Code     2  use_no_semi.o(.text)
    EvrRtxEventFlagsWaitTimeout              0x000003bb   Thumb Code     2  rtx_evr.o(.text.EvrRtxEventFlagsWaitTimeout)
    __semihosting_library_function           0x000003bb   Thumb Code     0  indicate_semi.o(.text)
    EvrRtxKernelError                        0x000003bd   Thumb Code     2  rtx_evr.o(.text.EvrRtxKernelError)
    EvrRtxKernelInitialize                   0x000003bf   Thumb Code     2  rtx_evr.o(.text.EvrRtxKernelInitialize)
    EvrRtxKernelInitializeCompleted          0x000003c1   Thumb Code     2  rtx_evr.o(.text.EvrRtxKernelInitializeCompleted)
    EvrRtxKernelStart                        0x000003c3   Thumb Code     2  rtx_evr.o(.text.EvrRtxKernelStart)
    EvrRtxKernelStarted                      0x000003c5   Thumb Code     2  rtx_evr.o(.text.EvrRtxKernelStarted)
    EvrRtxMemoryAlloc                        0x000003c7   Thumb Code     2  rtx_evr.o(.text.EvrRtxMemoryAlloc)
    EvrRtxMemoryBlockAlloc                   0x000003c9   Thumb Code     2  rtx_evr.o(.text.EvrRtxMemoryBlockAlloc)
    EvrRtxMemoryBlockFree                    0x000003cb   Thumb Code     2  rtx_evr.o(.text.EvrRtxMemoryBlockFree)
    EvrRtxMemoryBlockInit                    0x000003cd   Thumb Code     2  rtx_evr.o(.text.EvrRtxMemoryBlockInit)
    EvrRtxMemoryFree                         0x000003cf   Thumb Code     2  rtx_evr.o(.text.EvrRtxMemoryFree)
    EvrRtxMemoryInit                         0x000003d1   Thumb Code     2  rtx_evr.o(.text.EvrRtxMemoryInit)
    EvrRtxMemoryPoolAllocTimeout             0x000003d3   Thumb Code     2  rtx_evr.o(.text.EvrRtxMemoryPoolAllocTimeout)
    EvrRtxMessageQueueCreated                0x000003d5   Thumb Code     2  rtx_evr.o(.text.EvrRtxMessageQueueCreated)
    EvrRtxMessageQueueError                  0x000003d7   Thumb Code     2  rtx_evr.o(.text.EvrRtxMessageQueueError)
    EvrRtxMessageQueueGet                    0x000003d9   Thumb Code     2  rtx_evr.o(.text.EvrRtxMessageQueueGet)
    EvrRtxMessageQueueGetPending             0x000003db   Thumb Code     2  rtx_evr.o(.text.EvrRtxMessageQueueGetPending)
    EvrRtxMessageQueueGetTimeout             0x000003dd   Thumb Code     2  rtx_evr.o(.text.EvrRtxMessageQueueGetTimeout)
    EvrRtxMessageQueueInsertPending          0x000003df   Thumb Code     2  rtx_evr.o(.text.EvrRtxMessageQueueInsertPending)
    EvrRtxMessageQueueInserted               0x000003e1   Thumb Code     2  rtx_evr.o(.text.EvrRtxMessageQueueInserted)
    EvrRtxMessageQueueNew                    0x000003e3   Thumb Code     2  rtx_evr.o(.text.EvrRtxMessageQueueNew)
    EvrRtxMessageQueueNotInserted            0x000003e5   Thumb Code     2  rtx_evr.o(.text.EvrRtxMessageQueueNotInserted)
    EvrRtxMessageQueueNotRetrieved           0x000003e7   Thumb Code     2  rtx_evr.o(.text.EvrRtxMessageQueueNotRetrieved)
    EvrRtxMessageQueuePut                    0x000003e9   Thumb Code     2  rtx_evr.o(.text.EvrRtxMessageQueuePut)
    EvrRtxMessageQueuePutPending             0x000003eb   Thumb Code     2  rtx_evr.o(.text.EvrRtxMessageQueuePutPending)
    EvrRtxMessageQueuePutTimeout             0x000003ed   Thumb Code     2  rtx_evr.o(.text.EvrRtxMessageQueuePutTimeout)
    EvrRtxMessageQueueRetrieved              0x000003ef   Thumb Code     2  rtx_evr.o(.text.EvrRtxMessageQueueRetrieved)
    EvrRtxMutexAcquireTimeout                0x000003f1   Thumb Code     2  rtx_evr.o(.text.EvrRtxMutexAcquireTimeout)
    EvrRtxMutexAcquired                      0x000003f3   Thumb Code     2  rtx_evr.o(.text.EvrRtxMutexAcquired)
    EvrRtxMutexReleased                      0x000003f5   Thumb Code     2  rtx_evr.o(.text.EvrRtxMutexReleased)
    EvrRtxSemaphoreAcquireTimeout            0x000003f7   Thumb Code     2  rtx_evr.o(.text.EvrRtxSemaphoreAcquireTimeout)
    EvrRtxThreadBlocked                      0x000003f9   Thumb Code     2  rtx_evr.o(.text.EvrRtxThreadBlocked)
    EvrRtxThreadCreated                      0x000003fb   Thumb Code     2  rtx_evr.o(.text.EvrRtxThreadCreated)
    EvrRtxThreadDelay                        0x000003fd   Thumb Code     2  rtx_evr.o(.text.EvrRtxThreadDelay)
    EvrRtxThreadDelayCompleted               0x000003ff   Thumb Code     2  rtx_evr.o(.text.EvrRtxThreadDelayCompleted)
    __aeabi_uidiv                            0x00000411   Thumb Code     0  aeabi_sdiv.o(.text)
    __aeabi_uidivmod                         0x00000411   Thumb Code    20  aeabi_sdiv.o(.text)
    __aeabi_idiv                             0x00000425   Thumb Code     0  aeabi_sdiv.o(.text)
    __aeabi_idivmod                          0x00000425   Thumb Code   326  aeabi_sdiv.o(.text)
    EvrRtxThreadDestroyed                    0x0000056b   Thumb Code     2  rtx_evr.o(.text.EvrRtxThreadDestroyed)
    EvrRtxThreadError                        0x0000056d   Thumb Code     2  rtx_evr.o(.text.EvrRtxThreadError)
    EvrRtxThreadExit                         0x0000056f   Thumb Code     2  rtx_evr.o(.text.EvrRtxThreadExit)
    EvrRtxThreadFlagsClear                   0x00000571   Thumb Code     2  rtx_evr.o(.text.EvrRtxThreadFlagsClear)
    EvrRtxThreadFlagsClearDone               0x00000573   Thumb Code     2  rtx_evr.o(.text.EvrRtxThreadFlagsClearDone)
    EvrRtxThreadFlagsSet                     0x00000575   Thumb Code     2  rtx_evr.o(.text.EvrRtxThreadFlagsSet)
    EvrRtxThreadFlagsSetDone                 0x00000577   Thumb Code     2  rtx_evr.o(.text.EvrRtxThreadFlagsSetDone)
    EvrRtxThreadFlagsWait                    0x00000579   Thumb Code     2  rtx_evr.o(.text.EvrRtxThreadFlagsWait)
    EvrRtxThreadFlagsWaitCompleted           0x0000057b   Thumb Code     2  rtx_evr.o(.text.EvrRtxThreadFlagsWaitCompleted)
    EvrRtxThreadFlagsWaitNotCompleted        0x0000057d   Thumb Code     2  rtx_evr.o(.text.EvrRtxThreadFlagsWaitNotCompleted)
    EvrRtxThreadFlagsWaitPending             0x0000057f   Thumb Code     2  rtx_evr.o(.text.EvrRtxThreadFlagsWaitPending)
    EvrRtxThreadFlagsWaitTimeout             0x00000581   Thumb Code     2  rtx_evr.o(.text.EvrRtxThreadFlagsWaitTimeout)
    EvrRtxThreadGetId                        0x00000583   Thumb Code     2  rtx_evr.o(.text.EvrRtxThreadGetId)
    EvrRtxThreadJoined                       0x00000585   Thumb Code     2  rtx_evr.o(.text.EvrRtxThreadJoined)
    EvrRtxThreadNew                          0x00000587   Thumb Code     2  rtx_evr.o(.text.EvrRtxThreadNew)
    EvrRtxThreadSwitch                       0x00000589   Thumb Code     2  rtx_evr.o(.text.EvrRtxThreadSwitch)
    EvrRtxThreadUnblocked                    0x0000058b   Thumb Code     2  rtx_evr.o(.text.EvrRtxThreadUnblocked)
    EvrRtxTimerCallback                      0x0000058d   Thumb Code     2  rtx_evr.o(.text.EvrRtxTimerCallback)
    LED_Init                                 0x00000591   Thumb Code   112  main.o(.text.LED_Init)
    OS_Tick_AcknowledgeIRQ                   0x000006ad   Thumb Code    12  os_systick.o(.text.OS_Tick_AcknowledgeIRQ)
    OS_Tick_Enable                           0x000006b5   Thumb Code    48  os_systick.o(.text.OS_Tick_Enable)
    OS_Tick_GetIRQn                          0x000006dd   Thumb Code     6  os_systick.o(.text.OS_Tick_GetIRQn)
    OS_Tick_Setup                            0x000006e5   Thumb Code    84  os_systick.o(.text.OS_Tick_Setup)
    PORTD_IRQHandler                         0x00000735   Thumb Code    52  main.o(.text.PORTD_IRQHandler)
    SystemCoreClockUpdate                    0x00000761   Thumb Code   276  system_mkl25z4.o(.text.SystemCoreClockUpdate)
    SystemInit                               0x00000875   Thumb Code    12  system_mkl25z4.o(.text.SystemInit)
    _platform_post_stackheap_init            0x00000935   Thumb Code     8  rtx_lib.o(.text._platform_post_stackheap_init)
    ledTask                                  0x0000093d   Thumb Code    88  main.o(.text.ledTask)
    main                                     0x00000995   Thumb Code   124  main.o(.text.main)
    osDelay                                  0x00000a11   Thumb Code    56  rtx_delay.o(.text.osDelay)
    osKernelInitialize                       0x00000a49   Thumb Code    72  rtx_kernel.o(.text.osKernelInitialize)
    osKernelStart                            0x00000a91   Thumb Code    72  rtx_kernel.o(.text.osKernelStart)
    osMessageQueueGet                        0x00000ad9   Thumb Code   164  rtx_msgqueue.o(.text.osMessageQueueGet)
    osMessageQueueNew                        0x00000b7d   Thumb Code    88  rtx_msgqueue.o(.text.osMessageQueueNew)
    osMessageQueuePut                        0x00000bd5   Thumb Code   172  rtx_msgqueue.o(.text.osMessageQueuePut)
    osRtxErrorNotify                         0x00000c81   Thumb Code     2  rtx_config.o(.text.osRtxErrorNotify)
    osRtxIdleThread                          0x00000c83   Thumb Code     2  rtx_config.o(.text.osRtxIdleThread)
    osRtxMemoryAlloc                         0x00000c85   Thumb Code   116  rtx_memory.o(.text.osRtxMemoryAlloc)
    osRtxMemoryFree                          0x00000cf9   Thumb Code    76  rtx_memory.o(.text.osRtxMemoryFree)
    osRtxMemoryInit                          0x00000d45   Thumb Code    62  rtx_memory.o(.text.osRtxMemoryInit)
    osRtxMemoryPoolAlloc                     0x00000d83   Thumb Code    64  rtx_mempool.o(.text.osRtxMemoryPoolAlloc)
    osRtxMemoryPoolFree                      0x00000dc3   Thumb Code    68  rtx_mempool.o(.text.osRtxMemoryPoolFree)
    osRtxMemoryPoolInit                      0x00000e07   Thumb Code    92  rtx_mempool.o(.text.osRtxMemoryPoolInit)
    osRtxMessageQueuePostProcess             0x00000e63   Thumb Code   300  rtx_msgqueue.o(.text.osRtxMessageQueuePostProcess)
    osRtxMutexOwnerRelease                   0x00000f8f   Thumb Code    80  rtx_mutex.o(.text.osRtxMutexOwnerRelease)
    osRtxPendSV_Handler                      0x00000fe1   Thumb Code   136  rtx_system.o(.text.osRtxPendSV_Handler)
    osRtxPostProcess                         0x00001065   Thumb Code   112  rtx_system.o(.text.osRtxPostProcess)
    osRtxThreadBlock                         0x000010d1   Thumb Code    68  rtx_thread.o(.text.osRtxThreadBlock)
    osRtxThreadDelayInsert                   0x00001111   Thumb Code   140  rtx_thread.o(.text.osRtxThreadDelayInsert)
    osRtxThreadDelayRemove                   0x00001199   Thumb Code    92  rtx_thread.o(.text.osRtxThreadDelayRemove)
    osRtxThreadDelayTick                     0x000011f1   Thumb Code   292  rtx_thread.o(.text.osRtxThreadDelayTick)
    osRtxThreadDispatch                      0x00001311   Thumb Code   136  rtx_thread.o(.text.osRtxThreadDispatch)
    osRtxThreadListGet                       0x000013ed   Thumb Code    24  rtx_thread.o(.text.osRtxThreadListGet)
    osRtxThreadListPut                       0x00001405   Thumb Code    56  rtx_thread.o(.text.osRtxThreadListPut)
    osRtxThreadListRemove                    0x0000143d   Thumb Code    24  rtx_thread.o(.text.osRtxThreadListRemove)
    osRtxThreadPostProcess                   0x00001455   Thumb Code    54  rtx_thread.o(.text.osRtxThreadPostProcess)
    osRtxThreadReadyPut                      0x0000148d   Thumb Code    24  rtx_thread.o(.text.osRtxThreadReadyPut)
    osRtxThreadRegPtr                        0x000014a5   Thumb Code     6  rtx_thread.o(.text.osRtxThreadRegPtr)
    osRtxThreadStackCheck                    0x000014ad   Thumb Code    44  rtx_thread.o(.text.osRtxThreadStackCheck)
    osRtxThreadSwitch                        0x000014d5   Thumb Code    28  rtx_thread.o(.text.osRtxThreadSwitch)
    osRtxThreadWaitEnter                     0x000014f1   Thumb Code   124  rtx_thread.o(.text.osRtxThreadWaitEnter)
    osRtxThreadWaitExit                      0x0000156d   Thumb Code    56  rtx_thread.o(.text.osRtxThreadWaitExit)
    osRtxTick_Handler                        0x000015a5   Thumb Code   116  rtx_system.o(.text.osRtxTick_Handler)
    osRtxTimerThread                         0x00001615   Thumb Code    76  rtx_timer.o(.text.osRtxTimerThread)
    osRtxTimerTick                           0x0000165d   Thumb Code    96  rtx_timer.o(.text.osRtxTimerTick)
    osSignalClear                            0x000016bd   Thumb Code    34  cmsis_os1.o(.text.osSignalClear)
    osSignalSet                              0x000016df   Thumb Code    26  cmsis_os1.o(.text.osSignalSet)
    osSignalWait                             0x000016f9   Thumb Code    60  cmsis_os1.o(.text.osSignalWait)
    osThreadCreate                           0x00001735   Thumb Code    18  cmsis_os1.o(.text.osThreadCreate)
    osThreadExit                             0x00001749   Thumb Code    24  rtx_thread.o(.text.osThreadExit)
    osThreadFlagsClear                       0x00001761   Thumb Code    56  rtx_thread.o(.text.osThreadFlagsClear)
    osThreadFlagsSet                         0x00001799   Thumb Code   128  rtx_thread.o(.text.osThreadFlagsSet)
    osThreadFlagsWait                        0x00001819   Thumb Code    68  rtx_thread.o(.text.osThreadFlagsWait)
    osThreadGetId                            0x0000185d   Thumb Code    44  rtx_thread.o(.text.osThreadGetId)
    osThreadNew                              0x00001889   Thumb Code    88  rtx_thread.o(.text.osThreadNew)
    svcRtxDelay                              0x000018e1   Thumb Code    18  rtx_delay.o(.text.svcRtxDelay)
    svcRtxKernelInitialize                   0x000018f5   Thumb Code   424  rtx_kernel.o(.text.svcRtxKernelInitialize)
    svcRtxKernelStart                        0x00001a95   Thumb Code   180  rtx_kernel.o(.text.svcRtxKernelStart)
    svcRtxMessageQueueGet                    0x00001b45   Thumb Code   316  rtx_msgqueue.o(.text.svcRtxMessageQueueGet)
    svcRtxMessageQueueNew                    0x00001c81   Thumb Code   484  rtx_msgqueue.o(.text.svcRtxMessageQueueNew)
    svcRtxMessageQueuePut                    0x00001e65   Thumb Code   260  rtx_msgqueue.o(.text.svcRtxMessageQueuePut)
    svcRtxThreadExit                         0x00001f65   Thumb Code   148  rtx_thread.o(.text.svcRtxThreadExit)
    svcRtxThreadFlagsClear                   0x00001ff9   Thumb Code    96  rtx_thread.o(.text.svcRtxThreadFlagsClear)
    svcRtxThreadFlagsSet                     0x00002059   Thumb Code   152  rtx_thread.o(.text.svcRtxThreadFlagsSet)
    svcRtxThreadFlagsWait                    0x000020f1   Thumb Code   140  rtx_thread.o(.text.svcRtxThreadFlagsWait)
    svcRtxThreadGetId                        0x00002179   Thumb Code    20  rtx_thread.o(.text.svcRtxThreadGetId)
    svcRtxThreadNew                          0x0000218d   Thumb Code   580  rtx_thread.o(.text.svcRtxThreadNew)
    osRtxConfig                              0x000023d0   Data         104  rtx_lib.o(.rodata)
    os_cb_sections                           0x00002438   Data          56  rtx_lib.o(.rodata)
    osRtxUserSVC                             0x00002470   Data           4  rtx_lib.o(.rodata.osRtxUserSVC)
    os_thread_def_ledTask                    0x00002498   Data          40  main.o(.rodata.os_thread_def_ledTask)
    Region$$Table$$Base                      0x00002508   Number         0  anon$$obj.o(Region$$Table)
    Region$$Table$$Limit                     0x00002528   Number         0  anon$$obj.o(Region$$Table)
    SystemCoreClock                          0x1ffff000   Data           4  system_mkl25z4.o(.data.SystemCoreClock)
    osRtxInfo                                0x1ffff004   Data         164  rtx_kernel.o(.data.os)
    __libspace_start                         0x1ffff0a8   Data          96  libspace.o(.bss)
    __temporary_stack_top$libspace           0x1ffff108   Data           0  libspace.o(.bss)
    .bss.os.msgqueue.cb$$Base                0x20000340   Number         0  rtx_lib.o(.bss.os.msgqueue.cb)
    .bss.os.msgqueue.cb$$Limit               0x20000374   Number         0  rtx_lib.o(.bss.os.msgqueue.cb)
    .bss.os.thread.cb$$Base                  0x200003c4   Number         0  main.o(.bss.os.thread.cb)
    .bss.os.thread.cb$$Limit                 0x200004d4   Number         0  rtx_lib.o(.bss.os.thread.cb)
    t_button                                 0x20000668   Data           4  main.o(.bss.t_button)
    t_led                                    0x2000066c   Data           4  main.o(.bss.t_led)



==============================================================================

Memory Map of the image

  Image Entry point : 0x0000023d

  Load Region LR_1 (Base: 0x00000000, Size: 0x000025d0, Max: 0xffffffff, ABSOLUTE)

    Execution Region ER_RO (Exec base: 0x00000000, Load base: 0x00000000, Size: 0x00002528, Max: 0xffffffff, ABSOLUTE)

    Exec Addr    Load Addr    Size         Type   Attr      Idx    E Section Name        Object

    0x00000000   0x00000000   0x000000c0   Data   RO         1044    RESET               startup_mkl25z4.o
    0x000000c0   0x000000c0   0x00000008   Code   RO         1084  * !!!main             c_p.l(__main.o)
    0x000000c8   0x000000c8   0x0000003c   Code   RO         1257    !!!scatter          c_p.l(__scatter.o)
    0x00000104   0x00000104   0x0000001a   Code   RO         1259    !!handler_copy      c_p.l(__scatter_copy.o)
    0x0000011e   0x0000011e   0x00000002   PAD
    0x00000120   0x00000120   0x0000001c   Code   RO         1261    !!handler_zi        c_p.l(__scatter_zi.o)
    0x0000013c   0x0000013c   0x00000002   Code   RO         1120    .ARM.Collect$$libinit$$00000000  c_p.l(libinit.o)
    0x0000013e   0x0000013e   0x00000000   Code   RO         1134    .ARM.Collect$$libinit$$00000002  c_p.l(libinit2.o)
    0x0000013e   0x0000013e   0x00000000   Code   RO         1136    .ARM.Collect$$libinit$$00000004  c_p.l(libinit2.o)
    0x0000013e   0x0000013e   0x00000000   Code   RO         1139    .ARM.Collect$$libinit$$0000000A  c_p.l(libinit2.o)
    0x0000013e   0x0000013e   0x00000000   Code   RO         1141    .ARM.Collect$$libinit$$0000000C  c_p.l(libinit2.o)
    0x0000013e   0x0000013e   0x00000000   Code   RO         1143    .ARM.Collect$$libinit$$0000000E  c_p.l(libinit2.o)
    0x0000013e   0x0000013e   0x00000000   Code   RO         1146    .ARM.Collect$$libinit$$00000011  c_p.l(libinit2.o)
    0x0000013e   0x0000013e   0x00000000   Code   RO         1148    .ARM.Collect$$libinit$$00000013  c_p.l(libinit2.o)
    0x0000013e   0x0000013e   0x00000000   Code   RO         1150    .ARM.Collect$$libinit$$00000015  c_p.l(libinit2.o)
    0x0000013e   0x0000013e   0x00000000   Code   RO         1152    .ARM.Collect$$libinit$$00000017  c_p.l(libinit2.o)
    0x0000013e   0x0000013e   0x00000000   Code   RO         1154    .ARM.Collect$$libinit$$00000019  c_p.l(libinit2.o)
    0x0000013e   0x0000013e   0x00000000   Code   RO         1156    .ARM.Collect$$libinit$$0000001B  c_p.l(libinit2.o)
    0x0000013e   0x0000013e   0x00000000   Code   RO         1158    .ARM.Collect$$libinit$$0000001D  c_p.l(libinit2.o)
    0x0000013e   0x0000013e   0x00000000   Code   RO         1160    .ARM.Collect$$libinit$$0000001F  c_p.l(libinit2.o)
    0x0000013e   0x0000013e   0x00000000   Code   RO         1162    .ARM.Collect$$libinit$$00000021  c_p.l(libinit2.o)
    0x0000013e   0x0000013e   0x00000000   Code   RO         1164    .ARM.Collect$$libinit$$00000023  c_p.l(libinit2.o)
    0x0000013e   0x0000013e   0x00000000   Code   RO         1166    .ARM.Collect$$libinit$$00000025  c_p.l(libinit2.o)
    0x0000013e   0x0000013e   0x00000000   Code   RO         1170    .ARM.Collect$$libinit$$0000002C  c_p.l(libinit2.o)
    0x0000013e   0x0000013e   0x00000000   Code   RO         1172    .ARM.Collect$$libinit$$0000002E  c_p.l(libinit2.o)
    0x0000013e   0x0000013e   0x00000000   Code   RO         1174    .ARM.Collect$$libinit$$00000030  c_p.l(libinit2.o)
    0x0000013e   0x0000013e   0x00000000   Code   RO         1176    .ARM.Collect$$libinit$$00000032  c_p.l(libinit2.o)
    0x0000013e   0x0000013e   0x00000002   Code   RO         1177    .ARM.Collect$$libinit$$00000033  c_p.l(libinit2.o)
    0x00000140   0x00000140   0x00000002   Code   RO         1212    .ARM.Collect$$libshutdown$$00000000  c_p.l(libshutdown.o)
    0x00000142   0x00000142   0x00000000   Code   RO         1240    .ARM.Collect$$libshutdown$$00000002  c_p.l(libshutdown2.o)
    0x00000142   0x00000142   0x00000000   Code   RO         1242    .ARM.Collect$$libshutdown$$00000004  c_p.l(libshutdown2.o)
    0x00000142   0x00000142   0x00000000   Code   RO         1245    .ARM.Collect$$libshutdown$$00000007  c_p.l(libshutdown2.o)
    0x00000142   0x00000142   0x00000000   Code   RO         1248    .ARM.Collect$$libshutdown$$0000000A  c_p.l(libshutdown2.o)
    0x00000142   0x00000142   0x00000000   Code   RO         1250    .ARM.Collect$$libshutdown$$0000000C  c_p.l(libshutdown2.o)
    0x00000142   0x00000142   0x00000000   Code   RO         1253    .ARM.Collect$$libshutdown$$0000000F  c_p.l(libshutdown2.o)
    0x00000142   0x00000142   0x00000002   Code   RO         1254    .ARM.Collect$$libshutdown$$00000010  c_p.l(libshutdown2.o)
    0x00000144   0x00000144   0x00000000   Code   RO         1086    .ARM.Collect$$rtentry$$00000000  c_p.l(__rtentry.o)
    0x00000144   0x00000144   0x00000000   Code   RO         1092    .ARM.Collect$$rtentry$$00000002  c_p.l(__rtentry2.o)
    0x00000144   0x00000144   0x00000006   Code   RO         1104    .ARM.Collect$$rtentry$$00000004  c_p.l(__rtentry4.o)
    0x0000014a   0x0000014a   0x00000008   Code   RO         1093    .ARM.Collect$$rtentry$$00000008  c_p.l(__rtentry2.o)
    0x00000152   0x00000152   0x00000004   Code   RO         1095    .ARM.Collect$$rtentry$$0000000A  c_p.l(__rtentry2.o)
    0x00000156   0x00000156   0x00000000   Code   RO         1097    .ARM.Collect$$rtentry$$0000000C  c_p.l(__rtentry2.o)
    0x00000156   0x00000156   0x00000008   Code   RO         1098    .ARM.Collect$$rtentry$$0000000D  c_p.l(__rtentry2.o)
    0x0000015e   0x0000015e   0x00000002   Code   RO         1125    .ARM.Collect$$rtexit$$00000000  c_p.l(rtexit.o)
    0x00000160   0x00000160   0x00000000   Code   RO         1183    .ARM.Collect$$rtexit$$00000002  c_p.l(rtexit2.o)
    0x00000160   0x00000160   0x00000004   Code   RO         1184    .ARM.Collect$$rtexit$$00000003  c_p.l(rtexit2.o)
    0x00000164   0x00000164   0x00000006   Code   RO         1185    .ARM.Collect$$rtexit$$00000004  c_p.l(rtexit2.o)
    0x0000016a   0x0000016a   0x00000002   PAD
    0x0000016c   0x0000016c   0x00000038   Code   RO         1070    .emb_text           c_p.l(rt_memcpy.o)
    0x000001a4   0x000001a4   0x00000098   Code   RO           90    .text               irq_cm0.o
    0x0000023c   0x0000023c   0x00000040   Code   RO         1046  * .text               startup_mkl25z4.o
    0x0000027c   0x0000027c   0x00000082   Code   RO         1071    .text               c_p.l(rt_memcpy.o)
    0x000002fe   0x000002fe   0x00000012   Code   RO         1074    .text               c_p.l(aeabi_memset4.o)
    0x00000310   0x00000310   0x00000040   Code   RO         1076    .text               c_p.l(rt_memclr.o)
    0x00000350   0x00000350   0x00000006   Code   RO         1082    .text               c_p.l(heapauxi.o)
    0x00000356   0x00000356   0x0000003e   Code   RO         1108    .text               c_p.l(sys_stackheap_outer.o)
    0x00000394   0x00000394   0x00000010   Code   RO         1111    .text               c_p.l(exit.o)
    0x000003a4   0x000003a4   0x00000008   Code   RO         1121    .text               c_p.l(libspace.o)
    0x000003ac   0x000003ac   0x0000000c   Code   RO         1178    .text               c_p.l(sys_exit.o)
    0x000003b8   0x000003b8   0x00000002   Code   RO         1201    .text               c_p.l(use_no_semi.o)
    0x000003ba   0x000003ba   0x00000000   Code   RO         1203    .text               c_p.l(indicate_semi.o)
    0x000003ba   0x000003ba   0x00000002   Code   RO          343    .text.EvrRtxEventFlagsWaitTimeout  rtx_evr.o
    0x000003bc   0x000003bc   0x00000002   Code   RO          171    .text.EvrRtxKernelError  rtx_evr.o
    0x000003be   0x000003be   0x00000002   Code   RO          173    .text.EvrRtxKernelInitialize  rtx_evr.o
    0x000003c0   0x000003c0   0x00000002   Code   RO          175    .text.EvrRtxKernelInitializeCompleted  rtx_evr.o
    0x000003c2   0x000003c2   0x00000002   Code   RO          183    .text.EvrRtxKernelStart  rtx_evr.o
    0x000003c4   0x000003c4   0x00000002   Code   RO          185    .text.EvrRtxKernelStarted  rtx_evr.o
    0x000003c6   0x000003c6   0x00000002   Code   RO          161    .text.EvrRtxMemoryAlloc  rtx_evr.o
    0x000003c8   0x000003c8   0x00000002   Code   RO          167    .text.EvrRtxMemoryBlockAlloc  rtx_evr.o
    0x000003ca   0x000003ca   0x00000002   Code   RO          169    .text.EvrRtxMemoryBlockFree  rtx_evr.o
    0x000003cc   0x000003cc   0x00000002   Code   RO          165    .text.EvrRtxMemoryBlockInit  rtx_evr.o
    0x000003ce   0x000003ce   0x00000002   Code   RO          163    .text.EvrRtxMemoryFree  rtx_evr.o
    0x000003d0   0x000003d0   0x00000002   Code   RO          159    .text.EvrRtxMemoryInit  rtx_evr.o
    0x000003d2   0x000003d2   0x00000002   Code   RO          421    .text.EvrRtxMemoryPoolAllocTimeout  rtx_evr.o
    0x000003d4   0x000003d4   0x00000002   Code   RO          449    .text.EvrRtxMessageQueueCreated  rtx_evr.o
    0x000003d6   0x000003d6   0x00000002   Code   RO          445    .text.EvrRtxMessageQueueError  rtx_evr.o
    0x000003d8   0x000003d8   0x00000002   Code   RO          465    .text.EvrRtxMessageQueueGet  rtx_evr.o
    0x000003da   0x000003da   0x00000002   Code   RO          467    .text.EvrRtxMessageQueueGetPending  rtx_evr.o
    0x000003dc   0x000003dc   0x00000002   Code   RO          469    .text.EvrRtxMessageQueueGetTimeout  rtx_evr.o
    0x000003de   0x000003de   0x00000002   Code   RO          459    .text.EvrRtxMessageQueueInsertPending  rtx_evr.o
    0x000003e0   0x000003e0   0x00000002   Code   RO          461    .text.EvrRtxMessageQueueInserted  rtx_evr.o
    0x000003e2   0x000003e2   0x00000002   Code   RO          447    .text.EvrRtxMessageQueueNew  rtx_evr.o
    0x000003e4   0x000003e4   0x00000002   Code   RO          463    .text.EvrRtxMessageQueueNotInserted  rtx_evr.o
    0x000003e6   0x000003e6   0x00000002   Code   RO          473    .text.EvrRtxMessageQueueNotRetrieved  rtx_evr.o
    0x000003e8   0x000003e8   0x00000002   Code   RO          453    .text.EvrRtxMessageQueuePut  rtx_evr.o
    0x000003ea   0x000003ea   0x00000002   Code   RO          455    .text.EvrRtxMessageQueuePutPending  rtx_evr.o
    0x000003ec   0x000003ec   0x00000002   Code   RO          457    .text.EvrRtxMessageQueuePutTimeout  rtx_evr.o
    0x000003ee   0x000003ee   0x00000002   Code   RO          471    .text.EvrRtxMessageQueueRetrieved  rtx_evr.o
    0x000003f0   0x000003f0   0x00000002   Code   RO          365    .text.EvrRtxMutexAcquireTimeout  rtx_evr.o
    0x000003f2   0x000003f2   0x00000002   Code   RO          367    .text.EvrRtxMutexAcquired  rtx_evr.o
    0x000003f4   0x000003f4   0x00000002   Code   RO          373    .text.EvrRtxMutexReleased  rtx_evr.o
    0x000003f6   0x000003f6   0x00000002   Code   RO          393    .text.EvrRtxSemaphoreAcquireTimeout  rtx_evr.o
    0x000003f8   0x000003f8   0x00000002   Code   RO          255    .text.EvrRtxThreadBlocked  rtx_evr.o
    0x000003fa   0x000003fa   0x00000002   Code   RO          219    .text.EvrRtxThreadCreated  rtx_evr.o
    0x000003fc   0x000003fc   0x00000002   Code   RO          291    .text.EvrRtxThreadDelay  rtx_evr.o
    0x000003fe   0x000003fe   0x00000002   Code   RO          295    .text.EvrRtxThreadDelayCompleted  rtx_evr.o
    0x00000400   0x00000400   0x00000010   Code   RO         1045    .ARM.__at_0x400     startup_mkl25z4.o
    0x00000410   0x00000410   0x0000015a   Code   RO         1078    .text               c_p.l(aeabi_sdiv.o)
    0x0000056a   0x0000056a   0x00000002   Code   RO          265    .text.EvrRtxThreadDestroyed  rtx_evr.o
    0x0000056c   0x0000056c   0x00000002   Code   RO          215    .text.EvrRtxThreadError  rtx_evr.o
    0x0000056e   0x0000056e   0x00000002   Code   RO          261    .text.EvrRtxThreadExit  rtx_evr.o
    0x00000570   0x00000570   0x00000002   Code   RO          275    .text.EvrRtxThreadFlagsClear  rtx_evr.o
    0x00000572   0x00000572   0x00000002   Code   RO          277    .text.EvrRtxThreadFlagsClearDone  rtx_evr.o
    0x00000574   0x00000574   0x00000002   Code   RO          271    .text.EvrRtxThreadFlagsSet  rtx_evr.o
    0x00000576   0x00000576   0x00000002   Code   RO          273    .text.EvrRtxThreadFlagsSetDone  rtx_evr.o
    0x00000578   0x00000578   0x00000002   Code   RO          281    .text.EvrRtxThreadFlagsWait  rtx_evr.o
    0x0000057a   0x0000057a   0x00000002   Code   RO          287    .text.EvrRtxThreadFlagsWaitCompleted  rtx_evr.o
    0x0000057c   0x0000057c   0x00000002   Code   RO          289    .text.EvrRtxThreadFlagsWaitNotCompleted  rtx_evr.o
    0x0000057e   0x0000057e   0x00000002   Code   RO          283    .text.EvrRtxThreadFlagsWaitPending  rtx_evr.o
    0x00000580   0x00000580   0x00000002   Code   RO          285    .text.EvrRtxThreadFlagsWaitTimeout  rtx_evr.o
    0x00000582   0x00000582   0x00000002   Code   RO          223    .text.EvrRtxThreadGetId  rtx_evr.o
    0x00000584   0x00000584   0x00000002   Code   RO          253    .text.EvrRtxThreadJoined  rtx_evr.o
    0x00000586   0x00000586   0x00000002   Code   RO          217    .text.EvrRtxThreadNew  rtx_evr.o
    0x00000588   0x00000588   0x00000002   Code   RO          259    .text.EvrRtxThreadSwitch  rtx_evr.o
    0x0000058a   0x0000058a   0x00000002   Code   RO          257    .text.EvrRtxThreadUnblocked  rtx_evr.o
    0x0000058c   0x0000058c   0x00000002   Code   RO          299    .text.EvrRtxTimerCallback  rtx_evr.o
    0x0000058e   0x0000058e   0x00000002   PAD
    0x00000590   0x00000590   0x0000006c   Code   RO            2    .text.LED_Init      main.o
    0x000005fc   0x000005fc   0x0000004a   Code   RO          686    .text.MessageQueueGet  rtx_msgqueue.o
    0x00000646   0x00000646   0x00000066   Code   RO          676    .text.MessageQueuePut  rtx_msgqueue.o
    0x000006ac   0x000006ac   0x00000008   Code   RO         1004    .text.OS_Tick_AcknowledgeIRQ  os_systick.o
    0x000006b4   0x000006b4   0x00000028   Code   RO         1000    .text.OS_Tick_Enable  os_systick.o
    0x000006dc   0x000006dc   0x00000006   Code   RO         1006    .text.OS_Tick_GetIRQn  os_systick.o
    0x000006e2   0x000006e2   0x00000002   PAD
    0x000006e4   0x000006e4   0x00000050   Code   RO          998    .text.OS_Tick_Setup  os_systick.o
    0x00000734   0x00000734   0x0000002c   Code   RO            6    .text.PORTD_IRQHandler  main.o
    0x00000760   0x00000760   0x00000114   Code   RO         1055    .text.SystemCoreClockUpdate  system_mkl25z4.o
    0x00000874   0x00000874   0x0000000c   Code   RO         1053    .text.SystemInit    system_mkl25z4.o
    0x00000880   0x00000880   0x00000062   Code   RO          858    .text.ThreadFlagsCheck  rtx_thread.o
    0x000008e2   0x000008e2   0x00000002   PAD
    0x000008e4   0x000008e4   0x00000050   Code   RO          959    .text.TimerInsert   rtx_timer.o
    0x00000934   0x00000934   0x00000008   Code   RO          567    .text._platform_post_stackheap_init  rtx_lib.o
    0x0000093c   0x0000093c   0x00000058   Code   RO           14    .text.ledTask       main.o
    0x00000994   0x00000994   0x0000007c   Code   RO           18    .text.main          main.o
    0x00000a10   0x00000a10   0x00000038   Code   RO          101    .text.osDelay       rtx_delay.o
    0x00000a48   0x00000a48   0x00000048   Code   RO          528    .text.osKernelInitialize  rtx_kernel.o
    0x00000a90   0x00000a90   0x00000048   Code   RO          534    .text.osKernelStart  rtx_kernel.o
    0x00000ad8   0x00000ad8   0x000000a4   Code   RO          706    .text.osMessageQueueGet  rtx_msgqueue.o
    0x00000b7c   0x00000b7c   0x00000058   Code   RO          700    .text.osMessageQueueNew  rtx_msgqueue.o
    0x00000bd4   0x00000bd4   0x000000ac   Code   RO          704    .text.osMessageQueuePut  rtx_msgqueue.o
    0x00000c80   0x00000c80   0x00000002   Code   RO         1030    .text.osRtxErrorNotify  rtx_config.o
    0x00000c82   0x00000c82   0x00000002   Code   RO         1028    .text.osRtxIdleThread  rtx_config.o
    0x00000c84   0x00000c84   0x00000074   Code   RO          604    .text.osRtxMemoryAlloc  rtx_memory.o
    0x00000cf8   0x00000cf8   0x0000004c   Code   RO          606    .text.osRtxMemoryFree  rtx_memory.o
    0x00000d44   0x00000d44   0x0000003e   Code   RO          602    .text.osRtxMemoryInit  rtx_memory.o
    0x00000d82   0x00000d82   0x00000040   Code   RO          621    .text.osRtxMemoryPoolAlloc  rtx_mempool.o
    0x00000dc2   0x00000dc2   0x00000044   Code   RO          623    .text.osRtxMemoryPoolFree  rtx_mempool.o
    0x00000e06   0x00000e06   0x0000005c   Code   RO          619    .text.osRtxMemoryPoolInit  rtx_mempool.o
    0x00000e62   0x00000e62   0x0000012c   Code   RO          674    .text.osRtxMessageQueuePostProcess  rtx_msgqueue.o
    0x00000f8e   0x00000f8e   0x00000050   Code   RO          731    .text.osRtxMutexOwnerRelease  rtx_mutex.o
    0x00000fde   0x00000fde   0x00000002   PAD
    0x00000fe0   0x00000fe0   0x00000084   Code   RO          807    .text.osRtxPendSV_Handler  rtx_system.o
    0x00001064   0x00001064   0x0000006c   Code   RO          809    .text.osRtxPostProcess  rtx_system.o
    0x000010d0   0x000010d0   0x00000040   Code   RO          844    .text.osRtxThreadBlock  rtx_thread.o
    0x00001110   0x00001110   0x00000088   Code   RO          836    .text.osRtxThreadDelayInsert  rtx_thread.o
    0x00001198   0x00001198   0x00000058   Code   RO          838    .text.osRtxThreadDelayRemove  rtx_thread.o
    0x000011f0   0x000011f0   0x00000120   Code   RO          840    .text.osRtxThreadDelayTick  rtx_thread.o
    0x00001310   0x00001310   0x00000088   Code   RO          850    .text.osRtxThreadDispatch  rtx_thread.o
    0x00001398   0x00001398   0x00000054   Code   RO          886    .text.osRtxThreadFree  rtx_thread.o
    0x000013ec   0x000013ec   0x00000018   Code   RO          824    .text.osRtxThreadListGet  rtx_thread.o
    0x00001404   0x00001404   0x00000038   Code   RO          822    .text.osRtxThreadListPut  rtx_thread.o
    0x0000143c   0x0000143c   0x00000018   Code   RO          830    .text.osRtxThreadListRemove  rtx_thread.o
    0x00001454   0x00001454   0x00000036   Code   RO          856    .text.osRtxThreadPostProcess  rtx_thread.o
    0x0000148a   0x0000148a   0x00000002   PAD
    0x0000148c   0x0000148c   0x00000018   Code   RO          834    .text.osRtxThreadReadyPut  rtx_thread.o
    0x000014a4   0x000014a4   0x00000006   Code   RO          842    .text.osRtxThreadRegPtr  rtx_thread.o
    0x000014aa   0x000014aa   0x00000002   PAD
    0x000014ac   0x000014ac   0x00000028   Code   RO          848    .text.osRtxThreadStackCheck  rtx_thread.o
    0x000014d4   0x000014d4   0x0000001c   Code   RO          846    .text.osRtxThreadSwitch  rtx_thread.o
    0x000014f0   0x000014f0   0x0000007c   Code   RO          854    .text.osRtxThreadWaitEnter  rtx_thread.o
    0x0000156c   0x0000156c   0x00000038   Code   RO          852    .text.osRtxThreadWaitExit  rtx_thread.o
    0x000015a4   0x000015a4   0x00000070   Code   RO          805    .text.osRtxTick_Handler  rtx_system.o
    0x00001614   0x00001614   0x00000048   Code   RO          961    .text.osRtxTimerThread  rtx_timer.o
    0x0000165c   0x0000165c   0x00000060   Code   RO          957    .text.osRtxTimerTick  rtx_timer.o
    0x000016bc   0x000016bc   0x00000022   Code   RO           41    .text.osSignalClear  cmsis_os1.o
    0x000016de   0x000016de   0x0000001a   Code   RO           39    .text.osSignalSet   cmsis_os1.o
    0x000016f8   0x000016f8   0x0000003c   Code   RO           43    .text.osSignalWait  cmsis_os1.o
    0x00001734   0x00001734   0x00000012   Code   RO           37    .text.osThreadCreate  cmsis_os1.o
    0x00001746   0x00001746   0x00000002   PAD
    0x00001748   0x00001748   0x00000018   Code   RO          862    .text.osThreadExit  rtx_thread.o
    0x00001760   0x00001760   0x00000038   Code   RO          940    .text.osThreadFlagsClear  rtx_thread.o
    0x00001798   0x00001798   0x00000080   Code   RO          938    .text.osThreadFlagsSet  rtx_thread.o
    0x00001818   0x00001818   0x00000044   Code   RO          944    .text.osThreadFlagsWait  rtx_thread.o
    0x0000185c   0x0000185c   0x0000002c   Code   RO          910    .text.osThreadGetId  rtx_thread.o
    0x00001888   0x00001888   0x00000058   Code   RO          906    .text.osThreadNew   rtx_thread.o
    0x000018e0   0x000018e0   0x00000012   Code   RO           97    .text.svcRtxDelay   rtx_delay.o
    0x000018f2   0x000018f2   0x00000002   PAD
    0x000018f4   0x000018f4   0x000001a0   Code   RO          502    .text.svcRtxKernelInitialize  rtx_kernel.o
    0x00001a94   0x00001a94   0x000000b0   Code   RO          508    .text.svcRtxKernelStart  rtx_kernel.o
    0x00001b44   0x00001b44   0x0000013c   Code   RO          684    .text.svcRtxMessageQueueGet  rtx_msgqueue.o
    0x00001c80   0x00001c80   0x000001e4   Code   RO          678    .text.svcRtxMessageQueueNew  rtx_msgqueue.o
    0x00001e64   0x00001e64   0x00000100   Code   RO          682    .text.svcRtxMessageQueuePut  rtx_msgqueue.o
    0x00001f64   0x00001f64   0x00000094   Code   RO          890    .text.svcRtxThreadExit  rtx_thread.o
    0x00001ff8   0x00001ff8   0x00000060   Code   RO          900    .text.svcRtxThreadFlagsClear  rtx_thread.o
    0x00002058   0x00002058   0x00000098   Code   RO          898    .text.svcRtxThreadFlagsSet  rtx_thread.o
    0x000020f0   0x000020f0   0x00000088   Code   RO          904    .text.svcRtxThreadFlagsWait  rtx_thread.o
    0x00002178   0x00002178   0x00000014   Code   RO          866    .text.svcRtxThreadGetId  rtx_thread.o
    0x0000218c   0x0000218c   0x00000244   Code   RO          860    .text.svcRtxThreadNew  rtx_thread.o
    0x000023d0   0x000023d0   0x000000a0   Data   RO          583    .rodata             rtx_lib.o
    0x00002470   0x00002470   0x00000004   Data   RO          585    .rodata.osRtxUserSVC  rtx_lib.o
    0x00002474   0x00002474   0x00000024   Data   RO          580    .rodata.os_idle_thread_attr  rtx_lib.o
    0x00002498   0x00002498   0x00000028   Data   RO           24    .rodata.os_thread_def_ledTask  main.o
    0x000024c0   0x000024c0   0x00000018   Data   RO          582    .rodata.os_timer_mq_attr  rtx_lib.o
    0x000024d8   0x000024d8   0x00000024   Data   RO          581    .rodata.os_timer_thread_attr  rtx_lib.o
    0x000024fc   0x000024fc   0x0000000b   Data   RO          554    .rodata.str1.4      rtx_kernel.o
    0x00002507   0x00002507   0x00000001   PAD
    0x00002508   0x00002508   0x00000020   Data   RO         1255    Region$$Table       anon$$obj.o


    Execution Region ER_RW (Exec base: 0x1ffff000, Load base: 0x00002528, Size: 0x000000a8, Max: 0xffffffff, ABSOLUTE)

    Exec Addr    Load Addr    Size         Type   Attr      Idx    E Section Name        Object

    0x1ffff000   0x00002528   0x00000004   Data   RW         1057    .data.SystemCoreClock  system_mkl25z4.o
    0x1ffff004   0x0000252c   0x000000a4   Data   RW          555    .data.os            rtx_kernel.o


    Execution Region ER_ZI (Exec base: 0x1ffff0a8, Load base: 0x000025d0, Size: 0x000016c8, Max: 0xffffffff, ABSOLUTE)

    Exec Addr    Load Addr    Size         Type   Attr      Idx    E Section Name        Object

    0x1ffff0a8        -       0x00000060   Zero   RW         1122    .bss                c_p.l(libspace.o)
    0x1ffff108        -       0x00000001   Zero   RW         1016    .bss.PendST         os_systick.o
    0x1ffff109   0x000025d0   0x00000007   PAD
    0x1ffff110        -       0x00001230   Zero   RW          579    .bss.os             rtx_lib.o
    0x20000340        -       0x00000034   Zero   RW          588    .bss.os.msgqueue.cb  rtx_lib.o
    0x20000374        -       0x00000050   Zero   RW          589    .bss.os.msgqueue.mem  rtx_lib.o
    0x200003c4        -       0x00000088   Zero   RW           22    .bss.os.thread.cb   main.o
    0x2000044c        -       0x00000088   Zero   RW          586    .bss.os.thread.cb   rtx_lib.o
    0x200004d4   0x000025d0   0x00000004   PAD
    0x200004d8        -       0x00000190   Zero   RW          587    .bss.os.thread.stack  rtx_lib.o
    0x20000668        -       0x00000004   Zero   RW           21    .bss.t_button       main.o
    0x2000066c        -       0x00000004   Zero   RW           20    .bss.t_led          main.o
    0x20000670        -       0x00000000   Zero   RW         1043    HEAP                startup_mkl25z4.o
    0x20000670        -       0x00000100   Zero   RW         1042    STACK               startup_mkl25z4.o


==============================================================================

Image component sizes


      Code (inc. data)   RO Data    RW Data    ZI Data      Debug   Object Name

       138         16          0          0          0      10510   cmsis_os1.o
       152         10          0          0          0        640   irq_cm0.o
       364         64         40          0        144       9127   main.o
       134         20          0          0          1       4100   os_systick.o
         4          0          0          0          0        818   rtx_config.o
        74          4          0          0          0       2705   rtx_delay.o
       106          0          0          0          0      28406   rtx_evr.o
       736         28         11        164          0      16650   rtx_kernel.o
         8          0        260          0       5324       8099   rtx_lib.o
       254          0          0          0          0       2198   rtx_memory.o
       224          0          0          0          0      14357   rtx_mempool.o
      1956         40          0          0          0      17767   rtx_msgqueue.o
        80          0          0          0          0       9205   rtx_mutex.o
       352         12          0          0          0       5242   rtx_system.o
      2870         94          0          0          0      33711   rtx_thread.o
       248         16          0          0          0       8788   rtx_timer.o
        80         44        192          0        256        904   startup_mkl25z4.o
       288         40          0          4          0       2683   system_mkl25z4.o

    ----------------------------------------------------------------------
      8084        388        536        168       5736     175910   Object Totals
         0          0         32          0          0          0   (incl. Generated)
        16          0          1          0         11          0   (incl. Padding)

    ----------------------------------------------------------------------

      Code (inc. data)   RO Data    RW Data    ZI Data      Debug   Library Member Name

         8          0          0          0          0         68   __main.o
         0          0          0          0          0          0   __rtentry.o
        20          0          0          0          0          0   __rtentry2.o
         6          0          0          0          0          0   __rtentry4.o
        60          8          0          0          0          0   __scatter.o
        26          0          0          0          0          0   __scatter_copy.o
        28          0          0          0          0          0   __scatter_zi.o
        18          0          0          0          0         68   aeabi_memset4.o
       346          0          0          0          0         92   aeabi_sdiv.o
        16          0          0          0          0         68   exit.o
         6          0          0          0          0        136   heapauxi.o
         0          0          0          0          0          0   indicate_semi.o
         2          0          0          0          0          0   libinit.o
         2          0          0          0          0          0   libinit2.o
         2          0          0          0          0          0   libshutdown.o
         2          0          0          0          0          0   libshutdown2.o
         8          4          0          0         96         68   libspace.o
        64          0          0          0          0        108   rt_memclr.o
       186          0          0          0          0        144   rt_memcpy.o
         2          0          0          0          0          0   rtexit.o
        10          0          0          0          0          0   rtexit2.o
        12          4          0          0          0         60   sys_exit.o
        62          0          0          0          0         80   sys_stackheap_outer.o
         2          0          0          0          0         68   use_no_semi.o

    ----------------------------------------------------------------------
       892         16          0          0         96        960   Library Totals
         4          0          0          0          0          0   (incl. Padding)

    ----------------------------------------------------------------------

      Code (inc. data)   RO Data    RW Data    ZI Data      Debug   Library Name

       888         16          0          0         96        960   c_p.l

    ----------------------------------------------------------------------
       892         16          0          0         96        960   Library Totals

    ----------------------------------------------------------------------

==============================================================================


      Code (inc. data)   RO Data    RW Data    ZI Data      Debug   

      8976        404        536        168       5832     176250   Grand Totals
      8976        404        536        168       5832     176250   ELF Image Totals
      8976        404        536        168          0          0   ROM Totals

==============================================================================

    Total RO  Size (Code + RO Data)                 9512 (   9.29kB)
    Total RW  Size (RW Data + ZI Data)              6000 (   5.86kB)
    Total ROM Size (Code + RO Data + RW Data)       9680 (   9.45kB)

==============================================================================

