Component: ARM Compiler 6.7 Tool: armlink [5c9ef700]

==============================================================================

Section Cross References

    adc.o(.ARM.exidx.text.Init_ADC) refers to adc.o(.text.Init_ADC) for [Anonymous Symbol]
    adc.o(.text.MeasureVoltage) refers to adc.o(.bss.sres) for sres
    adc.o(.ARM.exidx.text.MeasureVoltage) refers to adc.o(.text.MeasureVoltage) for [Anonymous Symbol]
    adc.o(.text.MeasureVoltageDiff) refers to adc.o(.bss.dres) for dres
    adc.o(.ARM.exidx.text.MeasureVoltageDiff) refers to adc.o(.text.MeasureVoltageDiff) for [Anonymous Symbol]
    adc.o(.ARM.exidx.text.ADC_Cal) refers to adc.o(.text.ADC_Cal) for [Anonymous Symbol]
    main.o(.ARM.exidx.text.init_LED) refers to main.o(.text.init_LED) for [Anonymous Symbol]
    main.o(.ARM.exidx.text.init_ButtonGPIO) refers to main.o(.text.init_ButtonGPIO) for [Anonymous Symbol]
    main.o(.ARM.exidx.text.isPressed) refers to main.o(.text.isPressed) for [Anonymous Symbol]
    main.o(.text.init_ButtonState) refers to main.o(.bss.buttonState) for buttonState
    main.o(.text.init_ButtonState) refers to main.o(.bss.pressed) for pressed
    main.o(.ARM.exidx.text.init_ButtonState) refers to main.o(.text.init_ButtonState) for [Anonymous Symbol]
    main.o(.text.task1ButtonPress) refers to main.o(.text.isPressed) for isPressed
    main.o(.text.task1ButtonPress) refers to main.o(.bss.bounceCounter) for bounceCounter
    main.o(.text.task1ButtonPress) refers to main.o(.bss.buttonState) for buttonState
    main.o(.text.task1ButtonPress) refers to main.o(.bss.pressed) for pressed
    main.o(.ARM.exidx.text.task1ButtonPress) refers to main.o(.text.task1ButtonPress) for [Anonymous Symbol]
    main.o(.text.task2MeasureVoltage) refers to adc.o(.text.MeasureVoltage) for MeasureVoltage
    main.o(.text.task2MeasureVoltage) refers to dflti.o(.text) for __aeabi_ui2d
    main.o(.text.task2MeasureVoltage) refers to dmul.o(.text) for __aeabi_dmul
    main.o(.text.task2MeasureVoltage) refers to ddiv.o(.text) for __aeabi_ddiv
    main.o(.text.task2MeasureVoltage) refers to d2f.o(.text) for __aeabi_d2f
    main.o(.text.task2MeasureVoltage) refers to faddsub.o(x$fpl$fadd) for __aeabi_fadd
    main.o(.text.task2MeasureVoltage) refers to fflti.o(.text) for __aeabi_i2f
    main.o(.text.task2MeasureVoltage) refers to fdiv.o(.text) for __aeabi_fdiv
    main.o(.text.task2MeasureVoltage) refers to main.o(.bss.pressed) for pressed
    main.o(.text.task2MeasureVoltage) refers to adc.o(.bss.sres) for sres
    main.o(.text.task2MeasureVoltage) refers to main.o(.bss.measured_voltage) for measured_voltage
    main.o(.text.task2MeasureVoltage) refers to main.o(.bss.cycles) for cycles
    main.o(.text.task2MeasureVoltage) refers to main.o(.bss.average) for average
    main.o(.text.task2MeasureVoltage) refers to main.o(.bss.measurments) for measurments
    main.o(.ARM.exidx.text.task2MeasureVoltage) refers to main.o(.text.task2MeasureVoltage) for [Anonymous Symbol]
    main.o(.text.task3MeasureVoltageDiff) refers to adc.o(.text.MeasureVoltageDiff) for MeasureVoltageDiff
    main.o(.text.task3MeasureVoltageDiff) refers to dflti.o(.text) for __aeabi_i2d
    main.o(.text.task3MeasureVoltageDiff) refers to dmul.o(.text) for __aeabi_dmul
    main.o(.text.task3MeasureVoltageDiff) refers to daddsub.o(.text) for __aeabi_dadd
    main.o(.text.task3MeasureVoltageDiff) refers to ddiv.o(.text) for __aeabi_ddiv
    main.o(.text.task3MeasureVoltageDiff) refers to d2f.o(.text) for __aeabi_d2f
    main.o(.text.task3MeasureVoltageDiff) refers to f2d.o(.text) for __aeabi_f2d
    main.o(.text.task3MeasureVoltageDiff) refers to dcmp.o(i._dgeq) for __aeabi_dcmpge
    main.o(.text.task3MeasureVoltageDiff) refers to dcmp.o(i._dleq) for __aeabi_dcmple
    main.o(.text.task3MeasureVoltageDiff) refers to main.o(.bss.pressed) for pressed
    main.o(.text.task3MeasureVoltageDiff) refers to adc.o(.bss.dres) for dres
    main.o(.text.task3MeasureVoltageDiff) refers to main.o(.bss.measured_voltage) for measured_voltage
    main.o(.ARM.exidx.text.task3MeasureVoltageDiff) refers to main.o(.text.task3MeasureVoltageDiff) for [Anonymous Symbol]
    main.o(.text.main) refers to main.o(.text.init_LED) for init_LED
    main.o(.text.main) refers to main.o(.text.init_ButtonGPIO) for init_ButtonGPIO
    main.o(.text.main) refers to main.o(.text.init_ButtonState) for init_ButtonState
    main.o(.text.main) refers to adc.o(.text.Init_ADC) for Init_ADC
    main.o(.text.main) refers to adc.o(.text.ADC_Cal) for ADC_Cal
    main.o(.text.main) refers to systick.o(.text.Init_SysTick) for Init_SysTick
    main.o(.text.main) refers to systick.o(.text.waitSysTickCounter) for waitSysTickCounter
    main.o(.text.main) refers to main.o(.text.task1ButtonPress) for task1ButtonPress
    main.o(.text.main) refers to main.o(.text.task3MeasureVoltageDiff) for task3MeasureVoltageDiff
    main.o(.text.main) refers to main.o(.bss.calibrationFailed) for calibrationFailed
    main.o(.ARM.exidx.text.main) refers to main.o(.text.main) for [Anonymous Symbol]
    systick.o(.text.Init_SysTick) refers to aeabi_sdivfast.o(.text_divfast) for __aeabi_uidiv
    systick.o(.text.Init_SysTick) refers to systick.o(.text.SysTick_Config) for SysTick_Config
    systick.o(.text.Init_SysTick) refers to system_mkl25z4.o(.data.SystemCoreClock) for SystemCoreClock
    systick.o(.ARM.exidx.text.Init_SysTick) refers to systick.o(.text.Init_SysTick) for [Anonymous Symbol]
    systick.o(.text.SysTick_Config) refers to systick.o(.text.__NVIC_SetPriority) for __NVIC_SetPriority
    systick.o(.ARM.exidx.text.SysTick_Config) refers to systick.o(.text.SysTick_Config) for [Anonymous Symbol]
    systick.o(.text.SysTick_Handler) refers to systick.o(.bss.SysTickCounter) for SysTickCounter
    systick.o(.ARM.exidx.text.SysTick_Handler) refers to systick.o(.text.SysTick_Handler) for [Anonymous Symbol]
    systick.o(.text.waitSysTickCounter) refers to systick.o(.bss.SysTickCounter) for SysTickCounter
    systick.o(.ARM.exidx.text.waitSysTickCounter) refers to systick.o(.text.waitSysTickCounter) for [Anonymous Symbol]
    systick.o(.ARM.exidx.text.__NVIC_SetPriority) refers to systick.o(.text.__NVIC_SetPriority) for [Anonymous Symbol]
    startup_mkl25z4.o(STACK) refers (Special) to heapauxi.o(.text) for __use_two_region_memory
    startup_mkl25z4.o(HEAP) refers (Special) to heapauxi.o(.text) for __use_two_region_memory
    startup_mkl25z4.o(RESET) refers (Special) to heapauxi.o(.text) for __use_two_region_memory
    startup_mkl25z4.o(RESET) refers to startup_mkl25z4.o(STACK) for __initial_sp
    startup_mkl25z4.o(RESET) refers to startup_mkl25z4.o(.text) for Reset_Handler
    startup_mkl25z4.o(RESET) refers to systick.o(.text.SysTick_Handler) for SysTick_Handler
    startup_mkl25z4.o(.ARM.__at_0x400) refers (Special) to heapauxi.o(.text) for __use_two_region_memory
    startup_mkl25z4.o(.text) refers (Special) to heapauxi.o(.text) for __use_two_region_memory
    startup_mkl25z4.o(.text) refers to system_mkl25z4.o(.text.SystemInit) for SystemInit
    startup_mkl25z4.o(.text) refers to __main.o(!!!main) for __main
    startup_mkl25z4.o(.text) refers to startup_mkl25z4.o(HEAP) for Heap_Mem
    startup_mkl25z4.o(.text) refers to startup_mkl25z4.o(STACK) for Stack_Mem
    system_mkl25z4.o(.ARM.exidx.text.SystemInit) refers to system_mkl25z4.o(.text.SystemInit) for [Anonymous Symbol]
    system_mkl25z4.o(.text.SystemCoreClockUpdate) refers to aeabi_sdivfast.o(.text_divfast) for __aeabi_uidiv
    system_mkl25z4.o(.text.SystemCoreClockUpdate) refers to system_mkl25z4.o(.data.SystemCoreClock) for SystemCoreClock
    system_mkl25z4.o(.ARM.exidx.text.SystemCoreClockUpdate) refers to system_mkl25z4.o(.text.SystemCoreClockUpdate) for [Anonymous Symbol]
    __main.o(!!!main) refers to __rtentry.o(.ARM.Collect$$rtentry$$00000000) for __rt_entry
    d2f.o(.text) refers (Special) to usenofp.o(x$fpl$usenofp) for __I$use$fp
    daddsub.o(.text) refers (Special) to usenofp.o(x$fpl$usenofp) for __I$use$fp
    dcmp.o(i._deq) refers (Special) to usenofp.o(x$fpl$usenofp) for __I$use$fp
    dcmp.o(i._deq) refers to deqf.o(x$fpl$deqf) for _dcmpeq
    dcmp.o(i._dgeq) refers (Special) to usenofp.o(x$fpl$usenofp) for __I$use$fp
    dcmp.o(i._dgeq) refers to dgef.o(x$fpl$dgeqf) for _dcmpge
    dcmp.o(i._dgr) refers (Special) to usenofp.o(x$fpl$usenofp) for __I$use$fp
    dcmp.o(i._dgr) refers to dgef.o(x$fpl$dgeqf) for _dcmpge
    dcmp.o(i._dleq) refers (Special) to usenofp.o(x$fpl$usenofp) for __I$use$fp
    dcmp.o(i._dleq) refers to dlef.o(x$fpl$dleqf) for _dcmple
    dcmp.o(i._dls) refers (Special) to usenofp.o(x$fpl$usenofp) for __I$use$fp
    dcmp.o(i._dls) refers to dlef.o(x$fpl$dleqf) for _dcmple
    dcmp.o(i._dneq) refers (Special) to usenofp.o(x$fpl$usenofp) for __I$use$fp
    dcmp.o(i._dneq) refers to deqf.o(x$fpl$deqf) for _dcmpeq
    ddiv.o(.text) refers (Special) to usenofp.o(x$fpl$usenofp) for __I$use$fp
    ddiv.o(.text) refers to ddiv.o(.constdata) for .constdata
    ddiv.o(.constdata) refers (Special) to usenofp.o(x$fpl$usenofp) for __I$use$fp
    dflti.o(.text) refers (Special) to usenofp.o(x$fpl$usenofp) for __I$use$fp
    dmul.o(.text) refers (Special) to usenofp.o(x$fpl$usenofp) for __I$use$fp
    f2d.o(.text) refers (Special) to usenofp.o(x$fpl$usenofp) for __I$use$fp
    faddsub.o(x$fpl$fadd) refers (Special) to usenofp.o(x$fpl$usenofp) for __I$use$fp
    faddsub.o(x$fpl$fadd) refers to faddsub.o(x$fpl$fsub) for _fsub1
    faddsub.o(x$fpl$frsb) refers (Special) to usenofp.o(x$fpl$usenofp) for __I$use$fp
    faddsub.o(x$fpl$frsb) refers to faddsub.o(x$fpl$fsub) for _fsub1
    faddsub.o(x$fpl$frsb) refers to faddsub.o(x$fpl$fadd) for _fadd1
    faddsub.o(x$fpl$fsub) refers (Special) to usenofp.o(x$fpl$usenofp) for __I$use$fp
    faddsub.o(x$fpl$fsub) refers to faddsub.o(x$fpl$fadd) for _fadd1
    fdiv.o(.text) refers (Special) to usenofp.o(x$fpl$usenofp) for __I$use$fp
    fdiv.o(.text) refers to fdiv.o(.constdata) for .constdata
    fdiv.o(.constdata) refers (Special) to usenofp.o(x$fpl$usenofp) for __I$use$fp
    fflti.o(.text) refers (Special) to usenofp.o(x$fpl$usenofp) for __I$use$fp
    __rtentry.o(.ARM.Collect$$rtentry$$00000000) refers (Special) to __rtentry2.o(.ARM.Collect$$rtentry$$0000000A) for __rt_entry_li
    __rtentry.o(.ARM.Collect$$rtentry$$00000000) refers (Special) to __rtentry2.o(.ARM.Collect$$rtentry$$0000000D) for __rt_entry_main
    __rtentry.o(.ARM.Collect$$rtentry$$00000000) refers (Special) to __rtentry2.o(.ARM.Collect$$rtentry$$0000000C) for __rt_entry_postli_1
    __rtentry.o(.ARM.Collect$$rtentry$$00000000) refers (Special) to __rtentry2.o(.ARM.Collect$$rtentry$$00000009) for __rt_entry_postsh_1
    __rtentry.o(.ARM.Collect$$rtentry$$00000000) refers (Special) to __rtentry2.o(.ARM.Collect$$rtentry$$00000002) for __rt_entry_presh_1
    __rtentry.o(.ARM.Collect$$rtentry$$00000000) refers (Special) to __rtentry4.o(.ARM.Collect$$rtentry$$00000004) for __rt_entry_sh
    aeabi_idiv0_sigfpe.o(.text) refers to rt_div0.o(.text) for __rt_div0
    deqf.o(x$fpl$deqf) refers (Special) to usenofp.o(x$fpl$usenofp) for __I$use$fp
    deqf.o(x$fpl$deqf) refers to dcmpin.o(.text) for __fpl_dcmp_InfNaN
    dgef.o(x$fpl$dgeqf) refers (Special) to usenofp.o(x$fpl$usenofp) for __I$use$fp
    dgef.o(x$fpl$dgeqf) refers to dcmpin.o(.text) for __fpl_dcmp_InfNaN
    dlef.o(x$fpl$dleqf) refers (Special) to usenofp.o(x$fpl$usenofp) for __I$use$fp
    dlef.o(x$fpl$dleqf) refers to dcmpin.o(.text) for __fpl_dcmp_InfNaN
    __rtentry2.o(.ARM.Collect$$rtentry$$00000008) refers to boardinit2.o(.text) for _platform_post_stackheap_init
    __rtentry2.o(.ARM.Collect$$rtentry$$0000000A) refers to libinit.o(.ARM.Collect$$libinit$$00000000) for __rt_lib_init
    __rtentry2.o(.ARM.Collect$$rtentry$$0000000B) refers to boardinit3.o(.text) for _platform_post_lib_init
    __rtentry2.o(.ARM.Collect$$rtentry$$0000000D) refers to main.o(.text.main) for main
    __rtentry2.o(.ARM.Collect$$rtentry$$0000000D) refers to exit.o(.text) for exit
    __rtentry2.o(.ARM.exidx) refers to __rtentry2.o(.ARM.Collect$$rtentry$$00000001) for .ARM.Collect$$rtentry$$00000001
    __rtentry2.o(.ARM.exidx) refers to __rtentry2.o(.ARM.Collect$$rtentry$$00000008) for .ARM.Collect$$rtentry$$00000008
    __rtentry2.o(.ARM.exidx) refers to __rtentry2.o(.ARM.Collect$$rtentry$$0000000A) for .ARM.Collect$$rtentry$$0000000A
    __rtentry2.o(.ARM.exidx) refers to __rtentry2.o(.ARM.Collect$$rtentry$$0000000B) for .ARM.Collect$$rtentry$$0000000B
    __rtentry2.o(.ARM.exidx) refers to __rtentry2.o(.ARM.Collect$$rtentry$$0000000D) for .ARM.Collect$$rtentry$$0000000D
    __rtentry4.o(.ARM.Collect$$rtentry$$00000004) refers to sys_stackheap_outer.o(.text) for __user_setup_stackheap
    __rtentry4.o(.ARM.exidx) refers to __rtentry4.o(.ARM.Collect$$rtentry$$00000004) for .ARM.Collect$$rtentry$$00000004
    rt_div0.o(.text) refers to defsig_fpe_outer.o(.text) for __rt_SIGFPE
    dcmpin.o(.text) refers (Special) to usenofp.o(x$fpl$usenofp) for __I$use$fp
    dcmpin.o(.text) refers to cmpret.o(.text) for __fpl_cmpreturn
    dcmpin.o(.text) refers to dnan2.o(.text) for __fpl_dcheck_NaN2
    sys_stackheap_outer.o(.text) refers to libspace.o(.text) for __user_perproc_libspace
    sys_stackheap_outer.o(.text) refers to startup_mkl25z4.o(.text) for __user_initial_stackheap
    sys_stackheap_outer.o(__vectab_stack_and_reset_area) refers to tempstk.o(.text) for __temporary_stack_top
    sys_stackheap_outer.o(__vectab_stack_and_reset_area) refers to __main.o(!!!main) for __main
    exit.o(.text) refers to rtexit.o(.ARM.Collect$$rtexit$$00000000) for __rt_exit
    defsig_fpe_outer.o(.text) refers to defsig_fpe_inner.o(.text) for __rt_SIGFPE_inner
    defsig_fpe_outer.o(.text) refers to defsig_exit.o(.text) for __sig_exit
    defsig_fpe_formal.o(.text) refers to rt_raise.o(.text) for __rt_raise
    libinit.o(.ARM.Collect$$libinit$$00000000) refers (Special) to libinit2.o(.ARM.Collect$$libinit$$0000002E) for __rt_lib_init_alloca_1
    libinit.o(.ARM.Collect$$libinit$$00000000) refers (Special) to libinit2.o(.ARM.Collect$$libinit$$0000002C) for __rt_lib_init_argv_1
    libinit.o(.ARM.Collect$$libinit$$00000000) refers (Special) to libinit2.o(.ARM.Collect$$libinit$$0000001B) for __rt_lib_init_atexit_1
    libinit.o(.ARM.Collect$$libinit$$00000000) refers (Special) to libinit2.o(.ARM.Collect$$libinit$$00000021) for __rt_lib_init_clock_1
    libinit.o(.ARM.Collect$$libinit$$00000000) refers (Special) to libinit2.o(.ARM.Collect$$libinit$$00000032) for __rt_lib_init_cpp_1
    libinit.o(.ARM.Collect$$libinit$$00000000) refers (Special) to libinit2.o(.ARM.Collect$$libinit$$00000030) for __rt_lib_init_exceptions_1
    libinit.o(.ARM.Collect$$libinit$$00000000) refers (Special) to libinit2.o(.ARM.Collect$$libinit$$00000002) for __rt_lib_init_fp_1
    libinit.o(.ARM.Collect$$libinit$$00000000) refers (Special) to libinit2.o(.ARM.Collect$$libinit$$0000001F) for __rt_lib_init_fp_trap_1
    libinit.o(.ARM.Collect$$libinit$$00000000) refers (Special) to libinit2.o(.ARM.Collect$$libinit$$00000023) for __rt_lib_init_getenv_1
    libinit.o(.ARM.Collect$$libinit$$00000000) refers (Special) to libinit2.o(.ARM.Collect$$libinit$$0000000A) for __rt_lib_init_heap_1
    libinit.o(.ARM.Collect$$libinit$$00000000) refers (Special) to libinit2.o(.ARM.Collect$$libinit$$00000011) for __rt_lib_init_lc_collate_1
    libinit.o(.ARM.Collect$$libinit$$00000000) refers (Special) to libinit2.o(.ARM.Collect$$libinit$$00000013) for __rt_lib_init_lc_ctype_1
    libinit.o(.ARM.Collect$$libinit$$00000000) refers (Special) to libinit2.o(.ARM.Collect$$libinit$$00000015) for __rt_lib_init_lc_monetary_1
    libinit.o(.ARM.Collect$$libinit$$00000000) refers (Special) to libinit2.o(.ARM.Collect$$libinit$$00000017) for __rt_lib_init_lc_numeric_1
    libinit.o(.ARM.Collect$$libinit$$00000000) refers (Special) to libinit2.o(.ARM.Collect$$libinit$$00000019) for __rt_lib_init_lc_time_1
    libinit.o(.ARM.Collect$$libinit$$00000000) refers (Special) to libinit2.o(.ARM.Collect$$libinit$$00000004) for __rt_lib_init_preinit_1
    libinit.o(.ARM.Collect$$libinit$$00000000) refers (Special) to libinit2.o(.ARM.Collect$$libinit$$0000000E) for __rt_lib_init_rand_1
    libinit.o(.ARM.Collect$$libinit$$00000000) refers (Special) to libinit2.o(.ARM.Collect$$libinit$$00000033) for __rt_lib_init_return
    libinit.o(.ARM.Collect$$libinit$$00000000) refers (Special) to libinit2.o(.ARM.Collect$$libinit$$0000001D) for __rt_lib_init_signal_1
    libinit.o(.ARM.Collect$$libinit$$00000000) refers (Special) to libinit2.o(.ARM.Collect$$libinit$$00000025) for __rt_lib_init_stdio_1
    libinit.o(.ARM.Collect$$libinit$$00000000) refers (Special) to libinit2.o(.ARM.Collect$$libinit$$0000000C) for __rt_lib_init_user_alloc_1
    cmpret.o(.text) refers (Special) to usenofp.o(x$fpl$usenofp) for __I$use$fp
    dnan2.o(.text) refers (Special) to usenofp.o(x$fpl$usenofp) for __I$use$fp
    dnan2.o(.text) refers to retnan.o(.text) for __fpl_return_NaN
    libspace.o(.text) refers to libspace.o(.bss) for __libspace_start
    rtexit.o(.ARM.Collect$$rtexit$$00000000) refers (Special) to rtexit2.o(.ARM.Collect$$rtexit$$00000004) for __rt_exit_exit
    rtexit.o(.ARM.Collect$$rtexit$$00000000) refers (Special) to rtexit2.o(.ARM.Collect$$rtexit$$00000003) for __rt_exit_ls
    rtexit.o(.ARM.Collect$$rtexit$$00000000) refers (Special) to rtexit2.o(.ARM.Collect$$rtexit$$00000002) for __rt_exit_prels_1
    rtexit.o(.ARM.exidx) refers (Special) to rtexit2.o(.ARM.Collect$$rtexit$$00000004) for __rt_exit_exit
    rtexit.o(.ARM.exidx) refers (Special) to rtexit2.o(.ARM.Collect$$rtexit$$00000003) for __rt_exit_ls
    rtexit.o(.ARM.exidx) refers (Special) to rtexit2.o(.ARM.Collect$$rtexit$$00000002) for __rt_exit_prels_1
    rtexit.o(.ARM.exidx) refers to rtexit.o(.ARM.Collect$$rtexit$$00000000) for .ARM.Collect$$rtexit$$00000000
    rt_raise.o(.text) refers to __raise.o(.text) for __raise
    rt_raise.o(.text) refers to sys_exit.o(.text) for _sys_exit
    defsig_exit.o(.text) refers to sys_exit.o(.text) for _sys_exit
    defsig_fpe_inner.o(.text) refers to defsig_general.o(.text) for __default_signal_display
    libinit2.o(.ARM.Collect$$libinit$$00000010) refers to libinit2.o(.ARM.Collect$$libinit$$0000000F) for .ARM.Collect$$libinit$$0000000F
    libinit2.o(.ARM.Collect$$libinit$$00000012) refers to libinit2.o(.ARM.Collect$$libinit$$0000000F) for .ARM.Collect$$libinit$$0000000F
    libinit2.o(.ARM.Collect$$libinit$$00000014) refers to libinit2.o(.ARM.Collect$$libinit$$0000000F) for .ARM.Collect$$libinit$$0000000F
    libinit2.o(.ARM.Collect$$libinit$$00000016) refers to libinit2.o(.ARM.Collect$$libinit$$0000000F) for .ARM.Collect$$libinit$$0000000F
    libinit2.o(.ARM.Collect$$libinit$$00000018) refers to libinit2.o(.ARM.Collect$$libinit$$0000000F) for .ARM.Collect$$libinit$$0000000F
    libinit2.o(.ARM.Collect$$libinit$$00000026) refers to argv_veneer.o(.text) for __ARM_argv_veneer
    libinit2.o(.ARM.Collect$$libinit$$00000027) refers to argv_veneer.o(.text) for __ARM_argv_veneer
    retnan.o(.text) refers (Special) to usenofp.o(x$fpl$usenofp) for __I$use$fp
    retnan.o(.text) refers to cmpret.o(.text) for __fpl_cmpreturn
    sys_exit.o(.text) refers (Special) to use_no_semi.o(.text) for __I$use$semihosting
    sys_exit.o(.text) refers (Special) to indicate_semi.o(.text) for __semihosting_library_function
    sys_exit_hlt.o(.text) refers (Special) to use_no_semi.o(.text) for __I$use$semihosting
    sys_exit_hlt.o(.text) refers (Special) to indicate_semi.o(.text) for __semihosting_library_function
    rtexit2.o(.ARM.Collect$$rtexit$$00000003) refers to libshutdown.o(.ARM.Collect$$libshutdown$$00000000) for __rt_lib_shutdown
    rtexit2.o(.ARM.Collect$$rtexit$$00000004) refers to sys_exit.o(.text) for _sys_exit
    rtexit2.o(.ARM.exidx) refers to rtexit2.o(.ARM.Collect$$rtexit$$00000001) for .ARM.Collect$$rtexit$$00000001
    rtexit2.o(.ARM.exidx) refers to rtexit2.o(.ARM.Collect$$rtexit$$00000003) for .ARM.Collect$$rtexit$$00000003
    rtexit2.o(.ARM.exidx) refers to rtexit2.o(.ARM.Collect$$rtexit$$00000004) for .ARM.Collect$$rtexit$$00000004
    __raise.o(.text) refers to defsig.o(CL$$defsig) for __default_signal_handler
    defsig_general.o(.text) refers to sys_wrch.o(.text) for _ttywrch
    sys_wrch.o(.text) refers (Special) to use_no_semi.o(.text) for __I$use$semihosting
    sys_wrch.o(.text) refers (Special) to indicate_semi.o(.text) for __semihosting_library_function
    sys_wrch_hlt.o(.text) refers (Special) to use_no_semi.o(.text) for __I$use$semihosting
    sys_wrch_hlt.o(.text) refers (Special) to indicate_semi.o(.text) for __semihosting_library_function
    defsig.o(CL$$defsig) refers to defsig_fpe_inner.o(.text) for __rt_SIGFPE_inner
    defsig.o(CL$$defsig) refers to defsig_rtmem_inner.o(.text) for __rt_SIGRTMEM_inner
    _get_argv_nomalloc.o(.text) refers (Special) to hrguard.o(.text) for __heap_region$guard
    _get_argv_nomalloc.o(.text) refers to defsig_rtmem_outer.o(.text) for __rt_SIGRTMEM
    _get_argv_nomalloc.o(.text) refers to sys_command.o(.text) for _sys_command_string
    libshutdown.o(.ARM.Collect$$libshutdown$$00000000) refers (Special) to libshutdown2.o(.ARM.Collect$$libshutdown$$00000002) for __rt_lib_shutdown_cpp_1
    libshutdown.o(.ARM.Collect$$libshutdown$$00000000) refers (Special) to libshutdown2.o(.ARM.Collect$$libshutdown$$00000007) for __rt_lib_shutdown_fp_trap_1
    libshutdown.o(.ARM.Collect$$libshutdown$$00000000) refers (Special) to libshutdown2.o(.ARM.Collect$$libshutdown$$0000000F) for __rt_lib_shutdown_heap_1
    libshutdown.o(.ARM.Collect$$libshutdown$$00000000) refers (Special) to libshutdown2.o(.ARM.Collect$$libshutdown$$00000010) for __rt_lib_shutdown_return
    libshutdown.o(.ARM.Collect$$libshutdown$$00000000) refers (Special) to libshutdown2.o(.ARM.Collect$$libshutdown$$0000000A) for __rt_lib_shutdown_signal_1
    libshutdown.o(.ARM.Collect$$libshutdown$$00000000) refers (Special) to libshutdown2.o(.ARM.Collect$$libshutdown$$00000004) for __rt_lib_shutdown_stdio_1
    libshutdown.o(.ARM.Collect$$libshutdown$$00000000) refers (Special) to libshutdown2.o(.ARM.Collect$$libshutdown$$0000000C) for __rt_lib_shutdown_user_alloc_1
    sys_command.o(.text) refers (Special) to use_no_semi.o(.text) for __I$use$semihosting
    sys_command.o(.text) refers (Special) to indicate_semi.o(.text) for __semihosting_library_function
    sys_command_hlt.o(.text) refers (Special) to use_no_semi.o(.text) for __I$use$semihosting
    sys_command_hlt.o(.text) refers (Special) to indicate_semi.o(.text) for __semihosting_library_function
    defsig_abrt_inner.o(.text) refers to defsig_general.o(.text) for __default_signal_display
    defsig_rtred_inner.o(.text) refers to defsig_general.o(.text) for __default_signal_display
    defsig_rtmem_inner.o(.text) refers to defsig_general.o(.text) for __default_signal_display
    defsig_rtmem_outer.o(.text) refers to defsig_rtmem_inner.o(.text) for __rt_SIGRTMEM_inner
    defsig_rtmem_outer.o(.text) refers to defsig_exit.o(.text) for __sig_exit
    defsig_rtmem_formal.o(.text) refers to rt_raise.o(.text) for __rt_raise
    defsig_stak_inner.o(.text) refers to defsig_general.o(.text) for __default_signal_display
    defsig_pvfn_inner.o(.text) refers to defsig_general.o(.text) for __default_signal_display
    defsig_cppl_inner.o(.text) refers to defsig_general.o(.text) for __default_signal_display
    defsig_segv_inner.o(.text) refers to defsig_general.o(.text) for __default_signal_display
    defsig_other.o(.text) refers to defsig_general.o(.text) for __default_signal_display


==============================================================================

Removing Unused input sections from the image.

    Removing adc.o(.text), (0 bytes).
    Removing adc.o(.ARM.exidx.text.Init_ADC), (8 bytes).
    Removing adc.o(.text.MeasureVoltage), (32 bytes).
    Removing adc.o(.ARM.exidx.text.MeasureVoltage), (8 bytes).
    Removing adc.o(.ARM.exidx.text.MeasureVoltageDiff), (8 bytes).
    Removing adc.o(.ARM.exidx.text.ADC_Cal), (8 bytes).
    Removing adc.o(.bss.sres), (2 bytes).
    Removing main.o(.text), (0 bytes).
    Removing main.o(.ARM.exidx.text.init_LED), (8 bytes).
    Removing main.o(.ARM.exidx.text.init_ButtonGPIO), (8 bytes).
    Removing main.o(.ARM.exidx.text.isPressed), (8 bytes).
    Removing main.o(.ARM.exidx.text.init_ButtonState), (8 bytes).
    Removing main.o(.ARM.exidx.text.task1ButtonPress), (8 bytes).
    Removing main.o(.text.task2MeasureVoltage), (156 bytes).
    Removing main.o(.ARM.exidx.text.task2MeasureVoltage), (8 bytes).
    Removing main.o(.ARM.exidx.text.task3MeasureVoltageDiff), (8 bytes).
    Removing main.o(.ARM.exidx.text.main), (8 bytes).
    Removing main.o(.bss.cycles), (4 bytes).
    Removing main.o(.bss.measurments), (20 bytes).
    Removing main.o(.bss.average), (4 bytes).
    Removing main.o(.ARM.use_no_argv), (4 bytes).
    Removing systick.o(.text), (0 bytes).
    Removing systick.o(.ARM.exidx.text.Init_SysTick), (8 bytes).
    Removing systick.o(.ARM.exidx.text.SysTick_Config), (8 bytes).
    Removing systick.o(.ARM.exidx.text.SysTick_Handler), (8 bytes).
    Removing systick.o(.ARM.exidx.text.waitSysTickCounter), (8 bytes).
    Removing systick.o(.ARM.exidx.text.__NVIC_SetPriority), (8 bytes).
    Removing system_mkl25z4.o(.text), (0 bytes).
    Removing system_mkl25z4.o(.ARM.exidx.text.SystemInit), (8 bytes).
    Removing system_mkl25z4.o(.text.SystemCoreClockUpdate), (296 bytes).
    Removing system_mkl25z4.o(.ARM.exidx.text.SystemCoreClockUpdate), (8 bytes).

31 unused section(s) (total 670 bytes) removed from the image.

==============================================================================

Image Symbol Table

    Local Symbols

    Symbol Name                              Value     Ov Type        Size  Object(Section)

    RESET                                    0x00000000   Section      192  startup_mkl25z4.o(RESET)
    ../clib/angel/boardlib.s                 0x00000000   Number         0  boardinit3.o ABSOLUTE
    ../clib/angel/boardlib.s                 0x00000000   Number         0  boardinit2.o ABSOLUTE
    ../clib/angel/boardlib.s                 0x00000000   Number         0  boardinit1.o ABSOLUTE
    ../clib/angel/boardlib.s                 0x00000000   Number         0  boardshut.o ABSOLUTE
    ../clib/angel/handlers.s                 0x00000000   Number         0  __scatter_copy.o ABSOLUTE
    ../clib/angel/handlers.s                 0x00000000   Number         0  __scatter_zi.o ABSOLUTE
    ../clib/angel/kernel.s                   0x00000000   Number         0  __rtentry4.o ABSOLUTE
    ../clib/angel/kernel.s                   0x00000000   Number         0  __rtentry2.o ABSOLUTE
    ../clib/angel/kernel.s                   0x00000000   Number         0  __rtentry.o ABSOLUTE
    ../clib/angel/kernel.s                   0x00000000   Number         0  rtexit.o ABSOLUTE
    ../clib/angel/kernel.s                   0x00000000   Number         0  rtexit2.o ABSOLUTE
    ../clib/angel/rt.s                       0x00000000   Number         0  aeabi_idiv0_sigfpe.o ABSOLUTE
    ../clib/angel/rt.s                       0x00000000   Number         0  rt_div0.o ABSOLUTE
    ../clib/angel/rt.s                       0x00000000   Number         0  rt_raise.o ABSOLUTE
    ../clib/angel/rt.s                       0x00000000   Number         0  aeabi_idiv0.o ABSOLUTE
    ../clib/angel/scatterp.s                 0x00000000   Number         0  __scatter.o ABSOLUTE
    ../clib/angel/startup.s                  0x00000000   Number         0  __main.o ABSOLUTE
    ../clib/angel/sys.s                      0x00000000   Number         0  tempstk.o ABSOLUTE
    ../clib/angel/sys.s                      0x00000000   Number         0  libspace.o ABSOLUTE
    ../clib/angel/sys.s                      0x00000000   Number         0  sys_stackheap_outer.o ABSOLUTE
    ../clib/angel/sys.s                      0x00000000   Number         0  indicate_semi.o ABSOLUTE
    ../clib/angel/sys.s                      0x00000000   Number         0  use_no_semi.o ABSOLUTE
    ../clib/angel/sysapp.c                   0x00000000   Number         0  sys_wrch_hlt.o ABSOLUTE
    ../clib/angel/sysapp.c                   0x00000000   Number         0  sys_wrch.o ABSOLUTE
    ../clib/angel/sysapp.c                   0x00000000   Number         0  sys_exit_hlt.o ABSOLUTE
    ../clib/angel/sysapp.c                   0x00000000   Number         0  sys_command.o ABSOLUTE
    ../clib/angel/sysapp.c                   0x00000000   Number         0  sys_exit.o ABSOLUTE
    ../clib/angel/sysapp.c                   0x00000000   Number         0  sys_command_hlt.o ABSOLUTE
    ../clib/armsys.c                         0x00000000   Number         0  argv_veneer.o ABSOLUTE
    ../clib/armsys.c                         0x00000000   Number         0  _get_argv_nomalloc.o ABSOLUTE
    ../clib/armsys.c                         0x00000000   Number         0  no_argv.o ABSOLUTE
    ../clib/division.s                       0x00000000   Number         0  aeabi_sdivfast_div0.o ABSOLUTE
    ../clib/division.s                       0x00000000   Number         0  aeabi_sdivfast.o ABSOLUTE
    ../clib/heapalloc.c                      0x00000000   Number         0  hrguard.o ABSOLUTE
    ../clib/heapaux.c                        0x00000000   Number         0  heapauxi.o ABSOLUTE
    ../clib/libinit.s                        0x00000000   Number         0  libshutdown.o ABSOLUTE
    ../clib/libinit.s                        0x00000000   Number         0  libinit.o ABSOLUTE
    ../clib/libinit.s                        0x00000000   Number         0  libshutdown2.o ABSOLUTE
    ../clib/libinit.s                        0x00000000   Number         0  libinit2.o ABSOLUTE
    ../clib/signal.c                         0x00000000   Number         0  defsig_other.o ABSOLUTE
    ../clib/signal.c                         0x00000000   Number         0  defsig_segv_inner.o ABSOLUTE
    ../clib/signal.c                         0x00000000   Number         0  defsig_cppl_inner.o ABSOLUTE
    ../clib/signal.c                         0x00000000   Number         0  defsig_pvfn_inner.o ABSOLUTE
    ../clib/signal.c                         0x00000000   Number         0  defsig_stak_inner.o ABSOLUTE
    ../clib/signal.c                         0x00000000   Number         0  defsig_general.o ABSOLUTE
    ../clib/signal.c                         0x00000000   Number         0  defsig_fpe_outer.o ABSOLUTE
    ../clib/signal.c                         0x00000000   Number         0  defsig_fpe_formal.o ABSOLUTE
    ../clib/signal.c                         0x00000000   Number         0  defsig_abrt_inner.o ABSOLUTE
    ../clib/signal.c                         0x00000000   Number         0  defsig_rtred_inner.o ABSOLUTE
    ../clib/signal.c                         0x00000000   Number         0  __raise.o ABSOLUTE
    ../clib/signal.c                         0x00000000   Number         0  defsig_rtmem_inner.o ABSOLUTE
    ../clib/signal.c                         0x00000000   Number         0  defsig_rtmem_outer.o ABSOLUTE
    ../clib/signal.c                         0x00000000   Number         0  defsig_fpe_inner.o ABSOLUTE
    ../clib/signal.c                         0x00000000   Number         0  defsig_exit.o ABSOLUTE
    ../clib/signal.c                         0x00000000   Number         0  defsig_rtmem_formal.o ABSOLUTE
    ../clib/signal.s                         0x00000000   Number         0  defsig.o ABSOLUTE
    ../clib/stdlib.c                         0x00000000   Number         0  exit.o ABSOLUTE
    ../fplib/cfplib/cmp.c                    0x00000000   Number         0  dcmp.o ABSOLUTE
    ../fplib/cfplib/cmpret.c                 0x00000000   Number         0  cmpret.o ABSOLUTE
    ../fplib/cfplib/d2f.c                    0x00000000   Number         0  d2f.o ABSOLUTE
    ../fplib/cfplib/daddsub.c                0x00000000   Number         0  daddsub.o ABSOLUTE
    ../fplib/cfplib/dcmpin.c                 0x00000000   Number         0  dcmpin.o ABSOLUTE
    ../fplib/cfplib/ddiv.c                   0x00000000   Number         0  ddiv.o ABSOLUTE
    ../fplib/cfplib/dmul.c                   0x00000000   Number         0  dmul.o ABSOLUTE
    ../fplib/cfplib/f2d.c                    0x00000000   Number         0  f2d.o ABSOLUTE
    ../fplib/cfplib/fdiv.c                   0x00000000   Number         0  fdiv.o ABSOLUTE
    ../fplib/cfplib/fflt.c                   0x00000000   Number         0  dflti.o ABSOLUTE
    ../fplib/cfplib/fflt.c                   0x00000000   Number         0  fflti.o ABSOLUTE
    ../fplib/cfplib/fpinit.c                 0x00000000   Number         0  fpinit.o ABSOLUTE
    ../fplib/cfplib/nan2.c                   0x00000000   Number         0  dnan2.o ABSOLUTE
    ../fplib/cfplib/retnan.c                 0x00000000   Number         0  retnan.o ABSOLUTE
    ../fplib/deqf6m.s                        0x00000000   Number         0  deqf.o ABSOLUTE
    ../fplib/dgeqf6m.s                       0x00000000   Number         0  dgef.o ABSOLUTE
    ../fplib/dleqf6m.s                       0x00000000   Number         0  dlef.o ABSOLUTE
    ../fplib/faddsub6m.s                     0x00000000   Number         0  faddsub.o ABSOLUTE
    ../fplib/usenofp.s                       0x00000000   Number         0  usenofp.o ABSOLUTE
    RTE/Device/MKL25Z128xxx4/system_MKL25Z4.c 0x00000000   Number         0  system_mkl25z4.o ABSOLUTE
    RTE\Device\MKL25Z128xxx4\startup_MKL25Z4.s 0x00000000   Number         0  startup_mkl25z4.o ABSOLUTE
    dc.s                                     0x00000000   Number         0  dc.o ABSOLUTE
    src/SysTick.c                            0x00000000   Number         0  systick.o ABSOLUTE
    src/adc.c                                0x00000000   Number         0  adc.o ABSOLUTE
    src/main.c                               0x00000000   Number         0  main.o ABSOLUTE
    !!!main                                  0x000000c0   Section        8  __main.o(!!!main)
    !!!scatter                               0x000000c8   Section       60  __scatter.o(!!!scatter)
    !!handler_copy                           0x00000104   Section       26  __scatter_copy.o(!!handler_copy)
    !!handler_zi                             0x00000120   Section       28  __scatter_zi.o(!!handler_zi)
    .ARM.Collect$$libinit$$00000000          0x0000013c   Section        2  libinit.o(.ARM.Collect$$libinit$$00000000)
    .ARM.Collect$$libinit$$00000002          0x0000013e   Section        0  libinit2.o(.ARM.Collect$$libinit$$00000002)
    .ARM.Collect$$libinit$$00000004          0x0000013e   Section        0  libinit2.o(.ARM.Collect$$libinit$$00000004)
    .ARM.Collect$$libinit$$0000000A          0x0000013e   Section        0  libinit2.o(.ARM.Collect$$libinit$$0000000A)
    .ARM.Collect$$libinit$$0000000C          0x0000013e   Section        0  libinit2.o(.ARM.Collect$$libinit$$0000000C)
    .ARM.Collect$$libinit$$0000000E          0x0000013e   Section        0  libinit2.o(.ARM.Collect$$libinit$$0000000E)
    .ARM.Collect$$libinit$$00000011          0x0000013e   Section        0  libinit2.o(.ARM.Collect$$libinit$$00000011)
    .ARM.Collect$$libinit$$00000013          0x0000013e   Section        0  libinit2.o(.ARM.Collect$$libinit$$00000013)
    .ARM.Collect$$libinit$$00000015          0x0000013e   Section        0  libinit2.o(.ARM.Collect$$libinit$$00000015)
    .ARM.Collect$$libinit$$00000017          0x0000013e   Section        0  libinit2.o(.ARM.Collect$$libinit$$00000017)
    .ARM.Collect$$libinit$$00000019          0x0000013e   Section        0  libinit2.o(.ARM.Collect$$libinit$$00000019)
    .ARM.Collect$$libinit$$0000001B          0x0000013e   Section        0  libinit2.o(.ARM.Collect$$libinit$$0000001B)
    .ARM.Collect$$libinit$$0000001D          0x0000013e   Section        0  libinit2.o(.ARM.Collect$$libinit$$0000001D)
    .ARM.Collect$$libinit$$0000001F          0x0000013e   Section        0  libinit2.o(.ARM.Collect$$libinit$$0000001F)
    .ARM.Collect$$libinit$$00000021          0x0000013e   Section        0  libinit2.o(.ARM.Collect$$libinit$$00000021)
    .ARM.Collect$$libinit$$00000023          0x0000013e   Section        0  libinit2.o(.ARM.Collect$$libinit$$00000023)
    .ARM.Collect$$libinit$$00000025          0x0000013e   Section        0  libinit2.o(.ARM.Collect$$libinit$$00000025)
    .ARM.Collect$$libinit$$0000002C          0x0000013e   Section        0  libinit2.o(.ARM.Collect$$libinit$$0000002C)
    .ARM.Collect$$libinit$$0000002E          0x0000013e   Section        0  libinit2.o(.ARM.Collect$$libinit$$0000002E)
    .ARM.Collect$$libinit$$00000030          0x0000013e   Section        0  libinit2.o(.ARM.Collect$$libinit$$00000030)
    .ARM.Collect$$libinit$$00000032          0x0000013e   Section        0  libinit2.o(.ARM.Collect$$libinit$$00000032)
    .ARM.Collect$$libinit$$00000033          0x0000013e   Section        2  libinit2.o(.ARM.Collect$$libinit$$00000033)
    .ARM.Collect$$libshutdown$$00000000      0x00000140   Section        2  libshutdown.o(.ARM.Collect$$libshutdown$$00000000)
    .ARM.Collect$$libshutdown$$00000002      0x00000142   Section        0  libshutdown2.o(.ARM.Collect$$libshutdown$$00000002)
    .ARM.Collect$$libshutdown$$00000004      0x00000142   Section        0  libshutdown2.o(.ARM.Collect$$libshutdown$$00000004)
    .ARM.Collect$$libshutdown$$00000007      0x00000142   Section        0  libshutdown2.o(.ARM.Collect$$libshutdown$$00000007)
    .ARM.Collect$$libshutdown$$0000000A      0x00000142   Section        0  libshutdown2.o(.ARM.Collect$$libshutdown$$0000000A)
    .ARM.Collect$$libshutdown$$0000000C      0x00000142   Section        0  libshutdown2.o(.ARM.Collect$$libshutdown$$0000000C)
    .ARM.Collect$$libshutdown$$0000000F      0x00000142   Section        0  libshutdown2.o(.ARM.Collect$$libshutdown$$0000000F)
    .ARM.Collect$$libshutdown$$00000010      0x00000142   Section        2  libshutdown2.o(.ARM.Collect$$libshutdown$$00000010)
    .ARM.Collect$$rtentry$$00000000          0x00000144   Section        0  __rtentry.o(.ARM.Collect$$rtentry$$00000000)
    .ARM.Collect$$rtentry$$00000002          0x00000144   Section        0  __rtentry2.o(.ARM.Collect$$rtentry$$00000002)
    .ARM.Collect$$rtentry$$00000004          0x00000144   Section        6  __rtentry4.o(.ARM.Collect$$rtentry$$00000004)
    .ARM.Collect$$rtentry$$00000009          0x0000014a   Section        0  __rtentry2.o(.ARM.Collect$$rtentry$$00000009)
    .ARM.Collect$$rtentry$$0000000A          0x0000014a   Section        4  __rtentry2.o(.ARM.Collect$$rtentry$$0000000A)
    .ARM.Collect$$rtentry$$0000000C          0x0000014e   Section        0  __rtentry2.o(.ARM.Collect$$rtentry$$0000000C)
    .ARM.Collect$$rtentry$$0000000D          0x0000014e   Section        8  __rtentry2.o(.ARM.Collect$$rtentry$$0000000D)
    .ARM.Collect$$rtexit$$00000000           0x00000156   Section        2  rtexit.o(.ARM.Collect$$rtexit$$00000000)
    .ARM.Collect$$rtexit$$00000002           0x00000158   Section        0  rtexit2.o(.ARM.Collect$$rtexit$$00000002)
    .ARM.Collect$$rtexit$$00000003           0x00000158   Section        4  rtexit2.o(.ARM.Collect$$rtexit$$00000003)
    .ARM.Collect$$rtexit$$00000004           0x0000015c   Section        6  rtexit2.o(.ARM.Collect$$rtexit$$00000004)
    .text                                    0x00000164   Section       64  startup_mkl25z4.o(.text)
    .text                                    0x000001a4   Section        0  heapauxi.o(.text)
    .text                                    0x000001ac   Section        0  d2f.o(.text)
    .text                                    0x00000228   Section        0  dflti.o(.text)
    .text                                    0x00000280   Section        0  f2d.o(.text)
    .text                                    0x000002d4   Section        0  dcmpin.o(.text)
    .text                                    0x00000364   Section       62  sys_stackheap_outer.o(.text)
    .text                                    0x000003a2   Section        0  exit.o(.text)
    .text                                    0x000003b2   Section        0  cmpret.o(.text)
    .text                                    0x000003e0   Section        0  dnan2.o(.text)
    .text                                    0x000003f4   Section        8  libspace.o(.text)
    .text                                    0x000003fc   Section        2  use_no_semi.o(.text)
    .text                                    0x000003fe   Section        0  indicate_semi.o(.text)
    x$fpl$usenofp                            0x000003fe   Section        0  usenofp.o(x$fpl$usenofp)
    .ARM.__at_0x400                          0x00000400   Section       16  startup_mkl25z4.o(.ARM.__at_0x400)
    .text                                    0x00000410   Section        0  daddsub.o(.text)
    _dadd1                                   0x00000411   Thumb Code   290  daddsub.o(.text)
    _dsub1                                   0x00000533   Thumb Code   470  daddsub.o(.text)
    .text                                    0x00000768   Section        0  ddiv.o(.text)
    .text                                    0x00000bb0   Section        0  dmul.o(.text)
    .text                                    0x00000df8   Section        0  retnan.o(.text)
    .text                                    0x00000e58   Section        0  sys_exit.o(.text)
    [Anonymous Symbol]                       0x00000e64   Section        0  adc.o(.text.ADC_Cal)
    __arm_cp.3_0                             0x00000ed8   Number         4  adc.o(.text.ADC_Cal)
    [Anonymous Symbol]                       0x00000edc   Section        0  adc.o(.text.Init_ADC)
    __arm_cp.0_0                             0x00000ef4   Number         4  adc.o(.text.Init_ADC)
    __arm_cp.0_1                             0x00000ef8   Number         4  adc.o(.text.Init_ADC)
    [Anonymous Symbol]                       0x00000efc   Section        0  systick.o(.text.Init_SysTick)
    __arm_cp.0_0                             0x00000f14   Number         4  systick.o(.text.Init_SysTick)
    [Anonymous Symbol]                       0x00000f18   Section        0  adc.o(.text.MeasureVoltageDiff)
    [Anonymous Symbol]                       0x00000f30   Section        0  systick.o(.text.SysTick_Config)
    SysTick_Config                           0x00000f31   Thumb Code    32  systick.o(.text.SysTick_Config)
    __arm_cp.1_0                             0x00000f4c   Number         4  systick.o(.text.SysTick_Config)
    [Anonymous Symbol]                       0x00000f50   Section        0  systick.o(.text.SysTick_Handler)
    [Anonymous Symbol]                       0x00000f60   Section        0  system_mkl25z4.o(.text.SystemInit)
    __arm_cp.0_0                             0x00000f68   Number         4  system_mkl25z4.o(.text.SystemInit)
    [Anonymous Symbol]                       0x00000f6c   Section        0  systick.o(.text.__NVIC_SetPriority)
    __NVIC_SetPriority                       0x00000f6d   Thumb Code    24  systick.o(.text.__NVIC_SetPriority)
    __arm_cp.4_0                             0x00000f80   Number         4  systick.o(.text.__NVIC_SetPriority)
    [Anonymous Symbol]                       0x00000f84   Section        0  main.o(.text.init_ButtonGPIO)
    __arm_cp.1_1                             0x00000fb4   Number         4  main.o(.text.init_ButtonGPIO)
    __arm_cp.1_2                             0x00000fb8   Number         4  main.o(.text.init_ButtonGPIO)
    [Anonymous Symbol]                       0x00000fbc   Section        0  main.o(.text.init_ButtonState)
    [Anonymous Symbol]                       0x00000fcc   Section        0  main.o(.text.init_LED)
    __arm_cp.0_0                             0x0000101c   Number         4  main.o(.text.init_LED)
    __arm_cp.0_1                             0x00001020   Number         4  main.o(.text.init_LED)
    __arm_cp.0_2                             0x00001024   Number         4  main.o(.text.init_LED)
    __arm_cp.0_3                             0x00001028   Number         4  main.o(.text.init_LED)
    [Anonymous Symbol]                       0x0000102c   Section        0  main.o(.text.isPressed)
    __arm_cp.2_0                             0x0000103c   Number         4  main.o(.text.isPressed)
    [Anonymous Symbol]                       0x00001040   Section        0  main.o(.text.main)
    __arm_cp.7_0                             0x00001090   Number         4  main.o(.text.main)
    __arm_cp.7_1                             0x00001094   Number         4  main.o(.text.main)
    __arm_cp.7_2                             0x00001098   Number         4  main.o(.text.main)
    [Anonymous Symbol]                       0x0000109c   Section        0  main.o(.text.task1ButtonPress)
    __arm_cp.4_0                             0x000010fc   Number         4  main.o(.text.task1ButtonPress)
    __arm_cp.4_1                             0x00001100   Number         4  main.o(.text.task1ButtonPress)
    [Anonymous Symbol]                       0x00001104   Section        0  main.o(.text.task3MeasureVoltageDiff)
    __arm_cp.6_0                             0x000011c4   Number         4  main.o(.text.task3MeasureVoltageDiff)
    __arm_cp.6_1                             0x000011c8   Number         4  main.o(.text.task3MeasureVoltageDiff)
    __arm_cp.6_2                             0x000011cc   Number         4  main.o(.text.task3MeasureVoltageDiff)
    __arm_cp.6_3                             0x000011d0   Number         4  main.o(.text.task3MeasureVoltageDiff)
    __arm_cp.6_4                             0x000011d4   Number         4  main.o(.text.task3MeasureVoltageDiff)
    __arm_cp.6_5                             0x000011d8   Number         4  main.o(.text.task3MeasureVoltageDiff)
    __arm_cp.6_6                             0x000011dc   Number         4  main.o(.text.task3MeasureVoltageDiff)
    __arm_cp.6_7                             0x000011e0   Number         4  main.o(.text.task3MeasureVoltageDiff)
    __arm_cp.6_8                             0x000011e4   Number         4  main.o(.text.task3MeasureVoltageDiff)
    __arm_cp.6_9                             0x000011e8   Number         4  main.o(.text.task3MeasureVoltageDiff)
    __arm_cp.6_10                            0x000011ec   Number         4  main.o(.text.task3MeasureVoltageDiff)
    __arm_cp.6_11                            0x000011f0   Number         4  main.o(.text.task3MeasureVoltageDiff)
    [Anonymous Symbol]                       0x000011f4   Section        0  systick.o(.text.waitSysTickCounter)
    __arm_cp.3_0                             0x00001200   Number         4  systick.o(.text.waitSysTickCounter)
    .text_divfast                            0x00001204   Section      494  aeabi_sdivfast.o(.text_divfast)
    i._dgeq                                  0x000013f2   Section        0  dcmp.o(i._dgeq)
    i._dleq                                  0x00001408   Section        0  dcmp.o(i._dleq)
    x$fpl$dgeqf                              0x00001424   Section      100  dgef.o(x$fpl$dgeqf)
    x$fpl$dleqf                              0x00001488   Section      100  dlef.o(x$fpl$dleqf)
    .constdata                               0x000014ec   Section      128  ddiv.o(.constdata)
    ddiv_reciptbl                            0x000014ec   Data         128  ddiv.o(.constdata)
    .bss                                     0x1ffff008   Section       96  libspace.o(.bss)
    HEAP                                     0x1ffff080   Section        0  startup_mkl25z4.o(HEAP)
    STACK                                    0x1ffff080   Section      256  startup_mkl25z4.o(STACK)
    Heap_Mem                                 0x1ffff080   Data           0  startup_mkl25z4.o(HEAP)
    Stack_Mem                                0x1ffff080   Data         256  startup_mkl25z4.o(STACK)
    __initial_sp                             0x1ffff180   Data           0  startup_mkl25z4.o(STACK)

    Global Symbols

    Symbol Name                              Value     Ov Type        Size  Object(Section)

    BuildAttributes$$THM_ISAv3M$S$PE$A:L22$X:L11$S22$IEEE1$IW$~IW$USESV6$~STKCKD$USESV7$~SHL$OTIME$ROPI$EBA8$UX$STANDARDLIB$REQ8$PRES8$EABIv2 0x00000000   Number         0  anon$$obj.o ABSOLUTE
    __Vectors                                0x00000000   Data           4  startup_mkl25z4.o(RESET)
    __ARM_exceptions_init                     - Undefined Weak Reference
    __alloca_initialize                       - Undefined Weak Reference
    __arm_preinit_                            - Undefined Weak Reference
    __cpp_initialize__aeabi_                  - Undefined Weak Reference
    __cxa_finalize                            - Undefined Weak Reference
    __rt_locale                               - Undefined Weak Reference
    __sigvec_lookup                           - Undefined Weak Reference
    _atexit_init                              - Undefined Weak Reference
    _call_atexit_fns                          - Undefined Weak Reference
    _clock_init                               - Undefined Weak Reference
    _fp_trap_init                             - Undefined Weak Reference
    _fp_trap_shutdown                         - Undefined Weak Reference
    _get_lc_collate                           - Undefined Weak Reference
    _get_lc_ctype                             - Undefined Weak Reference
    _get_lc_monetary                          - Undefined Weak Reference
    _get_lc_numeric                           - Undefined Weak Reference
    _get_lc_time                              - Undefined Weak Reference
    _getenv_init                              - Undefined Weak Reference
    _handle_redirection                       - Undefined Weak Reference
    _init_alloc                               - Undefined Weak Reference
    _init_user_alloc                          - Undefined Weak Reference
    _initio                                   - Undefined Weak Reference
    _rand_init                                - Undefined Weak Reference
    _signal_finish                            - Undefined Weak Reference
    _signal_init                              - Undefined Weak Reference
    _terminate_alloc                          - Undefined Weak Reference
    _terminate_user_alloc                     - Undefined Weak Reference
    _terminateio                              - Undefined Weak Reference
    __Vectors_End                            0x000000c0   Data           0  startup_mkl25z4.o(RESET)
    __Vectors_Size                           0x000000c0   Number         0  startup_mkl25z4.o ABSOLUTE
    __main                                   0x000000c1   Thumb Code     8  __main.o(!!!main)
    __scatterload                            0x000000c9   Thumb Code     0  __scatter.o(!!!scatter)
    __scatterload_rt2                        0x000000c9   Thumb Code    52  __scatter.o(!!!scatter)
    __scatterload_rt2_thumb_only             0x000000c9   Thumb Code     0  __scatter.o(!!!scatter)
    __scatterload_null                       0x000000d9   Thumb Code     0  __scatter.o(!!!scatter)
    __scatterload_copy                       0x00000105   Thumb Code    26  __scatter_copy.o(!!handler_copy)
    __scatterload_zeroinit                   0x00000121   Thumb Code    28  __scatter_zi.o(!!handler_zi)
    __rt_lib_init                            0x0000013d   Thumb Code     0  libinit.o(.ARM.Collect$$libinit$$00000000)
    __rt_lib_init_alloca_1                   0x0000013f   Thumb Code     0  libinit2.o(.ARM.Collect$$libinit$$0000002E)
    __rt_lib_init_argv_1                     0x0000013f   Thumb Code     0  libinit2.o(.ARM.Collect$$libinit$$0000002C)
    __rt_lib_init_atexit_1                   0x0000013f   Thumb Code     0  libinit2.o(.ARM.Collect$$libinit$$0000001B)
    __rt_lib_init_clock_1                    0x0000013f   Thumb Code     0  libinit2.o(.ARM.Collect$$libinit$$00000021)
    __rt_lib_init_cpp_1                      0x0000013f   Thumb Code     0  libinit2.o(.ARM.Collect$$libinit$$00000032)
    __rt_lib_init_exceptions_1               0x0000013f   Thumb Code     0  libinit2.o(.ARM.Collect$$libinit$$00000030)
    __rt_lib_init_fp_1                       0x0000013f   Thumb Code     0  libinit2.o(.ARM.Collect$$libinit$$00000002)
    __rt_lib_init_fp_trap_1                  0x0000013f   Thumb Code     0  libinit2.o(.ARM.Collect$$libinit$$0000001F)
    __rt_lib_init_getenv_1                   0x0000013f   Thumb Code     0  libinit2.o(.ARM.Collect$$libinit$$00000023)
    __rt_lib_init_heap_1                     0x0000013f   Thumb Code     0  libinit2.o(.ARM.Collect$$libinit$$0000000A)
    __rt_lib_init_lc_collate_1               0x0000013f   Thumb Code     0  libinit2.o(.ARM.Collect$$libinit$$00000011)
    __rt_lib_init_lc_ctype_1                 0x0000013f   Thumb Code     0  libinit2.o(.ARM.Collect$$libinit$$00000013)
    __rt_lib_init_lc_monetary_1              0x0000013f   Thumb Code     0  libinit2.o(.ARM.Collect$$libinit$$00000015)
    __rt_lib_init_lc_numeric_1               0x0000013f   Thumb Code     0  libinit2.o(.ARM.Collect$$libinit$$00000017)
    __rt_lib_init_lc_time_1                  0x0000013f   Thumb Code     0  libinit2.o(.ARM.Collect$$libinit$$00000019)
    __rt_lib_init_preinit_1                  0x0000013f   Thumb Code     0  libinit2.o(.ARM.Collect$$libinit$$00000004)
    __rt_lib_init_rand_1                     0x0000013f   Thumb Code     0  libinit2.o(.ARM.Collect$$libinit$$0000000E)
    __rt_lib_init_return                     0x0000013f   Thumb Code     0  libinit2.o(.ARM.Collect$$libinit$$00000033)
    __rt_lib_init_signal_1                   0x0000013f   Thumb Code     0  libinit2.o(.ARM.Collect$$libinit$$0000001D)
    __rt_lib_init_stdio_1                    0x0000013f   Thumb Code     0  libinit2.o(.ARM.Collect$$libinit$$00000025)
    __rt_lib_init_user_alloc_1               0x0000013f   Thumb Code     0  libinit2.o(.ARM.Collect$$libinit$$0000000C)
    __rt_lib_shutdown                        0x00000141   Thumb Code     0  libshutdown.o(.ARM.Collect$$libshutdown$$00000000)
    __rt_lib_shutdown_cpp_1                  0x00000143   Thumb Code     0  libshutdown2.o(.ARM.Collect$$libshutdown$$00000002)
    __rt_lib_shutdown_fp_trap_1              0x00000143   Thumb Code     0  libshutdown2.o(.ARM.Collect$$libshutdown$$00000007)
    __rt_lib_shutdown_heap_1                 0x00000143   Thumb Code     0  libshutdown2.o(.ARM.Collect$$libshutdown$$0000000F)
    __rt_lib_shutdown_return                 0x00000143   Thumb Code     0  libshutdown2.o(.ARM.Collect$$libshutdown$$00000010)
    __rt_lib_shutdown_signal_1               0x00000143   Thumb Code     0  libshutdown2.o(.ARM.Collect$$libshutdown$$0000000A)
    __rt_lib_shutdown_stdio_1                0x00000143   Thumb Code     0  libshutdown2.o(.ARM.Collect$$libshutdown$$00000004)
    __rt_lib_shutdown_user_alloc_1           0x00000143   Thumb Code     0  libshutdown2.o(.ARM.Collect$$libshutdown$$0000000C)
    __rt_entry                               0x00000145   Thumb Code     0  __rtentry.o(.ARM.Collect$$rtentry$$00000000)
    __rt_entry_presh_1                       0x00000145   Thumb Code     0  __rtentry2.o(.ARM.Collect$$rtentry$$00000002)
    __rt_entry_sh                            0x00000145   Thumb Code     0  __rtentry4.o(.ARM.Collect$$rtentry$$00000004)
    __rt_entry_li                            0x0000014b   Thumb Code     0  __rtentry2.o(.ARM.Collect$$rtentry$$0000000A)
    __rt_entry_postsh_1                      0x0000014b   Thumb Code     0  __rtentry2.o(.ARM.Collect$$rtentry$$00000009)
    __rt_entry_main                          0x0000014f   Thumb Code     0  __rtentry2.o(.ARM.Collect$$rtentry$$0000000D)
    __rt_entry_postli_1                      0x0000014f   Thumb Code     0  __rtentry2.o(.ARM.Collect$$rtentry$$0000000C)
    __rt_exit                                0x00000157   Thumb Code     0  rtexit.o(.ARM.Collect$$rtexit$$00000000)
    __rt_exit_ls                             0x00000159   Thumb Code     0  rtexit2.o(.ARM.Collect$$rtexit$$00000003)
    __rt_exit_prels_1                        0x00000159   Thumb Code     0  rtexit2.o(.ARM.Collect$$rtexit$$00000002)
    __rt_exit_exit                           0x0000015d   Thumb Code     0  rtexit2.o(.ARM.Collect$$rtexit$$00000004)
    Reset_Handler                            0x00000165   Thumb Code    12  startup_mkl25z4.o(.text)
    NMI_Handler                              0x00000171   Thumb Code     2  startup_mkl25z4.o(.text)
    HardFault_Handler                        0x00000173   Thumb Code     2  startup_mkl25z4.o(.text)
    SVC_Handler                              0x00000175   Thumb Code     2  startup_mkl25z4.o(.text)
    PendSV_Handler                           0x00000177   Thumb Code     2  startup_mkl25z4.o(.text)
    ADC0_IRQHandler                          0x0000017b   Thumb Code     0  startup_mkl25z4.o(.text)
    CMP0_IRQHandler                          0x0000017b   Thumb Code     0  startup_mkl25z4.o(.text)
    DAC0_IRQHandler                          0x0000017b   Thumb Code     0  startup_mkl25z4.o(.text)
    DMA0_IRQHandler                          0x0000017b   Thumb Code     0  startup_mkl25z4.o(.text)
    DMA1_IRQHandler                          0x0000017b   Thumb Code     0  startup_mkl25z4.o(.text)
    DMA2_IRQHandler                          0x0000017b   Thumb Code     0  startup_mkl25z4.o(.text)
    DMA3_IRQHandler                          0x0000017b   Thumb Code     0  startup_mkl25z4.o(.text)
    DefaultISR                               0x0000017b   Thumb Code     0  startup_mkl25z4.o(.text)
    FTFA_IRQHandler                          0x0000017b   Thumb Code     0  startup_mkl25z4.o(.text)
    I2C0_IRQHandler                          0x0000017b   Thumb Code     0  startup_mkl25z4.o(.text)
    I2C1_IRQHandler                          0x0000017b   Thumb Code     0  startup_mkl25z4.o(.text)
    LLWU_IRQHandler                          0x0000017b   Thumb Code     0  startup_mkl25z4.o(.text)
    LPTMR0_IRQHandler                        0x0000017b   Thumb Code     0  startup_mkl25z4.o(.text)
    LVD_LVW_IRQHandler                       0x0000017b   Thumb Code     0  startup_mkl25z4.o(.text)
    MCG_IRQHandler                           0x0000017b   Thumb Code     0  startup_mkl25z4.o(.text)
    PIT_IRQHandler                           0x0000017b   Thumb Code     0  startup_mkl25z4.o(.text)
    PORTA_IRQHandler                         0x0000017b   Thumb Code     0  startup_mkl25z4.o(.text)
    PORTD_IRQHandler                         0x0000017b   Thumb Code     0  startup_mkl25z4.o(.text)
    RTC_IRQHandler                           0x0000017b   Thumb Code     0  startup_mkl25z4.o(.text)
    RTC_Seconds_IRQHandler                   0x0000017b   Thumb Code     0  startup_mkl25z4.o(.text)
    Reserved20_IRQHandler                    0x0000017b   Thumb Code     0  startup_mkl25z4.o(.text)
    Reserved39_IRQHandler                    0x0000017b   Thumb Code     0  startup_mkl25z4.o(.text)
    Reserved45_IRQHandler                    0x0000017b   Thumb Code     0  startup_mkl25z4.o(.text)
    SPI0_IRQHandler                          0x0000017b   Thumb Code     0  startup_mkl25z4.o(.text)
    SPI1_IRQHandler                          0x0000017b   Thumb Code     0  startup_mkl25z4.o(.text)
    TPM0_IRQHandler                          0x0000017b   Thumb Code     0  startup_mkl25z4.o(.text)
    TPM1_IRQHandler                          0x0000017b   Thumb Code     0  startup_mkl25z4.o(.text)
    TPM2_IRQHandler                          0x0000017b   Thumb Code     0  startup_mkl25z4.o(.text)
    TSI0_IRQHandler                          0x0000017b   Thumb Code     0  startup_mkl25z4.o(.text)
    UART0_IRQHandler                         0x0000017b   Thumb Code     0  startup_mkl25z4.o(.text)
    UART1_IRQHandler                         0x0000017b   Thumb Code     0  startup_mkl25z4.o(.text)
    UART2_IRQHandler                         0x0000017b   Thumb Code     0  startup_mkl25z4.o(.text)
    USB0_IRQHandler                          0x0000017b   Thumb Code     0  startup_mkl25z4.o(.text)
    __user_initial_stackheap                 0x00000181   Thumb Code     0  startup_mkl25z4.o(.text)
    __use_two_region_memory                  0x000001a5   Thumb Code     2  heapauxi.o(.text)
    __rt_heap_escrow$2region                 0x000001a7   Thumb Code     2  heapauxi.o(.text)
    __rt_heap_expand$2region                 0x000001a9   Thumb Code     2  heapauxi.o(.text)
    __aeabi_d2f                              0x000001ad   Thumb Code     0  d2f.o(.text)
    _d2f                                     0x000001ad   Thumb Code   120  d2f.o(.text)
    __aeabi_i2d_normalise                    0x00000229   Thumb Code    66  dflti.o(.text)
    __aeabi_i2d                              0x0000026b   Thumb Code    16  dflti.o(.text)
    _dflt                                    0x0000026b   Thumb Code     0  dflti.o(.text)
    __aeabi_ui2d                             0x0000027b   Thumb Code     6  dflti.o(.text)
    _dfltu                                   0x0000027b   Thumb Code     0  dflti.o(.text)
    __aeabi_f2d                              0x00000281   Thumb Code     0  f2d.o(.text)
    _f2d                                     0x00000281   Thumb Code    80  f2d.o(.text)
    __fpl_dcmp_InfNaN                        0x000002d5   Thumb Code   140  dcmpin.o(.text)
    __user_setup_stackheap                   0x00000365   Thumb Code    62  sys_stackheap_outer.o(.text)
    exit                                     0x000003a3   Thumb Code    16  exit.o(.text)
    __fpl_cmpreturn                          0x000003b3   Thumb Code    46  cmpret.o(.text)
    __fpl_dcheck_NaN2                        0x000003e1   Thumb Code    14  dnan2.o(.text)
    __user_libspace                          0x000003f5   Thumb Code     8  libspace.o(.text)
    __user_perproc_libspace                  0x000003f5   Thumb Code     0  libspace.o(.text)
    __user_perthread_libspace                0x000003f5   Thumb Code     0  libspace.o(.text)
    __I$use$semihosting                      0x000003fd   Thumb Code     0  use_no_semi.o(.text)
    __use_no_semihosting_swi                 0x000003fd   Thumb Code     2  use_no_semi.o(.text)
    __I$use$fp                               0x000003fe   Number         0  usenofp.o(x$fpl$usenofp)
    __semihosting_library_function           0x000003ff   Thumb Code     0  indicate_semi.o(.text)
    __aeabi_dadd                             0x00000709   Thumb Code     0  daddsub.o(.text)
    _dadd                                    0x00000709   Thumb Code    26  daddsub.o(.text)
    __aeabi_dsub                             0x00000723   Thumb Code     0  daddsub.o(.text)
    _dsub                                    0x00000723   Thumb Code    22  daddsub.o(.text)
    __aeabi_drsub                            0x00000739   Thumb Code     0  daddsub.o(.text)
    _drsb                                    0x00000739   Thumb Code    28  daddsub.o(.text)
    __aeabi_ddiv                             0x00000769   Thumb Code     0  ddiv.o(.text)
    _ddiv                                    0x00000769   Thumb Code  1072  ddiv.o(.text)
    _drdiv                                   0x00000b99   Thumb Code    20  ddiv.o(.text)
    __aeabi_dmul                             0x00000bb1   Thumb Code     0  dmul.o(.text)
    _dmul                                    0x00000bb1   Thumb Code   558  dmul.o(.text)
    __fpl_return_NaN                         0x00000df9   Thumb Code    94  retnan.o(.text)
    _sys_exit                                0x00000e59   Thumb Code     8  sys_exit.o(.text)
    ADC_Cal                                  0x00000e65   Thumb Code   120  adc.o(.text.ADC_Cal)
    Init_ADC                                 0x00000edd   Thumb Code    32  adc.o(.text.Init_ADC)
    Init_SysTick                             0x00000efd   Thumb Code    28  systick.o(.text.Init_SysTick)
    MeasureVoltageDiff                       0x00000f19   Thumb Code    32  adc.o(.text.MeasureVoltageDiff)
    SysTick_Handler                          0x00000f51   Thumb Code    20  systick.o(.text.SysTick_Handler)
    SystemInit                               0x00000f61   Thumb Code    12  system_mkl25z4.o(.text.SystemInit)
    init_ButtonGPIO                          0x00000f85   Thumb Code    60  main.o(.text.init_ButtonGPIO)
    init_ButtonState                         0x00000fbd   Thumb Code    24  main.o(.text.init_ButtonState)
    init_LED                                 0x00000fcd   Thumb Code    96  main.o(.text.init_LED)
    isPressed                                0x0000102d   Thumb Code    20  main.o(.text.isPressed)
    main                                     0x00001041   Thumb Code    92  main.o(.text.main)
    task1ButtonPress                         0x0000109d   Thumb Code   108  main.o(.text.task1ButtonPress)
    task3MeasureVoltageDiff                  0x00001105   Thumb Code   240  main.o(.text.task3MeasureVoltageDiff)
    waitSysTickCounter                       0x000011f5   Thumb Code    16  systick.o(.text.waitSysTickCounter)
    __aeabi_uidiv                            0x00001205   Thumb Code    68  aeabi_sdivfast.o(.text_divfast)
    __aeabi_idiv                             0x00001249   Thumb Code   426  aeabi_sdivfast.o(.text_divfast)
    __aeabi_dcmpge                           0x000013f3   Thumb Code     0  dcmp.o(i._dgeq)
    _dgeq                                    0x000013f3   Thumb Code    22  dcmp.o(i._dgeq)
    __aeabi_dcmple                           0x00001409   Thumb Code     0  dcmp.o(i._dleq)
    _dleq                                    0x00001409   Thumb Code    26  dcmp.o(i._dleq)
    _dcmpge                                  0x00001425   Thumb Code    94  dgef.o(x$fpl$dgeqf)
    __aeabi_cdcmple                          0x00001489   Thumb Code     0  dlef.o(x$fpl$dleqf)
    _dcmple                                  0x00001489   Thumb Code    94  dlef.o(x$fpl$dleqf)
    Region$$Table$$Base                      0x0000156c   Number         0  anon$$obj.o(Region$$Table)
    Region$$Table$$Limit                     0x0000158c   Number         0  anon$$obj.o(Region$$Table)
    SystemCoreClock                          0x1ffff000   Data           4  system_mkl25z4.o(.data.SystemCoreClock)
    __libspace_start                         0x1ffff008   Data          96  libspace.o(.bss)
    SysTickCounter                           0x1ffff068   Data           4  systick.o(.bss.SysTickCounter)
    __temporary_stack_top$libspace           0x1ffff068   Data           0  libspace.o(.bss)
    bounceCounter                            0x1ffff06c   Data           4  main.o(.bss.bounceCounter)
    buttonState                              0x1ffff070   Data           4  main.o(.bss.buttonState)
    calibrationFailed                        0x1ffff074   Data           1  main.o(.bss.calibrationFailed)
    dres                                     0x1ffff076   Data           2  adc.o(.bss.dres)
    measured_voltage                         0x1ffff078   Data           4  main.o(.bss.measured_voltage)
    pressed                                  0x1ffff07c   Data           1  main.o(.bss.pressed)



==============================================================================

Memory Map of the image

  Image Entry point : 0x00000165

  Load Region LR_1 (Base: 0x00000000, Size: 0x00001590, Max: 0xffffffff, ABSOLUTE)

    Execution Region ER_RO (Exec base: 0x00000000, Load base: 0x00000000, Size: 0x0000158c, Max: 0xffffffff, ABSOLUTE)

    Exec Addr    Load Addr    Size         Type   Attr      Idx    E Section Name        Object

    0x00000000   0x00000000   0x000000c0   Data   RO           82    RESET               startup_mkl25z4.o
    0x000000c0   0x000000c0   0x00000008   Code   RO          120  * !!!main             c_p.l(__main.o)
    0x000000c8   0x000000c8   0x0000003c   Code   RO          346    !!!scatter          c_p.l(__scatter.o)
    0x00000104   0x00000104   0x0000001a   Code   RO          348    !!handler_copy      c_p.l(__scatter_copy.o)
    0x0000011e   0x0000011e   0x00000002   PAD
    0x00000120   0x00000120   0x0000001c   Code   RO          350    !!handler_zi        c_p.l(__scatter_zi.o)
    0x0000013c   0x0000013c   0x00000002   Code   RO          203    .ARM.Collect$$libinit$$00000000  c_p.l(libinit.o)
    0x0000013e   0x0000013e   0x00000000   Code   RO          221    .ARM.Collect$$libinit$$00000002  c_p.l(libinit2.o)
    0x0000013e   0x0000013e   0x00000000   Code   RO          223    .ARM.Collect$$libinit$$00000004  c_p.l(libinit2.o)
    0x0000013e   0x0000013e   0x00000000   Code   RO          226    .ARM.Collect$$libinit$$0000000A  c_p.l(libinit2.o)
    0x0000013e   0x0000013e   0x00000000   Code   RO          228    .ARM.Collect$$libinit$$0000000C  c_p.l(libinit2.o)
    0x0000013e   0x0000013e   0x00000000   Code   RO          230    .ARM.Collect$$libinit$$0000000E  c_p.l(libinit2.o)
    0x0000013e   0x0000013e   0x00000000   Code   RO          233    .ARM.Collect$$libinit$$00000011  c_p.l(libinit2.o)
    0x0000013e   0x0000013e   0x00000000   Code   RO          235    .ARM.Collect$$libinit$$00000013  c_p.l(libinit2.o)
    0x0000013e   0x0000013e   0x00000000   Code   RO          237    .ARM.Collect$$libinit$$00000015  c_p.l(libinit2.o)
    0x0000013e   0x0000013e   0x00000000   Code   RO          239    .ARM.Collect$$libinit$$00000017  c_p.l(libinit2.o)
    0x0000013e   0x0000013e   0x00000000   Code   RO          241    .ARM.Collect$$libinit$$00000019  c_p.l(libinit2.o)
    0x0000013e   0x0000013e   0x00000000   Code   RO          243    .ARM.Collect$$libinit$$0000001B  c_p.l(libinit2.o)
    0x0000013e   0x0000013e   0x00000000   Code   RO          245    .ARM.Collect$$libinit$$0000001D  c_p.l(libinit2.o)
    0x0000013e   0x0000013e   0x00000000   Code   RO          247    .ARM.Collect$$libinit$$0000001F  c_p.l(libinit2.o)
    0x0000013e   0x0000013e   0x00000000   Code   RO          249    .ARM.Collect$$libinit$$00000021  c_p.l(libinit2.o)
    0x0000013e   0x0000013e   0x00000000   Code   RO          251    .ARM.Collect$$libinit$$00000023  c_p.l(libinit2.o)
    0x0000013e   0x0000013e   0x00000000   Code   RO          253    .ARM.Collect$$libinit$$00000025  c_p.l(libinit2.o)
    0x0000013e   0x0000013e   0x00000000   Code   RO          257    .ARM.Collect$$libinit$$0000002C  c_p.l(libinit2.o)
    0x0000013e   0x0000013e   0x00000000   Code   RO          259    .ARM.Collect$$libinit$$0000002E  c_p.l(libinit2.o)
    0x0000013e   0x0000013e   0x00000000   Code   RO          261    .ARM.Collect$$libinit$$00000030  c_p.l(libinit2.o)
    0x0000013e   0x0000013e   0x00000000   Code   RO          263    .ARM.Collect$$libinit$$00000032  c_p.l(libinit2.o)
    0x0000013e   0x0000013e   0x00000002   Code   RO          264    .ARM.Collect$$libinit$$00000033  c_p.l(libinit2.o)
    0x00000140   0x00000140   0x00000002   Code   RO          301    .ARM.Collect$$libshutdown$$00000000  c_p.l(libshutdown.o)
    0x00000142   0x00000142   0x00000000   Code   RO          329    .ARM.Collect$$libshutdown$$00000002  c_p.l(libshutdown2.o)
    0x00000142   0x00000142   0x00000000   Code   RO          331    .ARM.Collect$$libshutdown$$00000004  c_p.l(libshutdown2.o)
    0x00000142   0x00000142   0x00000000   Code   RO          334    .ARM.Collect$$libshutdown$$00000007  c_p.l(libshutdown2.o)
    0x00000142   0x00000142   0x00000000   Code   RO          337    .ARM.Collect$$libshutdown$$0000000A  c_p.l(libshutdown2.o)
    0x00000142   0x00000142   0x00000000   Code   RO          339    .ARM.Collect$$libshutdown$$0000000C  c_p.l(libshutdown2.o)
    0x00000142   0x00000142   0x00000000   Code   RO          342    .ARM.Collect$$libshutdown$$0000000F  c_p.l(libshutdown2.o)
    0x00000142   0x00000142   0x00000002   Code   RO          343    .ARM.Collect$$libshutdown$$00000010  c_p.l(libshutdown2.o)
    0x00000144   0x00000144   0x00000000   Code   RO          158    .ARM.Collect$$rtentry$$00000000  c_p.l(__rtentry.o)
    0x00000144   0x00000144   0x00000000   Code   RO          171    .ARM.Collect$$rtentry$$00000002  c_p.l(__rtentry2.o)
    0x00000144   0x00000144   0x00000006   Code   RO          183    .ARM.Collect$$rtentry$$00000004  c_p.l(__rtentry4.o)
    0x0000014a   0x0000014a   0x00000000   Code   RO          173    .ARM.Collect$$rtentry$$00000009  c_p.l(__rtentry2.o)
    0x0000014a   0x0000014a   0x00000004   Code   RO          174    .ARM.Collect$$rtentry$$0000000A  c_p.l(__rtentry2.o)
    0x0000014e   0x0000014e   0x00000000   Code   RO          176    .ARM.Collect$$rtentry$$0000000C  c_p.l(__rtentry2.o)
    0x0000014e   0x0000014e   0x00000008   Code   RO          177    .ARM.Collect$$rtentry$$0000000D  c_p.l(__rtentry2.o)
    0x00000156   0x00000156   0x00000002   Code   RO          212    .ARM.Collect$$rtexit$$00000000  c_p.l(rtexit.o)
    0x00000158   0x00000158   0x00000000   Code   RO          272    .ARM.Collect$$rtexit$$00000002  c_p.l(rtexit2.o)
    0x00000158   0x00000158   0x00000004   Code   RO          273    .ARM.Collect$$rtexit$$00000003  c_p.l(rtexit2.o)
    0x0000015c   0x0000015c   0x00000006   Code   RO          274    .ARM.Collect$$rtexit$$00000004  c_p.l(rtexit2.o)
    0x00000162   0x00000162   0x00000002   PAD
    0x00000164   0x00000164   0x00000040   Code   RO           84  * .text               startup_mkl25z4.o
    0x000001a4   0x000001a4   0x00000006   Code   RO          118    .text               c_p.l(heapauxi.o)
    0x000001aa   0x000001aa   0x00000002   PAD
    0x000001ac   0x000001ac   0x0000007c   Code   RO          122    .text               fz_ps.l(d2f.o)
    0x00000228   0x00000228   0x00000058   Code   RO          141    .text               fz_ps.l(dflti.o)
    0x00000280   0x00000280   0x00000054   Code   RO          145    .text               fz_ps.l(f2d.o)
    0x000002d4   0x000002d4   0x00000090   Code   RO          187    .text               fz_ps.l(dcmpin.o)
    0x00000364   0x00000364   0x0000003e   Code   RO          189    .text               c_p.l(sys_stackheap_outer.o)
    0x000003a2   0x000003a2   0x00000010   Code   RO          192    .text               c_p.l(exit.o)
    0x000003b2   0x000003b2   0x0000002e   Code   RO          204    .text               fz_ps.l(cmpret.o)
    0x000003e0   0x000003e0   0x00000014   Code   RO          206    .text               fz_ps.l(dnan2.o)
    0x000003f4   0x000003f4   0x00000008   Code   RO          208    .text               c_p.l(libspace.o)
    0x000003fc   0x000003fc   0x00000002   Code   RO          290    .text               c_p.l(use_no_semi.o)
    0x000003fe   0x000003fe   0x00000000   Code   RO          292    .text               c_p.l(indicate_semi.o)
    0x000003fe   0x000003fe   0x00000000   Code   RO          169    x$fpl$usenofp       fz_ps.l(usenofp.o)
    0x000003fe   0x000003fe   0x00000002   PAD
    0x00000400   0x00000400   0x00000010   Code   RO           83    .ARM.__at_0x400     startup_mkl25z4.o
    0x00000410   0x00000410   0x00000358   Code   RO          124    .text               fz_ps.l(daddsub.o)
    0x00000768   0x00000768   0x00000448   Code   RO          138    .text               fz_ps.l(ddiv.o)
    0x00000bb0   0x00000bb0   0x00000248   Code   RO          143    .text               fz_ps.l(dmul.o)
    0x00000df8   0x00000df8   0x0000005e   Code   RO          265    .text               fz_ps.l(retnan.o)
    0x00000e56   0x00000e56   0x00000002   PAD
    0x00000e58   0x00000e58   0x0000000c   Code   RO          267    .text               c_p.l(sys_exit.o)
    0x00000e64   0x00000e64   0x00000078   Code   RO            8    .text.ADC_Cal       adc.o
    0x00000edc   0x00000edc   0x00000020   Code   RO            2    .text.Init_ADC      adc.o
    0x00000efc   0x00000efc   0x0000001c   Code   RO           59    .text.Init_SysTick  systick.o
    0x00000f18   0x00000f18   0x00000018   Code   RO            6    .text.MeasureVoltageDiff  adc.o
    0x00000f30   0x00000f30   0x00000020   Code   RO           61    .text.SysTick_Config  systick.o
    0x00000f50   0x00000f50   0x00000010   Code   RO           63    .text.SysTick_Handler  systick.o
    0x00000f60   0x00000f60   0x0000000c   Code   RO           93    .text.SystemInit    system_mkl25z4.o
    0x00000f6c   0x00000f6c   0x00000018   Code   RO           67    .text.__NVIC_SetPriority  systick.o
    0x00000f84   0x00000f84   0x00000038   Code   RO           25    .text.init_ButtonGPIO  main.o
    0x00000fbc   0x00000fbc   0x00000010   Code   RO           29    .text.init_ButtonState  main.o
    0x00000fcc   0x00000fcc   0x00000060   Code   RO           23    .text.init_LED      main.o
    0x0000102c   0x0000102c   0x00000014   Code   RO           27    .text.isPressed     main.o
    0x00001040   0x00001040   0x0000005c   Code   RO           37    .text.main          main.o
    0x0000109c   0x0000109c   0x00000068   Code   RO           31    .text.task1ButtonPress  main.o
    0x00001104   0x00001104   0x000000f0   Code   RO           35    .text.task3MeasureVoltageDiff  main.o
    0x000011f4   0x000011f4   0x00000010   Code   RO           65    .text.waitSysTickCounter  systick.o
    0x00001204   0x00001204   0x000001ee   Code   RO          111    .text_divfast       c_p.l(aeabi_sdivfast.o)
    0x000013f2   0x000013f2   0x00000016   Code   RO          127    i._dgeq             fz_ps.l(dcmp.o)
    0x00001408   0x00001408   0x0000001a   Code   RO          129    i._dleq             fz_ps.l(dcmp.o)
    0x00001422   0x00001422   0x00000002   PAD
    0x00001424   0x00001424   0x00000064   Code   RO          165    x$fpl$dgeqf         fz_ps.l(dgef.o)
    0x00001488   0x00001488   0x00000064   Code   RO          167    x$fpl$dleqf         fz_ps.l(dlef.o)
    0x000014ec   0x000014ec   0x00000080   Data   RO          139    .constdata          fz_ps.l(ddiv.o)
    0x0000156c   0x0000156c   0x00000020   Data   RO          344    Region$$Table       anon$$obj.o


    Execution Region ER_RW (Exec base: 0x1ffff000, Load base: 0x0000158c, Size: 0x00000004, Max: 0xffffffff, ABSOLUTE)

    Exec Addr    Load Addr    Size         Type   Attr      Idx    E Section Name        Object

    0x1ffff000   0x0000158c   0x00000004   Data   RW           97    .data.SystemCoreClock  system_mkl25z4.o


    Execution Region ER_ZI (Exec base: 0x1ffff008, Load base: 0x00001590, Size: 0x00000178, Max: 0xffffffff, ABSOLUTE)

    Exec Addr    Load Addr    Size         Type   Attr      Idx    E Section Name        Object

    0x1ffff008        -       0x00000060   Zero   RW          209    .bss                c_p.l(libspace.o)
    0x1ffff068        -       0x00000004   Zero   RW           69    .bss.SysTickCounter  systick.o
    0x1ffff06c        -       0x00000004   Zero   RW           41    .bss.bounceCounter  main.o
    0x1ffff070        -       0x00000004   Zero   RW           39    .bss.buttonState    main.o
    0x1ffff074        -       0x00000001   Zero   RW           46    .bss.calibrationFailed  main.o
    0x1ffff075   0x00001590   0x00000001   PAD
    0x1ffff076        -       0x00000002   Zero   RW           11    .bss.dres           adc.o
    0x1ffff078        -       0x00000004   Zero   RW           43    .bss.measured_voltage  main.o
    0x1ffff07c        -       0x00000001   Zero   RW           40    .bss.pressed        main.o
    0x1ffff07d   0x00001590   0x00000003   PAD
    0x1ffff080        -       0x00000000   Zero   RW           81    HEAP                startup_mkl25z4.o
    0x1ffff080        -       0x00000100   Zero   RW           80    STACK               startup_mkl25z4.o


==============================================================================

Image component sizes


      Code (inc. data)   RO Data    RW Data    ZI Data      Debug   Object Name

       176         12          0          0          2       2930   adc.o
       624         96          0          0         14       4127   main.o
        80         44        192          0        256        868   startup_mkl25z4.o
        12          4          0          4          0       2771   system_mkl25z4.o
       116         16          0          0          4       3220   systick.o

    ----------------------------------------------------------------------
      1008        172        224          4        280      13916   Object Totals
         0          0         32          0          0          0   (incl. Generated)
         0          0          0          0          4          0   (incl. Padding)

    ----------------------------------------------------------------------

      Code (inc. data)   RO Data    RW Data    ZI Data      Debug   Library Member Name

         8          0          0          0          0         68   __main.o
         0          0          0          0          0          0   __rtentry.o
        12          0          0          0          0          0   __rtentry2.o
         6          0          0          0          0          0   __rtentry4.o
        60          8          0          0          0          0   __scatter.o
        26          0          0          0          0          0   __scatter_copy.o
        28          0          0          0          0          0   __scatter_zi.o
       494          0          0          0          0         92   aeabi_sdivfast.o
        16          0          0          0          0         68   exit.o
         6          0          0          0          0        136   heapauxi.o
         0          0          0          0          0          0   indicate_semi.o
         2          0          0          0          0          0   libinit.o
         2          0          0          0          0          0   libinit2.o
         2          0          0          0          0          0   libshutdown.o
         2          0          0          0          0          0   libshutdown2.o
         8          4          0          0         96         68   libspace.o
         2          0          0          0          0          0   rtexit.o
        10          0          0          0          0          0   rtexit2.o
        12          4          0          0          0         60   sys_exit.o
        62          0          0          0          0         80   sys_stackheap_outer.o
         2          0          0          0          0         68   use_no_semi.o
        46          0          0          0          0         60   cmpret.o
       124          4          0          0          0         72   d2f.o
       856         20          0          0          0        208   daddsub.o
        48          0          0          0          0        136   dcmp.o
       144          4          0          0          0         76   dcmpin.o
      1096         26        128          0          0        112   ddiv.o
        88          0          0          0          0         92   dflti.o
       100          4          0          0          0         92   dgef.o
       100          4          0          0          0         92   dlef.o
       584         26          0          0          0         84   dmul.o
        20          6          0          0          0         68   dnan2.o
        84          4          0          0          0         60   f2d.o
        94          0          0          0          0         68   retnan.o
         0          0          0          0          0          0   usenofp.o

    ----------------------------------------------------------------------
      4156        114        128          0         96       1860   Library Totals
        12          0          0          0          0          0   (incl. Padding)

    ----------------------------------------------------------------------

      Code (inc. data)   RO Data    RW Data    ZI Data      Debug   Library Name

       760         16          0          0         96        640   c_p.l
      3384         98        128          0          0       1220   fz_ps.l

    ----------------------------------------------------------------------
      4156        114        128          0         96       1860   Library Totals

    ----------------------------------------------------------------------

==============================================================================


      Code (inc. data)   RO Data    RW Data    ZI Data      Debug   

      5164        286        352          4        376      14952   Grand Totals
      5164        286        352          4        376      14952   ELF Image Totals
      5164        286        352          4          0          0   ROM Totals

==============================================================================

    Total RO  Size (Code + RO Data)                 5516 (   5.39kB)
    Total RW  Size (RW Data + ZI Data)               380 (   0.37kB)
    Total ROM Size (Code + RO Data + RW Data)       5520 (   5.39kB)

==============================================================================

